<html>
<body>
<pre>
<h1>µVision Build Log</h1>
<h2>Tool Versions:</h2>
IDE-Version: ¦ÌVision V5.20.0.0
Copyright (C) 2016 ARM Ltd and ARM Germany GmbH. All rights reserved.
License Information: 123 123, 123, LIC=9WSKC-73CC4-45HT5-GFMW1-KMD35-Y09TV
 
Tool Versions:
Toolchain:       MDK-ARM Plus  Version: 5.20
Toolchain Path:  D:\Keil_v5\ARM\ARMCC\Bin
C Compiler:      Armcc.exe V5.06 update 2 (build 183)
Assembler:       Armasm.exe V5.06 update 2 (build 183)
Linker/Locator:  ArmLink.exe V5.06 update 2 (build 183)
Library Manager: ArmAr.exe V5.06 update 2 (build 183)
Hex Converter:   FromElf.exe V5.06 update 2 (build 183)
CPU DLL:         SARMCM3.DLL V5.20
Dialog DLL:      DCM.DLL V1.13.7.0
Target DLL:      STLink\ST-LINKIII-KEIL_SWO.dll V2.0.18.0
Dialog DLL:      TCM.DLL V1.14.9.0
 
<h2>Project:</h2>
C:\Users\ahccqw\Desktop\SmartLife\SmartLife_v4.uvprojx
Project File Date:  03/20/2026

<h2>Output:</h2>
*** Using Compiler 'V5.06 update 2 (build 183)', folder: 'D:\Keil_v5\ARM\ARMCC\Bin'
Rebuild target 'SmartLife'
assembling startup_stm32f40xx.s...
compiling motor.c...
compiling spi1.c...
compiling system_stm32f4xx.c...
compiling delay.c...
compiling sterilize.c...
compiling led.c...
compiling systick.c...
compiling w25q64.c...
compiling key.c...
compiling dma.c...
compiling servo_motor.c...
compiling beep.c...
compiling rtc.c...
compiling usart1.c...
HARDWARE\src\usart1.c(66): warning:  #177-D: variable "addr" was declared but never referenced
  	static u32 addr = 0;
HARDWARE\src\usart1.c: 1 warning, 0 errors
compiling main.c...
USER\src\main.c(38): warning:  #177-D: variable "fp" was declared but never referenced
  	FIL fp;
USER\src\main.c(39): warning:  #177-D: variable "bw" was declared but never referenced
  	UINT bw,br;
USER\src\main.c(39): warning:  #177-D: variable "br" was declared but never referenced
  	UINT bw,br;
USER\src\main.c: 3 warnings, 0 errors
compiling misc.c...
compiling ws2812s.c...
compiling iic.c...
compiling time6.c...
compiling adc1.c...
compiling usart3spre.c...
compiling stm32f4xx_can.c...
compiling stm32f4xx_crc.c...
compiling infrared_tp.c...
compiling tphmsensor.c...
compiling stm32f4xx_adc.c...
compiling sd_driver.c...
compiling lcd.c...
compiling touch.c...
HARDWARE\src\touch.c(359): warning:  #177-D: variable "touch_processed" was declared but never referenced
  		 static u8	touch_processed = 1;
HARDWARE\src\touch.c: 1 warning, 0 errors
compiling usart2wifi.c...
HARDWARE\src\usart2wifi.c(138): warning:  #167-D: argument of type "u8 *" is incompatible with parameter of type "char *"
  	USART2_SendString(at);
HARDWARE\src\usart2wifi.c: 1 warning, 0 errors
compiling stm32f4xx_cryp_des.c...
compiling stm32f4xx_cryp_tdes.c...
compiling stm32f4xx_cryp.c...
compiling stm32f4xx_cryp_aes.c...
compiling stm32f4xx_dac.c...
compiling stm32f4xx_dbgmcu.c...
compiling stm32f4xx_dma2d.c...
compiling stm32f4xx_dcmi.c...
compiling stm32f4xx_exti.c...
compiling stm32f4xx_flash_ramfunc.c...
compiling stm32f4xx_dma.c...
compiling stm32f4xx_flash.c...
compiling stm32f4xx_hash_sha1.c...
compiling stm32f4xx_gpio.c...
compiling stm32f4xx_iwdg.c...
compiling stm32f4xx_hash.c...
compiling stm32f4xx_i2c.c...
compiling stm32f4xx_hash_md5.c...
compiling stm32f4xx_ltdc.c...
compiling stm32f4xx_pwr.c...
compiling stm32f4xx_rng.c...
compiling stm32f4xx_syscfg.c...
compiling stm32f4xx_rtc.c...
compiling stm32f4xx_sai.c...
compiling stm32f4xx_sdio.c...
compiling ffsystem.c...
compiling stm32f4xx_spi.c...
compiling stm32f4xx_rcc.c...
compiling ffunicode.c...
compiling stm32f4xx_usart.c...
compiling ff.c...
compiling stm32f4xx_wwdg.c...
compiling stm32f4xx_tim.c...
compiling mymalloc.c...
compiling i2s.c...
compiling exfuns.c...
compiling diskio.c...
FATFS\src\diskio.c(32): warning:  #177-D: variable "result" was declared but never referenced
  	int result;
FATFS\src\diskio.c(56): warning:  #177-D: variable "result" was declared but never referenced
  	int result;
FATFS\src\diskio.c(87): warning:  #188-D: enumerated type mixed with another type
  		res = SD_ReadDisk(buff, sector, count);
FATFS\src\diskio.c(81): warning:  #177-D: variable "result" was declared but never referenced
  	int result;
FATFS\src\diskio.c(118): warning:  #188-D: enumerated type mixed with another type
  		res = SD_WriteDisk((u8 *)buff, sector, count);
FATFS\src\diskio.c(121): warning:  #188-D: enumerated type mixed with another type
  			res = SD_WriteDisk((u8 *)buff, sector, count);
FATFS\src\diskio.c(113): warning:  #177-D: variable "result" was declared but never referenced
  	int result;
FATFS\src\diskio.c(144): warning:  #177-D: variable "result" was declared but never referenced
  	int result;
FATFS\src\diskio.c: 8 warnings, 0 errors
compiling revert.c...
compiling audioplay.c...
compiling wavplay.c...
compiling wm8978.c...
compiling wmiic.c...
linking...
Program Size: Code=15814 RO-data=534 RW-data=200 ZI-data=1115160  
".\Objects\SmartLife_v4.axf" - 0 Error(s), 14 Warning(s).

<h2>Collection of Component include folders:</h2>
  C:\Users\ahccqw\Desktop\SmartLife\RTE
  D:\Keil_v5\ARM\PACK\Keil\STM32F4xx_DFP\2.7.0\Drivers\CMSIS\Device\ST\STM32F4xx\Include

<h2>Collection of Component Files used:</h2>
Build Time Elapsed:  00:00:10
</pre>
</body>
</html>
