Component: ARM Compiler 5.06 update 2 (build 183) Tool: armlink [4d35b7]

==============================================================================

Section Cross References

    startup_stm32f40xx.o(RESET) refers to startup_stm32f40xx.o(STACK) for __initial_sp
    startup_stm32f40xx.o(RESET) refers to startup_stm32f40xx.o(.text) for Reset_Handler
    startup_stm32f40xx.o(RESET) refers to systick.o(i.SysTick_Handler) for SysTick_Handler
    startup_stm32f40xx.o(RESET) refers to rtc.o(i.RTC_WKUP_IRQHandler) for RTC_WKUP_IRQHandler
    startup_stm32f40xx.o(RESET) refers to i2s.o(i.DMA1_Stream4_IRQHandler) for DMA1_Stream4_IRQHandler
    startup_stm32f40xx.o(RESET) refers to usart1.o(i.USART1_IRQHandler) for USART1_IRQHandler
    startup_stm32f40xx.o(RESET) refers to usart3spre.o(i.USART3_IRQHandler) for USART3_IRQHandler
    startup_stm32f40xx.o(RESET) refers to rtc.o(i.RTC_Alarm_IRQHandler) for RTC_Alarm_IRQHandler
    startup_stm32f40xx.o(RESET) refers to time6.o(i.TIM6_DAC_IRQHandler) for TIM6_DAC_IRQHandler
    startup_stm32f40xx.o(.text) refers to system_stm32f4xx.o(i.SystemInit) for SystemInit
    startup_stm32f40xx.o(.text) refers to entry.o(.ARM.Collect$$$$00000000) for __main
    system_stm32f4xx.o(i.SystemCoreClockUpdate) refers to system_stm32f4xx.o(.data) for SystemCoreClock
    system_stm32f4xx.o(i.SystemInit) refers to system_stm32f4xx.o(i.SetSysClock) for SetSysClock
    main.o(i.main) refers to misc.o(i.NVIC_PriorityGroupConfig) for NVIC_PriorityGroupConfig
    main.o(i.main) refers to led.o(i.Led_Init) for Led_Init
    main.o(i.main) refers to beep.o(i.Beep_Init) for Beep_Init
    main.o(i.main) refers to key.o(i.Key_Init) for Key_Init
    main.o(i.main) refers to beep.o(i.Beep_Start) for Beep_Start
    main.o(i.main) refers to usart1.o(i.Usart1_Init) for Usart1_Init
    main.o(i.main) refers to iic.o(i.IIc_Init) for IIc_Init
    main.o(i.main) refers to ws2812s.o(i.Rgb_Init) for Rgb_Init
    main.o(i.main) refers to time6.o(i.Time6_Intrerpute) for Time6_Intrerpute
    main.o(i.main) refers to spi1.o(i.Spi1_Init) for Spi1_Init
    main.o(i.main) refers to lcd.o(i.LCD_Init) for LCD_Init
    main.o(i.main) refers to servo_motor.o(i.Tim2_ServoMotor_Init) for Tim2_ServoMotor_Init
    main.o(i.main) refers to usart3spre.o(i.Usart3_Init) for Usart3_Init
    main.o(i.main) refers to motor.o(i.Tim3_DcMotor_Init) for Tim3_DcMotor_Init
    main.o(i.main) refers to touch.o(i.Touch_Init) for Touch_Init
    main.o(i.main) refers to adc1.o(i.ADC1_Init) for ADC1_Init
    main.o(i.main) refers to dma.o(i.ADC1_DMA2_Stream0_CH0_Init) for ADC1_DMA2_Stream0_CH0_Init
    main.o(i.main) refers to wm8978.o(i.WM8978_Init) for WM8978_Init
    main.o(i.main) refers to wm8978.o(i.WM8978_HPvol_Set) for WM8978_HPvol_Set
    main.o(i.main) refers to wm8978.o(i.WM8978_SPKvol_Set) for WM8978_SPKvol_Set
    main.o(i.main) refers to wm8978.o(i.WM8978_ADDA_Cfg) for WM8978_ADDA_Cfg
    main.o(i.main) refers to wm8978.o(i.WM8978_Input_Cfg) for WM8978_Input_Cfg
    main.o(i.main) refers to wm8978.o(i.WM8978_Output_Cfg) for WM8978_Output_Cfg
    main.o(i.main) refers to wm8978.o(i.WM8978_I2S_Cfg) for WM8978_I2S_Cfg
    main.o(i.main) refers to i2s.o(i.I2S2_Init) for I2S2_Init
    main.o(i.main) refers to i2s.o(i.I2S2_SampleRate_Set) for I2S2_SampleRate_Set
    main.o(i.main) refers to i2s.o(i.I2S2_TX_DMA_Init) for I2S2_TX_DMA_Init
    main.o(i.main) refers to ff.o(i.f_mount) for f_mount
    main.o(i.main) refers to printf8.o(i.__0printf$8) for __2printf
    main.o(i.main) refers to usart3spre.o(i.Voice_Control) for Voice_Control
    main.o(i.main) refers to touch.o(i.Touch_Coordinates) for Touch_Coordinates
    main.o(i.main) refers to touch.o(i.Touch_Range) for Touch_Range
    main.o(i.main) refers to wavplay.o(.data) for status_dev
    delay.o(i.Delay_Ms) refers to delay.o(i.Delay_Us) for Delay_Us
    dma.o(i.ADC1_DMA2_Stream0_CH0_Init) refers to stm32f4xx_adc.o(i.ADC_DMACmd) for ADC_DMACmd
    dma.o(i.ADC1_DMA2_Stream0_CH0_Init) refers to stm32f4xx_adc.o(i.ADC_DMARequestAfterLastTransferCmd) for ADC_DMARequestAfterLastTransferCmd
    dma.o(i.ADC1_DMA2_Stream0_CH0_Init) refers to stm32f4xx_rcc.o(i.RCC_AHB1PeriphClockCmd) for RCC_AHB1PeriphClockCmd
    dma.o(i.ADC1_DMA2_Stream0_CH0_Init) refers to stm32f4xx_dma.o(i.DMA_Cmd) for DMA_Cmd
    dma.o(i.ADC1_DMA2_Stream0_CH0_Init) refers to stm32f4xx_dma.o(i.DMA_GetCmdStatus) for DMA_GetCmdStatus
    dma.o(i.ADC1_DMA2_Stream0_CH0_Init) refers to memseta.o(.text) for __aeabi_memclr4
    dma.o(i.ADC1_DMA2_Stream0_CH0_Init) refers to stm32f4xx_dma.o(i.DMA_Init) for DMA_Init
    systick.o(i.SysTick_Handler) refers to printf8.o(i.__0printf$8) for __2printf
    systick.o(i.SysTick_Handler) refers to systick.o(.data) for tick
    systick.o(i.SysTick_Intrerput_Init) refers to misc.o(i.SysTick_CLKSourceConfig) for SysTick_CLKSourceConfig
    rtc.o(i.RTC_Alarm_IRQHandler) refers to stm32f4xx_rtc.o(i.RTC_GetITStatus) for RTC_GetITStatus
[...]
    i.Wav_BuffFill                           0x080037c4   Section        0  wavplay.o(i.Wav_BuffFill)
    i.Wav_DecodeInit                         0x08003804   Section        0  wavplay.o(i.Wav_DecodeInit)
    i.Wav_GetCurtime                         0x0800391c   Section        0  wavplay.o(i.Wav_GetCurtime)
    i.Wav_I2sDmaTx_Callback                  0x08003968   Section        0  wavplay.o(i.Wav_I2sDmaTx_Callback)
    i.Wav_PlaySong                           0x080039c8   Section        0  wavplay.o(i.Wav_PlaySong)
    i.__0printf$8                            0x08003bc4   Section        0  printf8.o(i.__0printf$8)
    i.__0sprintf$8                           0x08003be4   Section        0  printf8.o(i.__0sprintf$8)
    i.__scatterload_copy                     0x08003c0c   Section       14  handlers.o(i.__scatterload_copy)
    i.__scatterload_null                     0x08003c1a   Section        2  handlers.o(i.__scatterload_null)
    i.__scatterload_zeroinit                 0x08003c1c   Section       14  handlers.o(i.__scatterload_zeroinit)
    i._printf_core                           0x08003c2c   Section        0  printf8.o(i._printf_core)
    _printf_core                             0x08003c2d   Thumb Code   996  printf8.o(i._printf_core)
    i._printf_post_padding                   0x0800403c   Section        0  printf8.o(i._printf_post_padding)
    _printf_post_padding                     0x0800403d   Thumb Code    36  printf8.o(i._printf_post_padding)
    i._printf_pre_padding                    0x08004060   Section        0  printf8.o(i._printf_pre_padding)
    _printf_pre_padding                      0x08004061   Thumb Code    46  printf8.o(i._printf_pre_padding)
    i._sputc                                 0x0800408e   Section        0  printf8.o(i._sputc)
    _sputc                                   0x0800408f   Thumb Code    10  printf8.o(i._sputc)
    i.char_upper                             0x08004098   Section        0  exfuns.o(i.char_upper)
    i.check_fs                               0x080040b4   Section        0  ff.o(i.check_fs)
    check_fs                                 0x080040b5   Thumb Code   210  ff.o(i.check_fs)
    i.clst2sect                              0x08004194   Section        0  ff.o(i.clst2sect)
    clst2sect                                0x08004195   Thumb Code    26  ff.o(i.clst2sect)
    i.cmp_lfn                                0x080041b0   Section        0  ff.o(i.cmp_lfn)
    cmp_lfn                                  0x080041b1   Thumb Code   148  ff.o(i.cmp_lfn)
    i.create_chain                           0x08004248   Section        0  ff.o(i.create_chain)
    create_chain                             0x08004249   Thumb Code   288  ff.o(i.create_chain)
    i.create_name                            0x08004368   Section        0  ff.o(i.create_name)
    create_name                              0x08004369   Thumb Code   584  ff.o(i.create_name)
    i.dbc_1st                                0x080045c4   Section        0  ff.o(i.dbc_1st)
    dbc_1st                                  0x080045c5   Thumb Code    46  ff.o(i.dbc_1st)
    i.dbc_2nd                                0x080045f8   Section        0  ff.o(i.dbc_2nd)
    dbc_2nd                                  0x080045f9   Thumb Code    66  ff.o(i.dbc_2nd)
    i.dir_alloc                              0x08004640   Section        0  ff.o(i.dir_alloc)
    dir_alloc                                0x08004641   Thumb Code    96  ff.o(i.dir_alloc)
    i.dir_clear                              0x080046a0   Section        0  ff.o(i.dir_clear)
    dir_clear                                0x080046a1   Thumb Code   194  ff.o(i.dir_clear)
    i.dir_find                               0x08004762   Section        0  ff.o(i.dir_find)
    dir_find                                 0x08004763   Thumb Code   252  ff.o(i.dir_find)
    i.dir_next                               0x0800485e   Section        0  ff.o(i.dir_next)
    dir_next                                 0x0800485f   Thumb Code   202  ff.o(i.dir_next)
    i.dir_register                           0x08004928   Section        0  ff.o(i.dir_register)
    dir_register                             0x08004929   Thumb Code   326  ff.o(i.dir_register)
    i.dir_sdi                                0x08004a6e   Section        0  ff.o(i.dir_sdi)
    i.disk_initialize                        0x08004b08   Section        0  diskio.o(i.disk_initialize)
    i.disk_ioctl                             0x08004b1c   Section        0  diskio.o(i.disk_ioctl)
    i.disk_read                              0x08004b68   Section        0  diskio.o(i.disk_read)
    i.disk_status                            0x08004b8c   Section        0  diskio.o(i.disk_status)
    i.disk_write                             0x08004b98   Section        0  diskio.o(i.disk_write)
    i.f_close                                0x08004bce   Section        0  ff.o(i.f_close)
    i.f_lseek                                0x08004bf0   Section        0  ff.o(i.f_lseek)
    i.f_mount                                0x08004d74   Section        0  ff.o(i.f_mount)
    i.f_open                                 0x08004dc8   Section        0  ff.o(i.f_open)
    i.f_read                                 0x08004fda   Section        0  ff.o(i.f_read)
    i.f_sync                                 0x08005176   Section        0  ff.o(i.f_sync)
    i.f_typetell                             0x08005218   Section        0  exfuns.o(i.f_typetell)
    i.ff_memalloc                            0x080052d0   Section        0  ffsystem.o(i.ff_memalloc)
    i.ff_memfree                             0x080052dc   Section        0  ffsystem.o(i.ff_memfree)
    i.ff_oem2uni                             0x080052e8   Section        0  ffunicode.o(i.ff_oem2uni)
    i.ff_uni2oem                             0x08005350   Section        0  ffunicode.o(i.ff_uni2oem)
    i.ff_wtoupper                            0x080053c4   Section        0  ffunicode.o(i.ff_wtoupper)
    i.find_volume                            0x08005474   Section        0  ff.o(i.find_volume)
    find_volume                              0x08005475   Thumb Code   120  ff.o(i.find_volume)
    i.follow_path                            0x080054ec   Section        0  ff.o(i.follow_path)
    follow_path                              0x080054ed   Thumb Code   158  ff.o(i.follow_path)
    i.fputc                                  0x0800558a   Section        0  usart1.o(i.fputc)
    i.free                                   0x0800559c   Section        0  malloc.o(i.free)
    i.gen_numname                            0x080055ec   Section        0  ff.o(i.gen_numname)
    gen_numname                              0x080055ed   Thumb Code   206  ff.o(i.gen_numname)
    i.get_fat                                0x080056c0   Section        0  ff.o(i.get_fat)
    get_fat                                  0x080056c1   Thumb Code   224  ff.o(i.get_fat)
    i.get_fattime                            0x080057a0   Section        0  diskio.o(i.get_fattime)
    i.get_ldnumber                           0x080057e4   Section        0  ff.o(i.get_ldnumber)
    get_ldnumber                             0x080057e5   Thumb Code    78  ff.o(i.get_ldnumber)
    i.lcd_Port_Init                          0x08005834   Section        0  lcd.o(i.lcd_Port_Init)
    i.ld_clust                               0x08005888   Section        0  ff.o(i.ld_clust)
    ld_clust                                 0x08005889   Thumb Code    38  ff.o(i.ld_clust)
    i.ld_dword                               0x080058ae   Section        0  ff.o(i.ld_dword)
    ld_dword                                 0x080058af   Thumb Code    24  ff.o(i.ld_dword)
    i.ld_word                                0x080058c6   Section        0  ff.o(i.ld_word)
    ld_word                                  0x080058c7   Thumb Code    12  ff.o(i.ld_word)
    i.main                                   0x080058d4   Section        0  main.o(i.main)
    i.malloc                                 0x080059f8   Section        0  malloc.o(i.malloc)
    i.mount_volume                           0x08005a64   Section        0  ff.o(i.mount_volume)
    mount_volume                             0x08005a65   Thumb Code   658  ff.o(i.mount_volume)
    i.move_window                            0x08005d0c   Section        0  ff.o(i.move_window)
    move_window                              0x08005d0d   Thumb Code    52  ff.o(i.move_window)
    i.my_mem_free                            0x08005d40   Section        0  mymalloc.o(i.my_mem_free)
    i.my_mem_init                            0x08005dac   Section        0  mymalloc.o(i.my_mem_init)
    i.my_mem_malloc                          0x08005df0   Section        0  mymalloc.o(i.my_mem_malloc)
    i.my_mem_perused                         0x08005e98   Section        0  mymalloc.o(i.my_mem_perused)
    i.myfree                                 0x08005ed8   Section        0  mymalloc.o(i.myfree)
    i.mymalloc                               0x08005efc   Section        0  mymalloc.o(i.mymalloc)
    i.mymemset                               0x08005f24   Section        0  mymalloc.o(i.mymemset)
    i.put_fat                                0x08005f38   Section        0  ff.o(i.put_fat)
    put_fat                                  0x08005f39   Thumb Code   312  ff.o(i.put_fat)
    i.put_lfn                                0x08006070   Section        0  ff.o(i.put_lfn)
    put_lfn                                  0x08006071   Thumb Code   124  ff.o(i.put_lfn)
    i.remove_chain                           0x080060f0   Section        0  ff.o(i.remove_chain)
    remove_chain                             0x080060f1   Thumb Code   154  ff.o(i.remove_chain)
    i.st_clust                               0x0800618a   Section        0  ff.o(i.st_clust)
    st_clust                                 0x0800618b   Thumb Code    36  ff.o(i.st_clust)
    i.st_dword                               0x080061ae   Section        0  ff.o(i.st_dword)
    st_dword                                 0x080061af   Thumb Code    24  ff.o(i.st_dword)
    i.st_word                                0x080061c6   Section        0  ff.o(i.st_word)
    st_word                                  0x080061c7   Thumb Code    12  ff.o(i.st_word)
    i.sum_sfn                                0x080061d2   Section        0  ff.o(i.sum_sfn)
    sum_sfn                                  0x080061d3   Thumb Code    32  ff.o(i.sum_sfn)
    i.sync_fs                                0x080061f4   Section        0  ff.o(i.sync_fs)
    sync_fs                                  0x080061f5   Thumb Code   132  ff.o(i.sync_fs)
    i.sync_window                            0x08006280   Section        0  ff.o(i.sync_window)
    sync_window                              0x08006281   Thumb Code    74  ff.o(i.sync_window)
    i.tchar2uni                              0x080062ca   Section        0  ff.o(i.tchar2uni)
    tchar2uni                                0x080062cb   Thumb Code    76  ff.o(i.tchar2uni)
    i.validate                               0x08006316   Section        0  ff.o(i.validate)
    validate                                 0x08006317   Thumb Code    60  ff.o(i.validate)
    i.w25_Re_Free                            0x08006354   Section        0  w25q64.o(i.w25_Re_Free)
    i.w25_Wr_Ct                              0x08006388   Section        0  w25q64.o(i.w25_Wr_Ct)
    i.w25_Wr_Enable                          0x08006410   Section        0  w25q64.o(i.w25_Wr_Enable)
    .constdata                               0x08006430   Section    407144  lcd.o(.constdata)
    .constdata                               0x08069a98   Section       23  ff.o(.constdata)
    LfnOfs                                   0x08069a98   Data          13  ff.o(.constdata)
    DbcTbl                                   0x08069aa5   Data          10  ff.o(.constdata)
    .constdata                               0x08069ab0   Section    175030  ffunicode.o(.constdata)
    uni2oem936                               0x08069ab0   Data       87172  ffunicode.o(.constdata)
    oem2uni936                               0x0807ef34   Data       87172  ffunicode.o(.constdata)
    cvt1                                     0x080943b8   Data         498  ffunicode.o(.constdata)
    cvt2                                     0x080945aa   Data         188  ffunicode.o(.constdata)
    .constdata                               0x08094668   Section      112  exfuns.o(.constdata)
    .constdata                               0x080946d8   Section      110  i2s.o(.constdata)
    .constdata                               0x08094748   Section       36  mymalloc.o(.constdata)
    .conststring                             0x0809476c   Section       68  exfuns.o(.conststring)
    .ARM.__AT_0x10000000                     0x10000000   Section    61440  mymalloc.o(.ARM.__AT_0x10000000)
    .ARM.__AT_0x1000F000                     0x1000f000   Section     3840  mymalloc.o(.ARM.__AT_0x1000F000)
    .data                                    0x20000000   Section        4  systick.o(.data)
    tick                                     0x20000000   Data           4  systick.o(.data)
    .data                                    0x20000004   Section       37  rtc.o(.data)
    .data                                    0x2000002c   Section        4  usart1.o(.data)
    addr                                     0x2000002c   Data           4  usart1.o(.data)
    .data                                    0x20000030   Section        2  w25q64.o(.data)
    .data                                    0x20000032   Section        3  touch.o(.data)
    first_run                                0x20000032   Data           1  touch.o(.data)
    touch_processed                          0x20000033   Data           1  touch.o(.data)
    touch_processed                          0x20000034   Data           1  touch.o(.data)
    .data                                    0x20000035   Section        1  sd_driver.o(.data)
    .data                                    0x20000036   Section       16  stm32f4xx_rcc.o(.data)
    APBAHBPrescTable                         0x20000036   Data          16  stm32f4xx_rcc.o(.data)
    .data                                    0x20000048   Section        6  ff.o(.data)
    FatFs                                    0x20000048   Data           4  ff.o(.data)
    Fsid                                     0x2000004c   Data           2  ff.o(.data)
    .data                                    0x20000050   Section        4  i2s.o(.data)
    .data                                    0x20000054   Section       36  mymalloc.o(.data)
    .data                                    0x20000078   Section        6  wavplay.o(.data)
    .data                                    0x2000007e   Section      116  wm8978.o(.data)
    WM8978_REGVAL_TBL                        0x2000007e   Data         116  wm8978.o(.data)
    .data                                    0x200000f4   Section        4  stdout.o(.data)
    .data                                    0x200000f8   Section        4  mvars.o(.data)
    .data                                    0x200000fc   Section        4  mvars.o(.data)
    .bss                                     0x20000100   Section       14  touch.o(.bss)
    .bss                                     0x2000010e   Section       14  usart3spre.o(.bss)
    .bss                                     0x2000011c   Section       17  audioplay.o(.bss)
    .bss                                     0x20000140   Section    108800  mymalloc.o(.bss)
    .bss                                     0x2001aa40   Section       32  wavplay.o(.bss)
    HEAP                                     0x2001aa60   Section     8192  startup_stm32f40xx.o(HEAP)
    STACK                                    0x2001ca60   Section     4096  startup_stm32f40xx.o(STACK)
    .ARM.__AT_0x68000000                     0x68000000   Section    983040  mymalloc.o(.ARM.__AT_0x68000000)
    .ARM.__AT_0x680F0000                     0x680f0000   Section    61440  mymalloc.o(.ARM.__AT_0x680F0000)

    Global Symbols

    Symbol Name                              Value     Ov Type        Size  Object(Section)

    BuildAttributes$$THM_ISAv4$E$P$D$K$B$S$7EM$VFPi3$EXTD16$VFPS$VFMA$PE$A:L22UL41UL21$X:L11$S22US41US21$IEEE1$IW$USESV6$~STKCKD$USESV7$~SHL$OSPACE$ROPI$EBA8$MICROLIB$REQ8$PRES8$EABIv2 0x00000000   Number         0  anon$$obj.o ABSOLUTE
    __ARM_use_no_argv                        0x00000000   Number         0  main.o ABSOLUTE
    _printf_a                                0x00000000   Number         0  stubs.o ABSOLUTE
    _printf_c                                0x00000000   Number         0  stubs.o ABSOLUTE
    _printf_charcount                        0x00000000   Number         0  stubs.o ABSOLUTE
    _printf_d                                0x00000000   Number         0  stubs.o ABSOLUTE
    _printf_e                                0x00000000   Number         0  stubs.o ABSOLUTE
    _printf_f                                0x00000000   Number         0  stubs.o ABSOLUTE
    _printf_flags                            0x00000000   Number         0  stubs.o ABSOLUTE
    _printf_fp_dec                           0x00000000   Number         0  stubs.o ABSOLUTE
    _printf_fp_hex                           0x00000000   Number         0  stubs.o ABSOLUTE
    _printf_g                                0x00000000   Number         0  stubs.o ABSOLUTE
    _printf_i                                0x00000000   Number         0  stubs.o ABSOLUTE
    _printf_int_dec                          0x00000000   Number         0  stubs.o ABSOLUTE
    _printf_l                                0x00000000   Number         0  stubs.o ABSOLUTE
    _printf_lc                               0x00000000   Number         0  stubs.o ABSOLUTE
    _printf_ll                               0x00000000   Number         0  stubs.o ABSOLUTE
    _printf_lld                              0x00000000   Number         0  stubs.o ABSOLUTE
    _printf_lli                              0x00000000   Number         0  stubs.o ABSOLUTE
    _printf_llo                              0x00000000   Number         0  stubs.o ABSOLUTE
    _printf_llu                              0x00000000   Number         0  stubs.o ABSOLUTE
    _printf_llx                              0x00000000   Number         0  stubs.o ABSOLUTE
    _printf_longlong_dec                     0x00000000   Number         0  stubs.o ABSOLUTE
    _printf_longlong_hex                     0x00000000   Number         0  stubs.o ABSOLUTE
    _printf_longlong_oct                     0x00000000   Number         0  stubs.o ABSOLUTE
    _printf_ls                               0x00000000   Number         0  stubs.o ABSOLUTE
    _printf_mbtowc                           0x00000000   Number         0  stubs.o ABSOLUTE
    _printf_n                                0x00000000   Number         0  stubs.o ABSOLUTE
    _printf_o                                0x00000000   Number         0  stubs.o ABSOLUTE
    _printf_p                                0x00000000   Number         0  stubs.o ABSOLUTE
    _printf_percent                          0x00000000   Number         0  stubs.o ABSOLUTE
    _printf_pre_padding                      0x00000000   Number         0  stubs.o ABSOLUTE
    _printf_return_value                     0x00000000   Number         0  stubs.o ABSOLUTE
    _printf_s                                0x00000000   Number         0  stubs.o ABSOLUTE
    _printf_sizespec                         0x00000000   Number         0  stubs.o ABSOLUTE
    _printf_str                              0x00000000   Number         0  stubs.o ABSOLUTE
    _printf_truncate_signed                  0x00000000   Number         0  stubs.o ABSOLUTE
    _printf_truncate_unsigned                0x00000000   Number         0  stubs.o ABSOLUTE
    _printf_u                                0x00000000   Number         0  stubs.o ABSOLUTE
    _printf_wc                               0x00000000   Number         0  stubs.o ABSOLUTE
    _printf_wctomb                           0x00000000   Number         0  stubs.o ABSOLUTE
    _printf_widthprec                        0x00000000   Number         0  stubs.o ABSOLUTE
    _printf_x                                0x00000000   Number         0  stubs.o ABSOLUTE
    __cpp_initialize__aeabi_                  - Undefined Weak Reference
    __cxa_finalize                            - Undefined Weak Reference
    __decompress                              - Undefined Weak Reference
    _clock_init                               - Undefined Weak Reference
    _microlib_exit                            - Undefined Weak Reference
    __Vectors_Size                           0x00000188   Number         0  startup_stm32f40xx.o ABSOLUTE
    __Vectors                                0x08000000   Data           4  startup_stm32f40xx.o(RESET)
    __Vectors_End                            0x08000188   Data           0  startup_stm32f40xx.o(RESET)
    __main                                   0x08000189   Thumb Code     0  entry.o(.ARM.Collect$$$$00000000)
    _main_stk                                0x08000189   Thumb Code     0  entry2.o(.ARM.Collect$$$$00000001)
    _main_scatterload                        0x0800018d   Thumb Code     0  entry5.o(.ARM.Collect$$$$00000004)
    __main_after_scatterload                 0x08000191   Thumb Code     0  entry5.o(.ARM.Collect$$$$00000004)
    _main_clock                              0x08000191   Thumb Code     0  entry7b.o(.ARM.Collect$$$$00000008)
    _main_cpp_init                           0x08000191   Thumb Code     0  entry8b.o(.ARM.Collect$$$$0000000A)
    _main_init                               0x08000191   Thumb Code     0  entry9a.o(.ARM.Collect$$$$0000000B)
    __rt_final_cpp                           0x08000199   Thumb Code     0  entry10a.o(.ARM.Collect$$$$0000000D)
    __rt_final_exit                          0x08000199   Thumb Code     0  entry11a.o(.ARM.Collect$$$$0000000F)
    Reset_Handler                            0x0800019d   Thumb Code     8  startup_stm32f40xx.o(.text)
    NMI_Handler                              0x080001a5   Thumb Code     2  startup_stm32f40xx.o(.text)
    HardFault_Handler                        0x080001a7   Thumb Code     2  startup_stm32f40xx.o(.text)
    MemManage_Handler                        0x080001a9   Thumb Code     2  startup_stm32f40xx.o(.text)
    BusFault_Handler                         0x080001ab   Thumb Code     2  startup_stm32f40xx.o(.text)
    UsageFault_Handler                       0x080001ad   Thumb Code     2  startup_stm32f40xx.o(.text)
    SVC_Handler                              0x080001af   Thumb Code     2  startup_stm32f40xx.o(.text)
    DebugMon_Handler                         0x080001b1   Thumb Code     2  startup_stm32f40xx.o(.text)
    PendSV_Handler                           0x080001b3   Thumb Code     2  startup_stm32f40xx.o(.text)
    ADC_IRQHandler                           0x080001b7   Thumb Code     0  startup_stm32f40xx.o(.text)
    CAN1_RX0_IRQHandler                      0x080001b7   Thumb Code     0  startup_stm32f40xx.o(.text)
    CAN1_RX1_IRQHandler                      0x080001b7   Thumb Code     0  startup_stm32f40xx.o(.text)
    CAN1_SCE_IRQHandler                      0x080001b7   Thumb Code     0  startup_stm32f40xx.o(.text)
    CAN1_TX_IRQHandler                       0x080001b7   Thumb Code     0  startup_stm32f40xx.o(.text)
    CAN2_RX0_IRQHandler                      0x080001b7   Thumb Code     0  startup_stm32f40xx.o(.text)
    CAN2_RX1_IRQHandler                      0x080001b7   Thumb Code     0  startup_stm32f40xx.o(.text)
    CAN2_SCE_IRQHandler                      0x080001b7   Thumb Code     0  startup_stm32f40xx.o(.text)
    CAN2_TX_IRQHandler                       0x080001b7   Thumb Code     0  startup_stm32f40xx.o(.text)
    CRYP_IRQHandler                          0x080001b7   Thumb Code     0  startup_stm32f40xx.o(.text)
    DCMI_IRQHandler                          0x080001b7   Thumb Code     0  startup_stm32f40xx.o(.text)
    DMA1_Stream0_IRQHandler                  0x080001b7   Thumb Code     0  startup_stm32f40xx.o(.text)
    DMA1_Stream1_IRQHandler                  0x080001b7   Thumb Code     0  startup_stm32f40xx.o(.text)
    DMA1_Stream2_IRQHandler                  0x080001b7   Thumb Code     0  startup_stm32f40xx.o(.text)
    DMA1_Stream3_IRQHandler                  0x080001b7   Thumb Code     0  startup_stm32f40xx.o(.text)
    DMA1_Stream5_IRQHandler                  0x080001b7   Thumb Code     0  startup_stm32f40xx.o(.text)
    DMA1_Stream6_IRQHandler                  0x080001b7   Thumb Code     0  startup_stm32f40xx.o(.text)
    DMA1_Stream7_IRQHandler                  0x080001b7   Thumb Code     0  startup_stm32f40xx.o(.text)
    DMA2_Stream0_IRQHandler                  0x080001b7   Thumb Code     0  startup_stm32f40xx.o(.text)
    DMA2_Stream1_IRQHandler                  0x080001b7   Thumb Code     0  startup_stm32f40xx.o(.text)
    DMA2_Stream2_IRQHandler                  0x080001b7   Thumb Code     0  startup_stm32f40xx.o(.text)
    DMA2_Stream3_IRQHandler                  0x080001b7   Thumb Code     0  startup_stm32f40xx.o(.text)
    DMA2_Stream4_IRQHandler                  0x080001b7   Thumb Code     0  startup_stm32f40xx.o(.text)
    DMA2_Stream5_IRQHandler                  0x080001b7   Thumb Code     0  startup_stm32f40xx.o(.text)
    DMA2_Stream6_IRQHandler                  0x080001b7   Thumb Code     0  startup_stm32f40xx.o(.text)
    DMA2_Stream7_IRQHandler                  0x080001b7   Thumb Code     0  startup_stm32f40xx.o(.text)
    ETH_IRQHandler                           0x080001b7   Thumb Code     0  startup_stm32f40xx.o(.text)
    ETH_WKUP_IRQHandler                      0x080001b7   Thumb Code     0  startup_stm32f40xx.o(.text)
    EXTI0_IRQHandler                         0x080001b7   Thumb Code     0  startup_stm32f40xx.o(.text)
    EXTI15_10_IRQHandler                     0x080001b7   Thumb Code     0  startup_stm32f40xx.o(.text)
    EXTI1_IRQHandler                         0x080001b7   Thumb Code     0  startup_stm32f40xx.o(.text)
    EXTI2_IRQHandler                         0x080001b7   Thumb Code     0  startup_stm32f40xx.o(.text)
    EXTI3_IRQHandler                         0x080001b7   Thumb Code     0  startup_stm32f40xx.o(.text)
    EXTI4_IRQHandler                         0x080001b7   Thumb Code     0  startup_stm32f40xx.o(.text)
    EXTI9_5_IRQHandler                       0x080001b7   Thumb Code     0  startup_stm32f40xx.o(.text)
    FLASH_IRQHandler                         0x080001b7   Thumb Code     0  startup_stm32f40xx.o(.text)
    FPU_IRQHandler                           0x080001b7   Thumb Code     0  startup_stm32f40xx.o(.text)
    FSMC_IRQHandler                          0x080001b7   Thumb Code     0  startup_stm32f40xx.o(.text)
    HASH_RNG_IRQHandler                      0x080001b7   Thumb Code     0  startup_stm32f40xx.o(.text)
    I2C1_ER_IRQHandler                       0x080001b7   Thumb Code     0  startup_stm32f40xx.o(.text)
    I2C1_EV_IRQHandler                       0x080001b7   Thumb Code     0  startup_stm32f40xx.o(.text)
    I2C2_ER_IRQHandler                       0x080001b7   Thumb Code     0  startup_stm32f40xx.o(.text)
    I2C2_EV_IRQHandler                       0x080001b7   Thumb Code     0  startup_stm32f40xx.o(.text)
    I2C3_ER_IRQHandler                       0x080001b7   Thumb Code     0  startup_stm32f40xx.o(.text)
    I2C3_EV_IRQHandler                       0x080001b7   Thumb Code     0  startup_stm32f40xx.o(.text)
    OTG_FS_IRQHandler                        0x080001b7   Thumb Code     0  startup_stm32f40xx.o(.text)
    OTG_FS_WKUP_IRQHandler                   0x080001b7   Thumb Code     0  startup_stm32f40xx.o(.text)
    OTG_HS_EP1_IN_IRQHandler                 0x080001b7   Thumb Code     0  startup_stm32f40xx.o(.text)
    OTG_HS_EP1_OUT_IRQHandler                0x080001b7   Thumb Code     0  startup_stm32f40xx.o(.text)
    OTG_HS_IRQHandler                        0x080001b7   Thumb Code     0  startup_stm32f40xx.o(.text)
    OTG_HS_WKUP_IRQHandler                   0x080001b7   Thumb Code     0  startup_stm32f40xx.o(.text)
    PVD_IRQHandler                           0x080001b7   Thumb Code     0  startup_stm32f40xx.o(.text)
    RCC_IRQHandler                           0x080001b7   Thumb Code     0  startup_stm32f40xx.o(.text)
    SDIO_IRQHandler                          0x080001b7   Thumb Code     0  startup_stm32f40xx.o(.text)
    SPI1_IRQHandler                          0x080001b7   Thumb Code     0  startup_stm32f40xx.o(.text)
    SPI2_IRQHandler                          0x080001b7   Thumb Code     0  startup_stm32f40xx.o(.text)
    SPI3_IRQHandler                          0x080001b7   Thumb Code     0  startup_stm32f40xx.o(.text)
    TAMP_STAMP_IRQHandler                    0x080001b7   Thumb Code     0  startup_stm32f40xx.o(.text)
    TIM1_BRK_TIM9_IRQHandler                 0x080001b7   Thumb Code     0  startup_stm32f40xx.o(.text)
    TIM1_CC_IRQHandler                       0x080001b7   Thumb Code     0  startup_stm32f40xx.o(.text)
    TIM1_TRG_COM_TIM11_IRQHandler            0x080001b7   Thumb Code     0  startup_stm32f40xx.o(.text)
    TIM1_UP_TIM10_IRQHandler                 0x080001b7   Thumb Code     0  startup_stm32f40xx.o(.text)
    TIM2_IRQHandler                          0x080001b7   Thumb Code     0  startup_stm32f40xx.o(.text)
    TIM3_IRQHandler                          0x080001b7   Thumb Code     0  startup_stm32f40xx.o(.text)
    TIM4_IRQHandler                          0x080001b7   Thumb Code     0  startup_stm32f40xx.o(.text)
    TIM5_IRQHandler                          0x080001b7   Thumb Code     0  startup_stm32f40xx.o(.text)
    TIM7_IRQHandler                          0x080001b7   Thumb Code     0  startup_stm32f40xx.o(.text)
    TIM8_BRK_TIM12_IRQHandler                0x080001b7   Thumb Code     0  startup_stm32f40xx.o(.text)
    TIM8_CC_IRQHandler                       0x080001b7   Thumb Code     0  startup_stm32f40xx.o(.text)
    TIM8_TRG_COM_TIM14_IRQHandler            0x080001b7   Thumb Code     0  startup_stm32f40xx.o(.text)
    TIM8_UP_TIM13_IRQHandler                 0x080001b7   Thumb Code     0  startup_stm32f40xx.o(.text)
    UART4_IRQHandler                         0x080001b7   Thumb Code     0  startup_stm32f40xx.o(.text)
    UART5_IRQHandler                         0x080001b7   Thumb Code     0  startup_stm32f40xx.o(.text)
    USART2_IRQHandler                        0x080001b7   Thumb Code     0  startup_stm32f40xx.o(.text)
    USART6_IRQHandler                        0x080001b7   Thumb Code     0  startup_stm32f40xx.o(.text)
    WWDG_IRQHandler                          0x080001b7   Thumb Code     0  startup_stm32f40xx.o(.text)
    __aeabi_ldivmod                          0x080001c1   Thumb Code    98  ldiv.o(.text)
    __aeabi_memcpy                           0x08000223   Thumb Code    36  memcpya.o(.text)
    __aeabi_memcpy4                          0x08000223   Thumb Code     0  memcpya.o(.text)
    __aeabi_memcpy8                          0x08000223   Thumb Code     0  memcpya.o(.text)
    __aeabi_memset                           0x08000247   Thumb Code    14  memseta.o(.text)
    __aeabi_memset4                          0x08000247   Thumb Code     0  memseta.o(.text)
    __aeabi_memset8                          0x08000247   Thumb Code     0  memseta.o(.text)
    __aeabi_memclr                           0x08000255   Thumb Code     4  memseta.o(.text)
    __aeabi_memclr4                          0x08000255   Thumb Code     0  memseta.o(.text)
    __aeabi_memclr8                          0x08000255   Thumb Code     0  memseta.o(.text)
    _memset$wrapper                          0x08000259   Thumb Code    18  memseta.o(.text)
    strchr                                   0x0800026b   Thumb Code    20  strchr.o(.text)
    strcmp                                   0x0800027f   Thumb Code    28  strcmp.o(.text)
    memcmp                                   0x0800029b   Thumb Code    26  memcmp.o(.text)
    strcpy                                   0x080002b5   Thumb Code    18  strcpy.o(.text)
    __aeabi_uldivmod                         0x080002c7   Thumb Code    98  uldiv.o(.text)
    __scatterload                            0x08000329   Thumb Code    28  init.o(.text)
    __scatterload_rt2                        0x08000329   Thumb Code     0  init.o(.text)
    __aeabi_llsl                             0x0800034d   Thumb Code    30  llshl.o(.text)
    _ll_shift_l                              0x0800034d   Thumb Code     0  llshl.o(.text)
    __aeabi_llsr                             0x0800036b   Thumb Code    32  llushr.o(.text)
    _ll_ushift_r                             0x0800036b   Thumb Code     0  llushr.o(.text)
    ADC1_DMA2_Stream0_CH0_Init               0x0800038d   Thumb Code   124  dma.o(i.ADC1_DMA2_Stream0_CH0_Init)
    ADC1_Init                                0x08000411   Thumb Code   168  adc1.o(i.ADC1_Init)
    ADC_Cmd                                  0x080004c1   Thumb Code    22  stm32f4xx_adc.o(i.ADC_Cmd)
    ADC_CommonInit                           0x080004d9   Thumb Code    34  stm32f4xx_adc.o(i.ADC_CommonInit)
    ADC_DMACmd                               0x08000509   Thumb Code    22  stm32f4xx_adc.o(i.ADC_DMACmd)
    ADC_DMARequestAfterLastTransferCmd       0x0800051f   Thumb Code    22  stm32f4xx_adc.o(i.ADC_DMARequestAfterLastTransferCmd)
    ADC_EOCOnEachRegularChannelCmd           0x08000535   Thumb Code    22  stm32f4xx_adc.o(i.ADC_EOCOnEachRegularChannelCmd)
    ADC_Init                                 0x0800054d   Thumb Code    74  stm32f4xx_adc.o(i.ADC_Init)
    ADC_RegularChannelConfig                 0x080005a1   Thumb Code   184  stm32f4xx_adc.o(i.ADC_RegularChannelConfig)
    ADC_SoftwareStartConv                    0x08000659   Thumb Code    10  stm32f4xx_adc.o(i.ADC_SoftwareStartConv)
    Audio_PlaySong                           0x08000665   Thumb Code    44  audioplay.o(i.Audio_PlaySong)
    Audio_Start                              0x080006a1   Thumb Code    14  audioplay.o(i.Audio_Start)
    Audio_Stop                               0x080006b5   Thumb Code    14  audioplay.o(i.Audio_Stop)
    Beep_Init                                0x080006c9   Thumb Code    58  beep.o(i.Beep_Init)
    Beep_Start                               0x08000709   Thumb Code    36  beep.o(i.Beep_Start)
    DMA1_Stream4_IRQHandler                  0x08000731   Thumb Code    30  i2s.o(i.DMA1_Stream4_IRQHandler)
    DMA_ClearITPendingBit                    0x0800075d   Thumb Code    38  stm32f4xx_dma.o(i.DMA_ClearITPendingBit)
    DMA_Cmd                                  0x08000791   Thumb Code    22  stm32f4xx_dma.o(i.DMA_Cmd)
    DMA_DeInit                               0x080007a9   Thumb Code   324  stm32f4xx_dma.o(i.DMA_DeInit)
    DMA_DoubleBufferModeCmd                  0x08000901   Thumb Code    22  stm32f4xx_dma.o(i.DMA_DoubleBufferModeCmd)
    DMA_DoubleBufferModeConfig               0x08000917   Thumb Code    24  stm32f4xx_dma.o(i.DMA_DoubleBufferModeConfig)
    DMA_GetCmdStatus                         0x0800092f   Thumb Code    20  stm32f4xx_dma.o(i.DMA_GetCmdStatus)
    DMA_GetITStatus                          0x08000945   Thumb Code    82  stm32f4xx_dma.o(i.DMA_GetITStatus)
    DMA_ITConfig                             0x080009a9   Thumb Code    58  stm32f4xx_dma.o(i.DMA_ITConfig)
    DMA_Init                                 0x080009e5   Thumb Code    82  stm32f4xx_dma.o(i.DMA_Init)
    Delay_Ms                                 0x08000a3d   Thumb Code    24  delay.o(i.Delay_Ms)
    Delay_Ns_Rgb                             0x08000a55   Thumb Code    70  delay.o(i.Delay_Ns_Rgb)
    Delay_Us                                 0x08000a9b   Thumb Code   350  delay.o(i.Delay_Us)
    EXTI_ClearITPendingBit                   0x08000bf9   Thumb Code     6  stm32f4xx_exti.o(i.EXTI_ClearITPendingBit)
    GPIO_Init                                0x08000c05   Thumb Code   144  stm32f4xx_gpio.o(i.GPIO_Init)
    GPIO_PinAFConfig                         0x08000c95   Thumb Code    70  stm32f4xx_gpio.o(i.GPIO_PinAFConfig)
    GPIO_ReadInputDataBit                    0x08000cdb   Thumb Code    18  stm32f4xx_gpio.o(i.GPIO_ReadInputDataBit)
    GPIO_ResetBits                           0x08000ced   Thumb Code     4  stm32f4xx_gpio.o(i.GPIO_ResetBits)
    GPIO_SetBits                             0x08000cf1   Thumb Code     4  stm32f4xx_gpio.o(i.GPIO_SetBits)
    I2S2_Init                                0x08000cf5   Thumb Code    94  i2s.o(i.I2S2_Init)
    I2S2_SampleRate_Set                      0x08000d59   Thumb Code   148  i2s.o(i.I2S2_SampleRate_Set)
    I2S2_TX_DMA_Init                         0x08000df9   Thumb Code   154  i2s.o(i.I2S2_TX_DMA_Init)
    I2S_Cmd                                  0x08000e9d   Thumb Code    24  stm32f4xx_spi.o(i.I2S_Cmd)
    I2S_Init                                 0x08000eb5   Thumb Code   396  stm32f4xx_spi.o(i.I2S_Init)
    I2S_Play_Start                           0x0800104d   Thumb Code    12  i2s.o(i.I2S_Play_Start)
    I2S_Play_Stop                            0x0800105d   Thumb Code    12  i2s.o(i.I2S_Play_Stop)
    IIc_Init                                 0x0800106d   Thumb Code    86  iic.o(i.IIc_Init)
    Key_Init                                 0x080010c9   Thumb Code    68  key.o(i.Key_Init)
    LCD_Init                                 0x08001115   Thumb Code   414  lcd.o(i.LCD_Init)
    Lcd_Clear                                0x080012b9   Thumb Code    58  lcd.o(i.Lcd_Clear)
    Lcd_Display_Photo                        0x080012f3   Thumb Code    90  lcd.o(i.Lcd_Display_Photo)
    Lcd_SendCmd                              0x0800134d   Thumb Code    36  lcd.o(i.Lcd_SendCmd)
    Lcd_SendData_16B                         0x08001379   Thumb Code    42  lcd.o(i.Lcd_SendData_16B)
    Lcd_Send_Data                            0x080013ad   Thumb Code    36  lcd.o(i.Lcd_Send_Data)
    Lcd_SetPosition                          0x080013d9   Thumb Code    62  lcd.o(i.Lcd_SetPosition)
    Lcd_TransferData                         0x08001419   Thumb Code    60  lcd.o(i.Lcd_TransferData)
    Led_Init                                 0x08001459   Thumb Code    64  led.o(i.Led_Init)
    NVIC_Init                                0x0800149d   Thumb Code   106  misc.o(i.NVIC_Init)
    NVIC_PriorityGroupConfig                 0x08001515   Thumb Code    10  misc.o(i.NVIC_PriorityGroupConfig)
    RCC_AHB1PeriphClockCmd                   0x08001529   Thumb Code    26  stm32f4xx_rcc.o(i.RCC_AHB1PeriphClockCmd)
    RCC_APB1PeriphClockCmd                   0x08001549   Thumb Code    26  stm32f4xx_rcc.o(i.RCC_APB1PeriphClockCmd)
    RCC_APB1PeriphResetCmd                   0x08001569   Thumb Code    26  stm32f4xx_rcc.o(i.RCC_APB1PeriphResetCmd)
    RCC_APB2PeriphClockCmd                   0x08001589   Thumb Code    26  stm32f4xx_rcc.o(i.RCC_APB2PeriphClockCmd)
    RCC_GetClocksFreq                        0x080015a9   Thumb Code   214  stm32f4xx_rcc.o(i.RCC_GetClocksFreq)
    RCC_PLLI2SCmd                            0x08001691   Thumb Code     6  stm32f4xx_rcc.o(i.RCC_PLLI2SCmd)
    RCC_PLLI2SConfig                         0x0800169d   Thumb Code    12  stm32f4xx_rcc.o(i.RCC_PLLI2SConfig)
    RTC_Alarm_IRQHandler                     0x080016ad   Thumb Code    36  rtc.o(i.RTC_Alarm_IRQHandler)
    RTC_ClearITPendingBit                    0x080016ed   Thumb Code    28  stm32f4xx_rtc.o(i.RTC_ClearITPendingBit)
    RTC_GetDate                              0x0800170d   Thumb Code    68  stm32f4xx_rtc.o(i.RTC_GetDate)
    RTC_GetITStatus                          0x08001759   Thumb Code    58  stm32f4xx_rtc.o(i.RTC_GetITStatus)
    RTC_GetTime                              0x08001799   Thumb Code    72  stm32f4xx_rtc.o(i.RTC_GetTime)
    RTC_WKUP_IRQHandler                      0x080017e9   Thumb Code    34  rtc.o(i.RTC_WKUP_IRQHandler)
    Rgb_Control                              0x0800180b   Thumb Code    28  ws2812s.o(i.Rgb_Control)
    Rgb_Init                                 0x08001829   Thumb Code    88  ws2812s.o(i.Rgb_Init)
    Rgb_Rest                                 0x08001885   Thumb Code    20  ws2812s.o(i.Rgb_Rest)
    Rgb_Send_Data                            0x0800189d   Thumb Code    88  ws2812s.o(i.Rgb_Send_Data)
    Rtc_GetValue                             0x080018f9   Thumb Code    94  rtc.o(i.Rtc_GetValue)
    SD_DisSelect                             0x08001991   Thumb Code    18  sd_driver.o(i.SD_DisSelect)
    SD_GetResponse                           0x080019a9   Thumb Code    38  sd_driver.o(i.SD_GetResponse)
    SD_Initialize                            0x080019d1   Thumb Code   396  sd_driver.o(i.SD_Initialize)
    SD_PORT_Init                             0x08001b61   Thumb Code    62  sd_driver.o(i.SD_PORT_Init)
    SD_ReadDisk                              0x08001ba5   Thumb Code   114  sd_driver.o(i.SD_ReadDisk)
    SD_RecvData                              0x08001c1d   Thumb Code    56  sd_driver.o(i.SD_RecvData)
    SD_SPI_ReadWriteByte                     0x08001c55   Thumb Code    12  sd_driver.o(i.SD_SPI_ReadWriteByte)
    SD_SPI_SpeedHigh                         0x08001c61   Thumb Code    36  sd_driver.o(i.SD_SPI_SpeedHigh)
    SD_SPI_SpeedLow                          0x08001c89   Thumb Code    36  sd_driver.o(i.SD_SPI_SpeedLow)
    SD_Select                                0x08001cb1   Thumb Code    28  sd_driver.o(i.SD_Select)
    SD_SendBlock                             0x08001cd1   Thumb Code    84  sd_driver.o(i.SD_SendBlock)
    SD_SendCmd                               0x08001d25   Thumb Code   120  sd_driver.o(i.SD_SendCmd)
    SD_WaitReady                             0x08001d9d   Thumb Code    34  sd_driver.o(i.SD_WaitReady)
    SD_WriteDisk                             0x08001dc1   Thumb Code   142  sd_driver.o(i.SD_WriteDisk)
    SPI_Cmd                                  0x08001e55   Thumb Code    24  stm32f4xx_spi.o(i.SPI_Cmd)
    SPI_I2S_DMACmd                           0x08001e6d   Thumb Code    18  stm32f4xx_spi.o(i.SPI_I2S_DMACmd)
    SPI_I2S_GetFlagStatus                    0x08001e7f   Thumb Code    18  stm32f4xx_spi.o(i.SPI_I2S_GetFlagStatus)
    SPI_I2S_ReceiveData                      0x08001e91   Thumb Code     6  stm32f4xx_spi.o(i.SPI_I2S_ReceiveData)
    SPI_I2S_SendData                         0x08001e97   Thumb Code     4  stm32f4xx_spi.o(i.SPI_I2S_SendData)
    SPI_Init                                 0x08001e9b   Thumb Code    60  stm32f4xx_spi.o(i.SPI_Init)
    Servo_motor_Control                      0x08001ed7   Thumb Code    26  servo_motor.o(i.Servo_motor_Control)
    Spi1_Change_By                           0x08001fdd   Thumb Code    50  spi1.o(i.Spi1_Change_By)
    Spi1_Init                                0x08002015   Thumb Code   166  spi1.o(i.Spi1_Init)
    SysTick_Handler                          0x080020c9   Thumb Code    24  systick.o(i.SysTick_Handler)
    SystemInit                               0x080020f9   Thumb Code    88  system_stm32f4xx.o(i.SystemInit)
    TIM6_DAC_IRQHandler                      0x08002161   Thumb Code    12  time6.o(i.TIM6_DAC_IRQHandler)
    TIM_ClearITPendingBit                    0x08002171   Thumb Code     6  stm32f4xx_tim.o(i.TIM_ClearITPendingBit)
    TIM_Cmd                                  0x08002177   Thumb Code    24  stm32f4xx_tim.o(i.TIM_Cmd)
    TIM_ITConfig                             0x0800218f   Thumb Code    18  stm32f4xx_tim.o(i.TIM_ITConfig)
    TIM_OC2Init                              0x080021a1   Thumb Code   154  stm32f4xx_tim.o(i.TIM_OC2Init)
    TIM_OC2PreloadConfig                     0x08002245   Thumb Code    26  stm32f4xx_tim.o(i.TIM_OC2PreloadConfig)
    TIM_OC3Init                              0x08002261   Thumb Code   150  stm32f4xx_tim.o(i.TIM_OC3Init)
    TIM_OC3PreloadConfig                     0x08002301   Thumb Code    18  stm32f4xx_tim.o(i.TIM_OC3PreloadConfig)
    TIM_SetCompare2                          0x08002313   Thumb Code     4  stm32f4xx_tim.o(i.TIM_SetCompare2)
    TIM_SetCompare3                          0x08002317   Thumb Code     4  stm32f4xx_tim.o(i.TIM_SetCompare3)
    TIM_TimeBaseInit                         0x0800231d   Thumb Code   104  stm32f4xx_tim.o(i.TIM_TimeBaseInit)
    Tim2_ServoMotor_Init                     0x080023a1   Thumb Code   132  servo_motor.o(i.Tim2_ServoMotor_Init)
    Tim3_DcMotor_Init                        0x08002429   Thumb Code   124  motor.o(i.Tim3_DcMotor_Init)
    Time6_Intrerpute                         0x080024ad   Thumb Code    94  time6.o(i.Time6_Intrerpute)
    Touch_Coordinates                        0x08002511   Thumb Code   156  touch.o(i.Touch_Coordinates)
    Touch_IIc_End                            0x080025d1   Thumb Code    46  touch.o(i.Touch_IIc_End)
    Touch_IIc_Init                           0x08002609   Thumb Code   148  touch.o(i.Touch_IIc_Init)
    Touch_IIc_Re_Ct_Byte                     0x080026a9   Thumb Code    94  touch.o(i.Touch_IIc_Re_Ct_Byte)
    Touch_IIc_Rec_Ack                        0x08002709   Thumb Code    88  touch.o(i.Touch_IIc_Rec_Ack)
    Touch_IIc_Res_Byte                       0x08002769   Thumb Code    86  touch.o(i.Touch_IIc_Res_Byte)
    Touch_IIc_Send_Ack                       0x080027c9   Thumb Code    84  touch.o(i.Touch_IIc_Send_Ack)
    Touch_IIc_Send_Byte                      0x08002825   Thumb Code    86  touch.o(i.Touch_IIc_Send_Byte)
    Touch_IIc_Start                          0x08002885   Thumb Code    46  touch.o(i.Touch_IIc_Start)
    Touch_Init                               0x080028bd   Thumb Code    68  touch.o(i.Touch_Init)
    Touch_Range                              0x08002915   Thumb Code   706  touch.o(i.Touch_Range)
    Touch_Wr_Byte                            0x08002c09   Thumb Code    46  touch.o(i.Touch_Wr_Byte)
    USART1_IRQHandler                        0x08002c39   Thumb Code   110  usart1.o(i.USART1_IRQHandler)
    USART3_IRQHandler                        0x08002cbd   Thumb Code   118  usart3spre.o(i.USART3_IRQHandler)
    USART_ClearITPendingBit                  0x08002d51   Thumb Code    30  stm32f4xx_usart.o(i.USART_ClearITPendingBit)
    USART_Cmd                                0x08002d6f   Thumb Code    24  stm32f4xx_usart.o(i.USART_Cmd)
    USART_GetFlagStatus                      0x08002d87   Thumb Code    26  stm32f4xx_usart.o(i.USART_GetFlagStatus)
    USART_GetITStatus                        0x08002da1   Thumb Code    84  stm32f4xx_usart.o(i.USART_GetITStatus)
    USART_ITConfig                           0x08002df5   Thumb Code    74  stm32f4xx_usart.o(i.USART_ITConfig)
    USART_Init                               0x08002e41   Thumb Code   204  stm32f4xx_usart.o(i.USART_Init)
    USART_ReceiveData                        0x08002f15   Thumb Code    10  stm32f4xx_usart.o(i.USART_ReceiveData)
    USART_SendData                           0x08002f1f   Thumb Code     8  stm32f4xx_usart.o(i.USART_SendData)
    Usart1_Init                              0x08002f29   Thumb Code   168  usart1.o(i.Usart1_Init)
    Usart1_SendByte                          0x08002fd9   Thumb Code    42  usart1.o(i.Usart1_SendByte)
    Usart3_Init                              0x08003009   Thumb Code   170  usart3spre.o(i.Usart3_Init)
    Voice_Control                            0x080030bd   Thumb Code   446  usart3spre.o(i.Voice_Control)
    WM8978_ADDA_Cfg                          0x08003315   Thumb Code    66  wm8978.o(i.WM8978_ADDA_Cfg)
    WM8978_AUX_Gain                          0x08003357   Thumb Code    56  wm8978.o(i.WM8978_AUX_Gain)
    WM8978_HPvol_Set                         0x0800338f   Thumb Code    46  wm8978.o(i.WM8978_HPvol_Set)
    WM8978_I2S_Cfg                           0x080033bd   Thumb Code    28  wm8978.o(i.WM8978_I2S_Cfg)
    WM8978_Init                              0x080033d9   Thumb Code   246  wm8978.o(i.WM8978_Init)
    WM8978_Input_Cfg                         0x080034d9   Thumb Code   104  wm8978.o(i.WM8978_Input_Cfg)
    WM8978_LINEIN_Gain                       0x08003541   Thumb Code    56  wm8978.o(i.WM8978_LINEIN_Gain)
    WM8978_Output_Cfg                        0x08003579   Thumb Code    42  wm8978.o(i.WM8978_Output_Cfg)
    WM8978_Read_Reg                          0x080035a5   Thumb Code    10  wm8978.o(i.WM8978_Read_Reg)
    WM8978_SPKvol_Set                        0x080035b5   Thumb Code    34  wm8978.o(i.WM8978_SPKvol_Set)
    WM8978_Write_Reg                         0x080035d9   Thumb Code    80  wm8978.o(i.WM8978_Write_Reg)
    WM_IIC_Init                              0x0800362d   Thumb Code    58  wmiic.o(i.WM_IIC_Init)
    WM_IIC_Start                             0x08003675   Thumb Code    72  wmiic.o(i.WM_IIC_Start)
    WM_IIC_Stop                              0x080036c9   Thumb Code    62  wmiic.o(i.WM_IIC_Stop)
    WM_IIC_Wait_ACK                          0x08003715   Thumb Code    52  wmiic.o(i.WM_IIC_Wait_ACK)
    WM_IIC_WriteByte                         0x08003755   Thumb Code   104  wmiic.o(i.WM_IIC_WriteByte)
    Wav_BuffFill                             0x080037c5   Thumb Code    58  wavplay.o(i.Wav_BuffFill)
    Wav_DecodeInit                           0x08003805   Thumb Code   264  wavplay.o(i.Wav_DecodeInit)
    Wav_GetCurtime                           0x0800391d   Thumb Code    76  wavplay.o(i.Wav_GetCurtime)
    Wav_I2sDmaTx_Callback                    0x08003969   Thumb Code    78  wavplay.o(i.Wav_I2sDmaTx_Callback)
    Wav_PlaySong                             0x080039c9   Thumb Code   474  wavplay.o(i.Wav_PlaySong)
    __0printf$8                              0x08003bc5   Thumb Code    22  printf8.o(i.__0printf$8)
    __1printf$8                              0x08003bc5   Thumb Code     0  printf8.o(i.__0printf$8)
    __2printf                                0x08003bc5   Thumb Code     0  printf8.o(i.__0printf$8)
    __0sprintf$8                             0x08003be5   Thumb Code    34  printf8.o(i.__0sprintf$8)
    __1sprintf$8                             0x08003be5   Thumb Code     0  printf8.o(i.__0sprintf$8)
    __2sprintf                               0x08003be5   Thumb Code     0  printf8.o(i.__0sprintf$8)
    __scatterload_copy                       0x08003c0d   Thumb Code    14  handlers.o(i.__scatterload_copy)
    __scatterload_null                       0x08003c1b   Thumb Code     2  handlers.o(i.__scatterload_null)
    __scatterload_zeroinit                   0x08003c1d   Thumb Code    14  handlers.o(i.__scatterload_zeroinit)
    char_upper                               0x08004099   Thumb Code    26  exfuns.o(i.char_upper)
    dir_sdi                                  0x08004a6f   Thumb Code   154  ff.o(i.dir_sdi)
    disk_initialize                          0x08004b09   Thumb Code    20  diskio.o(i.disk_initialize)
    disk_ioctl                               0x08004b1d   Thumb Code    70  diskio.o(i.disk_ioctl)
    disk_read                                0x08004b69   Thumb Code    36  diskio.o(i.disk_read)
    disk_status                              0x08004b8d   Thumb Code    12  diskio.o(i.disk_status)
    disk_write                               0x08004b99   Thumb Code    54  diskio.o(i.disk_write)
    f_close                                  0x08004bcf   Thumb Code    34  ff.o(i.f_close)
    f_lseek                                  0x08004bf1   Thumb Code   388  ff.o(i.f_lseek)
    f_mount                                  0x08004d75   Thumb Code    80  ff.o(i.f_mount)
    f_open                                   0x08004dc9   Thumb Code   530  ff.o(i.f_open)
    f_read                                   0x08004fdb   Thumb Code   412  ff.o(i.f_read)
    f_sync                                   0x08005177   Thumb Code   160  ff.o(i.f_sync)
    f_typetell                               0x08005219   Thumb Code   180  exfuns.o(i.f_typetell)
    ff_memalloc                              0x080052d1   Thumb Code    12  ffsystem.o(i.ff_memalloc)
    ff_memfree                               0x080052dd   Thumb Code    12  ffsystem.o(i.ff_memfree)
    ff_oem2uni                               0x080052e9   Thumb Code   100  ffunicode.o(i.ff_oem2uni)
    ff_uni2oem                               0x08005351   Thumb Code   112  ffunicode.o(i.ff_uni2oem)
    ff_wtoupper                              0x080053c5   Thumb Code   166  ffunicode.o(i.ff_wtoupper)
    fputc                                    0x0800558b   Thumb Code    16  usart1.o(i.fputc)
    free                                     0x0800559d   Thumb Code    76  malloc.o(i.free)
    get_fattime                              0x080057a1   Thumb Code    60  diskio.o(i.get_fattime)
    lcd_Port_Init                            0x08005835   Thumb Code    74  lcd.o(i.lcd_Port_Init)
    main                                     0x080058d5   Thumb Code   252  main.o(i.main)
    malloc                                   0x080059f9   Thumb Code    92  malloc.o(i.malloc)
    my_mem_free                              0x08005d41   Thumb Code    96  mymalloc.o(i.my_mem_free)
    my_mem_init                              0x08005dad   Thumb Code    54  mymalloc.o(i.my_mem_init)
    my_mem_malloc                            0x08005df1   Thumb Code   156  mymalloc.o(i.my_mem_malloc)
    my_mem_perused                           0x08005e99   Thumb Code    54  mymalloc.o(i.my_mem_perused)
    myfree                                   0x08005ed9   Thumb Code    30  mymalloc.o(i.myfree)
    mymalloc                                 0x08005efd   Thumb Code    34  mymalloc.o(i.mymalloc)
    mymemset                                 0x08005f25   Thumb Code    20  mymalloc.o(i.mymemset)
    w25_Re_Free                              0x08006355   Thumb Code    46  w25q64.o(i.w25_Re_Free)
    w25_Wr_Ct                                0x08006389   Thumb Code   132  w25q64.o(i.w25_Wr_Ct)
    w25_Wr_Enable                            0x08006411   Thumb Code    26  w25q64.o(i.w25_Wr_Enable)
    gImage_0page                             0x08006430   Data       153608  lcd.o(.constdata)
    gImage_1page                             0x0802bc38   Data       38408  lcd.o(.constdata)
    gImage_2page                             0x08035240   Data       38408  lcd.o(.constdata)
    gImage_3page                             0x0803e848   Data       38408  lcd.o(.constdata)
    gImage_11page                            0x08047e50   Data       38408  lcd.o(.constdata)
    gImage_22page                            0x08051458   Data       36728  lcd.o(.constdata)
    gImage_33page                            0x0805a3d0   Data       38408  lcd.o(.constdata)
    ikun                                     0x080639d8   Data       24768  lcd.o(.constdata)
    FILE_TYPE_TBL                            0x08094668   Data         112  exfuns.o(.constdata)
    I2S_PSC_TBL                              0x080946d8   Data         110  i2s.o(.constdata)
    memtblsize                               0x08094748   Data          12  mymalloc.o(.constdata)
    memblksize                               0x08094754   Data          12  mymalloc.o(.constdata)
    memsize                                  0x08094760   Data          12  mymalloc.o(.constdata)
    Region$$Table$$Base                      0x080947b0   Number         0  anon$$obj.o(Region$$Table)
    Region$$Table$$Limit                     0x080947d0   Number         0  anon$$obj.o(Region$$Table)
    mem3base                                 0x10000000   Data       61440  mymalloc.o(.ARM.__AT_0x10000000)
    mem3mapbase                              0x1000f000   Data        3840  mymalloc.o(.ARM.__AT_0x1000F000)
    time1                                    0x20000004   Data           9  rtc.o(.data)
    date                                     0x2000000d   Data          12  rtc.o(.data)
    rtc                                      0x20000019   Data           7  rtc.o(.data)
    AlarmA_flag                              0x20000020   Data           1  rtc.o(.data)
    RTC_DateStruct                           0x20000021   Data           4  rtc.o(.data)
    RTC_TimeStruct                           0x20000025   Data           4  rtc.o(.data)
    Re_flag                                  0x20000030   Data           1  w25q64.o(.data)
    Re_End_flag                              0x20000031   Data           1  w25q64.o(.data)
    SD_Type                                  0x20000035   Data           1  sd_driver.o(.data)
    i2s_tx_callback                          0x20000050   Data           4  i2s.o(.data)
    mallco_dev                               0x20000054   Data          36  mymalloc.o(.data)
    status_dev                               0x20000078   Data           4  wavplay.o(.data)
    wavtransferend                           0x2000007c   Data           1  wavplay.o(.data)
    wavwitchbuf                              0x2000007d   Data           1  wavplay.o(.data)
    __stdout                                 0x200000f4   Data           4  stdout.o(.data)
    __microlib_freelist                      0x200000f8   Data           4  mvars.o(.data)
    __microlib_freelist_initialised          0x200000fc   Data           4  mvars.o(.data)
    cst                                      0x20000100   Data          14  touch.o(.bss)
    u3                                       0x2000010e   Data          14  usart3spre.o(.bss)
    audiodev                                 0x2000011c   Data          17  audioplay.o(.bss)
    mem1base                                 0x20000140   Data       102400  mymalloc.o(.bss)
    mem1mapbase                              0x20019140   Data        6400  mymalloc.o(.bss)
    wavctrl                                  0x2001aa40   Data          32  wavplay.o(.bss)
    __heap_base                              0x2001aa60   Data           0  startup_stm32f40xx.o(HEAP)
    __heap_limit                             0x2001ca60   Data           0  startup_stm32f40xx.o(HEAP)
    __initial_sp                             0x2001da60   Data           0  startup_stm32f40xx.o(STACK)
    mem2base                                 0x68000000   Data       983040  mymalloc.o(.ARM.__AT_0x68000000)
    mem2mapbase                              0x680f0000   Data       61440  mymalloc.o(.ARM.__AT_0x680F0000)



==============================================================================

Memory Map of the image

  Image Entry point : 0x0800019d

  Load Region LR_1 (Base: 0x08000000, Size: 0x000948d0, Max: 0xffffffff, ABSOLUTE)

    Execution Region ER_RO (Base: 0x08000000, Size: 0x000947d0, Max: 0xffffffff, ABSOLUTE)

    Base Addr    Size         Type   Attr      Idx    E Section Name        Object

    0x08000000   0x00000188   Data   RO            3    RESET               startup_stm32f40xx.o
    0x08000188   0x00000000   Code   RO         6892  * .ARM.Collect$$$$00000000  mc_w.l(entry.o)
    0x08000188   0x00000004   Code   RO         7202    .ARM.Collect$$$$00000001  mc_w.l(entry2.o)
    0x0800018c   0x00000004   Code   RO         7205    .ARM.Collect$$$$00000004  mc_w.l(entry5.o)
    0x08000190   0x00000000   Code   RO         7207    .ARM.Collect$$$$00000008  mc_w.l(entry7b.o)
    0x08000190   0x00000000   Code   RO         7209    .ARM.Collect$$$$0000000A  mc_w.l(entry8b.o)
    0x08000190   0x00000008   Code   RO         7210    .ARM.Collect$$$$0000000B  mc_w.l(entry9a.o)
    0x08000198   0x00000000   Code   RO         7212    .ARM.Collect$$$$0000000D  mc_w.l(entry10a.o)
    0x08000198   0x00000000   Code   RO         7214    .ARM.Collect$$$$0000000F  mc_w.l(entry11a.o)
    0x08000198   0x00000004   Code   RO         7203    .ARM.Collect$$$$00002712  mc_w.l(entry2.o)
    0x0800019c   0x00000024   Code   RO            4  * .text               startup_stm32f40xx.o
    0x080001c0   0x00000062   Code   RO         6895    .text               mc_w.l(ldiv.o)
    0x08000222   0x00000024   Code   RO         6897    .text               mc_w.l(memcpya.o)
    0x08000246   0x00000024   Code   RO         6899    .text               mc_w.l(memseta.o)
    0x0800026a   0x00000014   Code   RO         6903    .text               mc_w.l(strchr.o)
    0x0800027e   0x0000001c   Code   RO         6905    .text               mc_w.l(strcmp.o)
    0x0800029a   0x0000001a   Code   RO         6907    .text               mc_w.l(memcmp.o)
    0x080002b4   0x00000012   Code   RO         6909    .text               mc_w.l(strcpy.o)
    0x080002c6   0x00000062   Code   RO         7219    .text               mc_w.l(uldiv.o)
    0x08000328   0x00000024   Code   RO         7234    .text               mc_w.l(init.o)
    0x0800034c   0x0000001e   Code   RO         7236    .text               mc_w.l(llshl.o)
    0x0800036a   0x00000020   Code   RO         7238    .text               mc_w.l(llushr.o)
    0x0800038a   0x00000002   PAD
    0x0800038c   0x00000084   Code   RO          365    i.ADC1_DMA2_Stream0_CH0_Init  dma.o
    0x08000410   0x000000b0   Code   RO          805    i.ADC1_Init         adc1.o
    0x080004c0   0x00000016   Code   RO         1403    i.ADC_Cmd           stm32f4xx_adc.o
    0x080004d6   0x00000002   PAD
    0x080004d8   0x00000030   Code   RO         1404    i.ADC_CommonInit    stm32f4xx_adc.o
    0x08000508   0x00000016   Code   RO         1407    i.ADC_DMACmd        stm32f4xx_adc.o
    0x0800051e   0x00000016   Code   RO         1408    i.ADC_DMARequestAfterLastTransferCmd  stm32f4xx_adc.o
    0x08000534   0x00000016   Code   RO         1412    i.ADC_EOCOnEachRegularChannelCmd  stm32f4xx_adc.o
    0x0800054a   0x00000002   PAD
    0x0800054c   0x00000054   Code   RO         1423    i.ADC_Init          stm32f4xx_adc.o
    0x080005a0   0x000000b8   Code   RO         1428    i.ADC_RegularChannelConfig  stm32f4xx_adc.o
    0x08000658   0x0000000a   Code   RO         1430    i.ADC_SoftwareStartConv  stm32f4xx_adc.o
    0x08000662   0x00000002   PAD
    0x08000664   0x0000003c   Code   RO         6407    i.Audio_PlaySong    audioplay.o
    0x080006a0   0x00000014   Code   RO         6408    i.Audio_Start       audioplay.o
    0x080006b4   0x00000014   Code   RO         6409    i.Audio_Stop        audioplay.o
    0x080006c8   0x00000040   Code   RO          529    i.Beep_Init         beep.o
    0x08000708   0x00000028   Code   RO          530    i.Beep_Start        beep.o
    0x08000730   0x0000002c   Code   RO         6473    i.DMA1_Stream4_IRQHandler  i2s.o
    0x0800075c   0x00000034   Code   RO         2341    i.DMA_ClearITPendingBit  stm32f4xx_dma.o
    0x08000790   0x00000016   Code   RO         2342    i.DMA_Cmd           stm32f4xx_dma.o
    0x080007a6   0x00000002   PAD
    0x080007a8   0x00000158   Code   RO         2343    i.DMA_DeInit        stm32f4xx_dma.o
    0x08000900   0x00000016   Code   RO         2344    i.DMA_DoubleBufferModeCmd  stm32f4xx_dma.o
    0x08000916   0x00000018   Code   RO         2345    i.DMA_DoubleBufferModeConfig  stm32f4xx_dma.o
    0x0800092e   0x00000014   Code   RO         2347    i.DMA_GetCmdStatus  stm32f4xx_dma.o
    0x08000942   0x00000002   PAD
    0x08000944   0x00000064   Code   RO         2352    i.DMA_GetITStatus   stm32f4xx_dma.o
    0x080009a8   0x0000003a   Code   RO         2353    i.DMA_ITConfig      stm32f4xx_dma.o
    0x080009e2   0x00000002   PAD
    0x080009e4   0x00000058   Code   RO         2354    i.DMA_Init          stm32f4xx_dma.o
    0x08000a3c   0x00000018   Code   RO          333    i.Delay_Ms          delay.o
    0x08000a54   0x00000046   Code   RO          334    i.Delay_Ns_Rgb      delay.o
    0x08000a9a   0x0000015e   Code   RO          335    i.Delay_Us          delay.o
    0x08000bf8   0x0000000c   Code   RO         2600    i.EXTI_ClearITPendingBit  stm32f4xx_exti.o
    0x08000c04   0x00000090   Code   RO         2945    i.GPIO_Init         stm32f4xx_gpio.o
    0x08000c94   0x00000046   Code   RO         2946    i.GPIO_PinAFConfig  stm32f4xx_gpio.o
    0x08000cda   0x00000012   Code   RO         2949    i.GPIO_ReadInputDataBit  stm32f4xx_gpio.o
    0x08000cec   0x00000004   Code   RO         2952    i.GPIO_ResetBits    stm32f4xx_gpio.o
    0x08000cf0   0x00000004   Code   RO         2953    i.GPIO_SetBits      stm32f4xx_gpio.o
    0x08000cf4   0x00000064   Code   RO         6474    i.I2S2_Init         i2s.o
    0x08000d58   0x000000a0   Code   RO         6475    i.I2S2_SampleRate_Set  i2s.o
    0x08000df8   0x000000a4   Code   RO         6476    i.I2S2_TX_DMA_Init  i2s.o
    0x08000e9c   0x00000018   Code   RO         4920    i.I2S_Cmd           stm32f4xx_spi.o
    0x08000eb4   0x00000198   Code   RO         4922    i.I2S_Init          stm32f4xx_spi.o
    0x0800104c   0x00000010   Code   RO         6477    i.I2S_Play_Start    i2s.o
    0x0800105c   0x00000010   Code   RO         6478    i.I2S_Play_Stop     i2s.o
    0x0800106c   0x0000005c   Code   RO          899    i.IIc_Init          iic.o
    0x080010c8   0x0000004c   Code   RO          555    i.Key_Init          key.o
    0x08001114   0x000001a4   Code   RO         1000    i.LCD_Init          lcd.o
    0x080012b8   0x0000003a   Code   RO         1001    i.Lcd_Clear         lcd.o
    0x080012f2   0x0000005a   Code   RO         1004    i.Lcd_Display_Photo  lcd.o
    0x0800134c   0x0000002c   Code   RO         1006    i.Lcd_SendCmd       lcd.o
    0x08001378   0x00000034   Code   RO         1007    i.Lcd_SendData_16B  lcd.o
    0x080013ac   0x0000002c   Code   RO         1008    i.Lcd_Send_Data     lcd.o
    0x080013d8   0x0000003e   Code   RO         1009    i.Lcd_SetPosition   lcd.o
    0x08001416   0x00000002   PAD
    0x08001418   0x00000040   Code   RO         1011    i.Lcd_TransferData  lcd.o
    0x08001458   0x00000044   Code   RO          509    i.Led_Init          led.o
    0x0800149c   0x00000078   Code   RO         1353    i.NVIC_Init         misc.o
    0x08001514   0x00000014   Code   RO         1354    i.NVIC_PriorityGroupConfig  misc.o
    0x08001528   0x00000020   Code   RO         3809    i.RCC_AHB1PeriphClockCmd  stm32f4xx_rcc.o
    0x08001548   0x00000020   Code   RO         3818    i.RCC_APB1PeriphClockCmd  stm32f4xx_rcc.o
    0x08001568   0x00000020   Code   RO         3820    i.RCC_APB1PeriphResetCmd  stm32f4xx_rcc.o
    0x08001588   0x00000020   Code   RO         3821    i.RCC_APB2PeriphClockCmd  stm32f4xx_rcc.o
    0x080015a8   0x000000e8   Code   RO         3830    i.RCC_GetClocksFreq  stm32f4xx_rcc.o
    0x08001690   0x0000000c   Code   RO         3849    i.RCC_PLLI2SCmd     stm32f4xx_rcc.o
    0x0800169c   0x00000010   Code   RO         3850    i.RCC_PLLI2SConfig  stm32f4xx_rcc.o
    0x080016ac   0x00000028   Code   RO          417    i.RTC_Alarm_IRQHandler  rtc.o
    0x080016d4   0x00000016   Code   RO         4208    i.RTC_Bcd2ToByte    stm32f4xx_rtc.o
    0x080016ea   0x00000002   PAD
    0x080016ec   0x00000020   Code   RO         4214    i.RTC_ClearITPendingBit  stm32f4xx_rtc.o
    0x0800170c   0x0000004c   Code   RO         4224    i.RTC_GetDate       stm32f4xx_rtc.o
    0x08001758   0x00000040   Code   RO         4226    i.RTC_GetITStatus   stm32f4xx_rtc.o
    0x08001798   0x00000050   Code   RO         4229    i.RTC_GetTime       stm32f4xx_rtc.o
    0x080017e8   0x00000022   Code   RO          418    i.RTC_WKUP_IRQHandler  rtc.o
    0x0800180a   0x0000001c   Code   RO          854    i.Rgb_Control       ws2812s.o
    0x08001826   0x00000002   PAD
    0x08001828   0x0000005c   Code   RO          855    i.Rgb_Init          ws2812s.o
    0x08001884   0x00000018   Code   RO          857    i.Rgb_Rest          ws2812s.o
    0x0800189c   0x0000005c   Code   RO          858    i.Rgb_Send_Data     ws2812s.o
    0x080018f8   0x00000098   Code   RO          423    i.Rtc_GetValue      rtc.o
    0x08001990   0x00000018   Code   RO         1193    i.SD_DisSelect      sd_driver.o
    0x080019a8   0x00000026   Code   RO         1196    i.SD_GetResponse    sd_driver.o
    0x080019ce   0x00000002   PAD
    0x080019d0   0x00000190   Code   RO         1198    i.SD_Initialize     sd_driver.o
    0x08001b60   0x00000044   Code   RO         1199    i.SD_PORT_Init      sd_driver.o
    0x08001ba4   0x00000078   Code   RO         1200    i.SD_ReadDisk       sd_driver.o
    0x08001c1c   0x00000038   Code   RO         1201    i.SD_RecvData       sd_driver.o
    0x08001c54   0x0000000c   Code   RO         1202    i.SD_SPI_ReadWriteByte  sd_driver.o
    0x08001c60   0x00000028   Code   RO         1203    i.SD_SPI_SpeedHigh  sd_driver.o
    0x08001c88   0x00000028   Code   RO         1204    i.SD_SPI_SpeedLow   sd_driver.o
    0x08001cb0   0x00000020   Code   RO         1205    i.SD_Select         sd_driver.o
    0x08001cd0   0x00000054   Code   RO         1206    i.SD_SendBlock      sd_driver.o
    0x08001d24   0x00000078   Code   RO         1207    i.SD_SendCmd        sd_driver.o
    0x08001d9c   0x00000022   Code   RO         1208    i.SD_WaitReady      sd_driver.o
    0x08001dbe   0x00000002   PAD
    0x08001dc0   0x00000094   Code   RO         1209    i.SD_WriteDisk      sd_driver.o
    0x08001e54   0x00000018   Code   RO         4926    i.SPI_Cmd           stm32f4xx_spi.o
    0x08001e6c   0x00000012   Code   RO         4932    i.SPI_I2S_DMACmd    stm32f4xx_spi.o
    0x08001e7e   0x00000012   Code   RO         4934    i.SPI_I2S_GetFlagStatus  stm32f4xx_spi.o
    0x08001e90   0x00000006   Code   RO         4937    i.SPI_I2S_ReceiveData  stm32f4xx_spi.o
    0x08001e96   0x00000004   Code   RO         4938    i.SPI_I2S_SendData  stm32f4xx_spi.o
    0x08001e9a   0x0000003c   Code   RO         4939    i.SPI_Init          stm32f4xx_spi.o
    0x08001ed6   0x0000001a   Code   RO          779    i.Servo_motor_Control  servo_motor.o
    0x08001ef0   0x000000ec   Code   RO           12    i.SetSysClock       system_stm32f4xx.o
    0x08001fdc   0x00000038   Code   RO          665    i.Spi1_Change_By    spi1.o
    0x08002014   0x000000b4   Code   RO          666    i.Spi1_Init         spi1.o
    0x080020c8   0x00000030   Code   RO          385    i.SysTick_Handler   systick.o
    0x080020f8   0x00000068   Code   RO           14    i.SystemInit        system_stm32f4xx.o
    0x08002160   0x00000010   Code   RO          828    i.TIM6_DAC_IRQHandler  time6.o
    0x08002170   0x00000006   Code   RO         5151    i.TIM_ClearITPendingBit  stm32f4xx_tim.o
    0x08002176   0x00000018   Code   RO         5156    i.TIM_Cmd           stm32f4xx_tim.o
    0x0800218e   0x00000012   Code   RO         5181    i.TIM_ITConfig      stm32f4xx_tim.o
    0x080021a0   0x000000a4   Code   RO         5190    i.TIM_OC2Init       stm32f4xx_tim.o
    0x08002244   0x0000001a   Code   RO         5193    i.TIM_OC2PreloadConfig  stm32f4xx_tim.o
    0x0800225e   0x00000002   PAD
    0x08002260   0x000000a0   Code   RO         5195    i.TIM_OC3Init       stm32f4xx_tim.o
    0x08002300   0x00000012   Code   RO         5198    i.TIM_OC3PreloadConfig  stm32f4xx_tim.o
    0x08002312   0x00000004   Code   RO         5219    i.TIM_SetCompare2   stm32f4xx_tim.o
    0x08002316   0x00000004   Code   RO         5220    i.TIM_SetCompare3   stm32f4xx_tim.o
    0x0800231a   0x00000002   PAD
    0x0800231c   0x00000084   Code   RO         5228    i.TIM_TimeBaseInit  stm32f4xx_tim.o
    0x080023a0   0x00000088   Code   RO          780    i.Tim2_ServoMotor_Init  servo_motor.o
    0x08002428   0x00000084   Code   RO          759    i.Tim3_DcMotor_Init  motor.o
    0x080024ac   0x00000064   Code   RO          829    i.Time6_Intrerpute  time6.o
    0x08002510   0x000000c0   Code   RO         1100    i.Touch_Coordinates  touch.o
    0x080025d0   0x00000038   Code   RO         1101    i.Touch_IIc_End     touch.o
    0x08002608   0x000000a0   Code   RO         1102    i.Touch_IIc_Init    touch.o
    0x080026a8   0x0000005e   Code   RO         1103    i.Touch_IIc_Re_Ct_Byte  touch.o
    0x08002706   0x00000002   PAD
    0x08002708   0x00000060   Code   RO         1104    i.Touch_IIc_Rec_Ack  touch.o
    0x08002768   0x00000060   Code   RO         1105    i.Touch_IIc_Res_Byte  touch.o
    0x080027c8   0x0000005c   Code   RO         1106    i.Touch_IIc_Send_Ack  touch.o
    0x08002824   0x00000060   Code   RO         1107    i.Touch_IIc_Send_Byte  touch.o
    0x08002884   0x00000038   Code   RO         1108    i.Touch_IIc_Start   touch.o
    0x080028bc   0x00000058   Code   RO         1109    i.Touch_Init        touch.o
    0x08002914   0x000002f4   Code   RO         1110    i.Touch_Range       touch.o
    0x08002c08   0x0000002e   Code   RO         1111    i.Touch_Wr_Byte     touch.o
    0x08002c36   0x00000002   PAD
    0x08002c38   0x00000084   Code   RO          602    i.USART1_IRQHandler  usart1.o
    0x08002cbc   0x00000094   Code   RO         1315    i.USART3_IRQHandler  usart3spre.o
    0x08002d50   0x0000001e   Code   RO         5703    i.USART_ClearITPendingBit  stm32f4xx_usart.o
    0x08002d6e   0x00000018   Code   RO         5706    i.USART_Cmd         stm32f4xx_usart.o
    0x08002d86   0x0000001a   Code   RO         5709    i.USART_GetFlagStatus  stm32f4xx_usart.o
    0x08002da0   0x00000054   Code   RO         5710    i.USART_GetITStatus  stm32f4xx_usart.o
    0x08002df4   0x0000004a   Code   RO         5712    i.USART_ITConfig    stm32f4xx_usart.o
    0x08002e3e   0x00000002   PAD
    0x08002e40   0x000000d4   Code   RO         5713    i.USART_Init        stm32f4xx_usart.o
    0x08002f14   0x0000000a   Code   RO         5720    i.USART_ReceiveData  stm32f4xx_usart.o
    0x08002f1e   0x00000008   Code   RO         5723    i.USART_SendData    stm32f4xx_usart.o
    0x08002f26   0x00000002   PAD
    0x08002f28   0x000000b0   Code   RO          603    i.Usart1_Init       usart1.o
    0x08002fd8   0x00000030   Code   RO          606    i.Usart1_SendByte   usart1.o
    0x08003008   0x000000b4   Code   RO         1316    i.Usart3_Init       usart3spre.o
    0x080030bc   0x00000258   Code   RO         1317    i.Voice_Control     usart3spre.o
    0x08003314   0x00000042   Code   RO         6703    i.WM8978_ADDA_Cfg   wm8978.o
    0x08003356   0x00000038   Code   RO         6704    i.WM8978_AUX_Gain   wm8978.o
    0x0800338e   0x0000002e   Code   RO         6711    i.WM8978_HPvol_Set  wm8978.o
    0x080033bc   0x0000001c   Code   RO         6712    i.WM8978_I2S_Cfg    wm8978.o
    0x080033d8   0x00000100   Code   RO         6713    i.WM8978_Init       wm8978.o
    0x080034d8   0x00000068   Code   RO         6714    i.WM8978_Input_Cfg  wm8978.o
    0x08003540   0x00000038   Code   RO         6715    i.WM8978_LINEIN_Gain  wm8978.o
    0x08003578   0x0000002a   Code   RO         6717    i.WM8978_Output_Cfg  wm8978.o
    0x080035a2   0x00000002   PAD
    0x080035a4   0x00000010   Code   RO         6718    i.WM8978_Read_Reg   wm8978.o
    0x080035b4   0x00000022   Code   RO         6719    i.WM8978_SPKvol_Set  wm8978.o
    0x080035d6   0x00000002   PAD
    0x080035d8   0x00000054   Code   RO         6720    i.WM8978_Write_Reg  wm8978.o
    0x0800362c   0x00000048   Code   RO         6833    i.WM_IIC_Init       wmiic.o
    0x08003674   0x00000054   Code   RO         6836    i.WM_IIC_Start      wmiic.o
    0x080036c8   0x0000004c   Code   RO         6837    i.WM_IIC_Stop       wmiic.o
    0x08003714   0x00000040   Code   RO         6838    i.WM_IIC_Wait_ACK   wmiic.o
    0x08003754   0x00000070   Code   RO         6839    i.WM_IIC_WriteByte  wmiic.o
    0x080037c4   0x00000040   Code   RO         6651    i.Wav_BuffFill      wavplay.o
    0x08003804   0x00000118   Code   RO         6652    i.Wav_DecodeInit    wavplay.o
    0x0800391c   0x0000004c   Code   RO         6653    i.Wav_GetCurtime    wavplay.o
    0x08003968   0x00000060   Code   RO         6654    i.Wav_I2sDmaTx_Callback  wavplay.o
    0x080039c8   0x000001fc   Code   RO         6655    i.Wav_PlaySong      wavplay.o
    0x08003bc4   0x00000020   Code   RO         7120    i.__0printf$8       mc_w.l(printf8.o)
    0x08003be4   0x00000028   Code   RO         7122    i.__0sprintf$8      mc_w.l(printf8.o)
    0x08003c0c   0x0000000e   Code   RO         7246    i.__scatterload_copy  mc_w.l(handlers.o)
    0x08003c1a   0x00000002   Code   RO         7247    i.__scatterload_null  mc_w.l(handlers.o)
    0x08003c1c   0x0000000e   Code   RO         7248    i.__scatterload_zeroinit  mc_w.l(handlers.o)
    0x08003c2a   0x00000002   PAD
    0x08003c2c   0x00000410   Code   RO         7127    i._printf_core      mc_w.l(printf8.o)
    0x0800403c   0x00000024   Code   RO         7128    i._printf_post_padding  mc_w.l(printf8.o)
    0x08004060   0x0000002e   Code   RO         7129    i._printf_pre_padding  mc_w.l(printf8.o)
    0x0800408e   0x0000000a   Code   RO         7131    i._sputc            mc_w.l(printf8.o)
    0x08004098   0x0000001a   Code   RO         6353    i.char_upper        exfuns.o
    0x080040b2   0x00000002   PAD
    0x080040b4   0x000000e0   Code   RO         6000    i.check_fs          ff.o
    0x08004194   0x0000001a   Code   RO         6001    i.clst2sect         ff.o
    0x080041ae   0x00000002   PAD
    0x080041b0   0x00000098   Code   RO         6002    i.cmp_lfn           ff.o
    0x08004248   0x00000120   Code   RO         6003    i.create_chain      ff.o
    0x08004368   0x0000025c   Code   RO         6004    i.create_name       ff.o
    0x080045c4   0x00000034   Code   RO         6005    i.dbc_1st           ff.o
    0x080045f8   0x00000048   Code   RO         6006    i.dbc_2nd           ff.o
    0x08004640   0x00000060   Code   RO         6007    i.dir_alloc         ff.o
    0x080046a0   0x000000c2   Code   RO         6008    i.dir_clear         ff.o
    0x08004762   0x000000fc   Code   RO         6009    i.dir_find          ff.o
    0x0800485e   0x000000ca   Code   RO         6010    i.dir_next          ff.o
    0x08004928   0x00000146   Code   RO         6012    i.dir_register      ff.o
    0x08004a6e   0x0000009a   Code   RO         6014    i.dir_sdi           ff.o
    0x08004b08   0x00000014   Code   RO         5952    i.disk_initialize   diskio.o
    0x08004b1c   0x0000004c   Code   RO         5953    i.disk_ioctl        diskio.o
    0x08004b68   0x00000024   Code   RO         5954    i.disk_read         diskio.o
    0x08004b8c   0x0000000c   Code   RO         5955    i.disk_status       diskio.o
    0x08004b98   0x00000036   Code   RO         5956    i.disk_write        diskio.o
    0x08004bce   0x00000022   Code   RO         6015    i.f_close           ff.o
    0x08004bf0   0x00000184   Code   RO         6018    i.f_lseek           ff.o
    0x08004d74   0x00000054   Code   RO         6020    i.f_mount           ff.o
    0x08004dc8   0x00000212   Code   RO         6021    i.f_open            ff.o
    0x08004fda   0x0000019c   Code   RO         6023    i.f_read            ff.o
    0x08005176   0x000000a0   Code   RO         6027    i.f_sync            ff.o
    0x08005216   0x00000002   PAD
    0x08005218   0x000000b8   Code   RO         6356    i.f_typetell        exfuns.o
    0x080052d0   0x0000000c   Code   RO         6304    i.ff_memalloc       ffsystem.o
    0x080052dc   0x0000000c   Code   RO         6305    i.ff_memfree        ffsystem.o
    0x080052e8   0x00000068   Code   RO         6325    i.ff_oem2uni        ffunicode.o
    0x08005350   0x00000074   Code   RO         6326    i.ff_uni2oem        ffunicode.o
    0x080053c4   0x000000b0   Code   RO         6327    i.ff_wtoupper       ffunicode.o
    0x08005474   0x00000078   Code   RO         6031    i.find_volume       ff.o
    0x080054ec   0x0000009e   Code   RO         6032    i.follow_path       ff.o
    0x0800558a   0x00000010   Code   RO          608    i.fputc             usart1.o
    0x0800559a   0x00000002   PAD
    0x0800559c   0x00000050   Code   RO         7174    i.free              mc_w.l(malloc.o)
    0x080055ec   0x000000d4   Code   RO         6033    i.gen_numname       ff.o
    0x080056c0   0x000000e0   Code   RO         6034    i.get_fat           ff.o
    0x080057a0   0x00000044   Code   RO         5957    i.get_fattime       diskio.o
    0x080057e4   0x0000004e   Code   RO         6036    i.get_ldnumber      ff.o
    0x08005832   0x00000002   PAD
    0x08005834   0x00000054   Code   RO         1012    i.lcd_Port_Init     lcd.o
    0x08005888   0x00000026   Code   RO         6037    i.ld_clust          ff.o
    0x080058ae   0x00000018   Code   RO         6038    i.ld_dword          ff.o
    0x080058c6   0x0000000c   Code   RO         6039    i.ld_word           ff.o
    0x080058d2   0x00000002   PAD
    0x080058d4   0x00000124   Code   RO          150    i.main              main.o
    0x080059f8   0x0000006c   Code   RO         7175    i.malloc            mc_w.l(malloc.o)
    0x08005a64   0x000002a8   Code   RO         6040    i.mount_volume      ff.o
    0x08005d0c   0x00000034   Code   RO         6041    i.move_window       ff.o
    0x08005d40   0x0000006c   Code   RO         6530    i.my_mem_free       mymalloc.o
    0x08005dac   0x00000044   Code   RO         6531    i.my_mem_init       mymalloc.o
    0x08005df0   0x000000a8   Code   RO         6532    i.my_mem_malloc     mymalloc.o
    0x08005e98   0x00000040   Code   RO         6533    i.my_mem_perused    mymalloc.o
    0x08005ed8   0x00000024   Code   RO         6534    i.myfree            mymalloc.o
    0x08005efc   0x00000028   Code   RO         6535    i.mymalloc          mymalloc.o
    0x08005f24   0x00000014   Code   RO         6537    i.mymemset          mymalloc.o
    0x08005f38   0x00000138   Code   RO         6043    i.put_fat           ff.o
    0x08006070   0x00000080   Code   RO         6044    i.put_lfn           ff.o
    0x080060f0   0x0000009a   Code   RO         6046    i.remove_chain      ff.o
    0x0800618a   0x00000024   Code   RO         6047    i.st_clust          ff.o
    0x080061ae   0x00000018   Code   RO         6048    i.st_dword          ff.o
    0x080061c6   0x0000000c   Code   RO         6049    i.st_word           ff.o
    0x080061d2   0x00000020   Code   RO         6050    i.sum_sfn           ff.o
    0x080061f2   0x00000002   PAD
    0x080061f4   0x0000008c   Code   RO         6051    i.sync_fs           ff.o
    0x08006280   0x0000004a   Code   RO         6052    i.sync_window       ff.o
    0x080062ca   0x0000004c   Code   RO         6053    i.tchar2uni         ff.o
    0x08006316   0x0000003c   Code   RO         6054    i.validate          ff.o
    0x08006352   0x00000002   PAD
    0x08006354   0x00000034   Code   RO          693    i.w25_Re_Free       w25q64.o
    0x08006388   0x00000088   Code   RO          696    i.w25_Wr_Ct         w25q64.o
    0x08006410   0x00000020   Code   RO          697    i.w25_Wr_Enable     w25q64.o
    0x08006430   0x00063668   Data   RO         1013    .constdata          lcd.o
    0x08069a98   0x00000017   Data   RO         6055    .constdata          ff.o
    0x08069aaf   0x00000001   PAD
    0x08069ab0   0x0002abb6   Data   RO         6328    .constdata          ffunicode.o
    0x08094666   0x00000002   PAD
    0x08094668   0x00000070   Data   RO         6358    .constdata          exfuns.o
    0x080946d8   0x0000006e   Data   RO         6479    .constdata          i2s.o
    0x08094746   0x00000002   PAD
    0x08094748   0x00000024   Data   RO         6544    .constdata          mymalloc.o
    0x0809476c   0x00000044   Data   RO         6359    .conststring        exfuns.o
    0x080947b0   0x00000020   Data   RO         7244    Region$$Table       anon$$obj.o


    Execution Region ER_RW (Base: 0x20000000, Size: 0x00000100, Max: 0xffffffff, ABSOLUTE)

    Base Addr    Size         Type   Attr      Idx    E Section Name        Object

    0x20000000   0x00000004   Data   RW          387    .data               systick.o
    0x20000004   0x00000025   Data   RW          429    .data               rtc.o
    0x20000029   0x00000003   PAD
    0x2000002c   0x00000004   Data   RW          610    .data               usart1.o
    0x20000030   0x00000002   Data   RW          699    .data               w25q64.o
    0x20000032   0x00000003   Data   RW         1113    .data               touch.o
    0x20000035   0x00000001   Data   RW         1210    .data               sd_driver.o
    0x20000036   0x00000010   Data   RW         3862    .data               stm32f4xx_rcc.o
    0x20000046   0x00000002   PAD
    0x20000048   0x00000006   Data   RW         6056    .data               ff.o
    0x2000004e   0x00000002   PAD
    0x20000050   0x00000004   Data   RW         6480    .data               i2s.o
    0x20000054   0x00000024   Data   RW         6545    .data               mymalloc.o
    0x20000078   0x00000006   Data   RW         6657    .data               wavplay.o
    0x2000007e   0x00000074   Data   RW         6721    .data               wm8978.o
    0x200000f2   0x00000002   PAD
    0x200000f4   0x00000004   Data   RW         7216    .data               mc_w.l(stdout.o)
    0x200000f8   0x00000004   Data   RW         7221    .data               mc_w.l(mvars.o)
    0x200000fc   0x00000004   Data   RW         7222    .data               mc_w.l(mvars.o)


    Execution Region ER_ZI (Base: 0x20000100, Size: 0x0001d960, Max: 0xffffffff, ABSOLUTE)

    Base Addr    Size         Type   Attr      Idx    E Section Name        Object

    0x20000100   0x0000000e   Zero   RW         1112    .bss                touch.o
    0x2000010e   0x0000000e   Zero   RW         1318    .bss                usart3spre.o
    0x2000011c   0x00000011   Zero   RW         6410    .bss                audioplay.o
    0x2000012d   0x00000013   PAD
    0x20000140   0x0001a900   Zero   RW         6543    .bss                mymalloc.o
    0x2001aa40   0x00000020   Zero   RW         6656    .bss                wavplay.o
    0x2001aa60   0x00002000   Zero   RW            2    HEAP                startup_stm32f40xx.o
    0x2001ca60   0x00001000   Zero   RW            1    STACK               startup_stm32f40xx.o



  Load Region LR$$.ARM.__AT_0x10000000 (Base: 0x10000000, Size: 0x00000000, Max: 0x0000f000, ABSOLUTE)

    Execution Region ER$$.ARM.__AT_0x10000000 (Base: 0x10000000, Size: 0x0000f000, Max: 0x0000f000, ABSOLUTE, UNINIT)

    Base Addr    Size         Type   Attr      Idx    E Section Name        Object

    0x10000000   0x0000f000   Zero   RW         6539    .ARM.__AT_0x10000000  mymalloc.o



  Load Region LR$$.ARM.__AT_0x1000F000 (Base: 0x1000f000, Size: 0x00000000, Max: 0x00000f00, ABSOLUTE)

    Execution Region ER$$.ARM.__AT_0x1000F000 (Base: 0x1000f000, Size: 0x00000f00, Max: 0x00000f00, ABSOLUTE, UNINIT)

    Base Addr    Size         Type   Attr      Idx    E Section Name        Object

    0x1000f000   0x00000f00   Zero   RW         6540    .ARM.__AT_0x1000F000  mymalloc.o



  Load Region LR$$.ARM.__AT_0x68000000 (Base: 0x68000000, Size: 0x00000000, Max: 0x000f0000, ABSOLUTE)

    Execution Region ER$$.ARM.__AT_0x68000000 (Base: 0x68000000, Size: 0x000f0000, Max: 0x000f0000, ABSOLUTE, UNINIT)

    Base Addr    Size         Type   Attr      Idx    E Section Name        Object

    0x68000000   0x000f0000   Zero   RW         6541    .ARM.__AT_0x68000000  mymalloc.o



  Load Region LR$$.ARM.__AT_0x680F0000 (Base: 0x680f0000, Size: 0x00000000, Max: 0x0000f000, ABSOLUTE)

    Execution Region ER$$.ARM.__AT_0x680F0000 (Base: 0x680f0000, Size: 0x0000f000, Max: 0x0000f000, ABSOLUTE, UNINIT)

    Base Addr    Size         Type   Attr      Idx    E Section Name        Object

    0x680f0000   0x0000f000   Zero   RW         6542    .ARM.__AT_0x680F0000  mymalloc.o


==============================================================================

Image component sizes


      Code (inc. data)   RO Data    RW Data    ZI Data      Debug   Object Name

       176          8          0          0          0        660   adc1.o
       100         28          0          0         17       2347   audioplay.o
       104         10          0          0          0        969   beep.o
       444          0          0          0          0       2001   delay.o
       266         14          0          0          0       4340   diskio.o
       132          8          0          0          0        941   dma.o
       210          4        180          0          0       2334   exfuns.o
      6896         94         23          6          0      47011   ff.o
        24          0          0          0          0       1055   ffsystem.o
       396         28     175030          0          0       2872   ffunicode.o
       500         50        110          4          0       4270   i2s.o
        92          6          0          0          0        523   iic.o
        76          8          0          0          0        515   key.o
       918         46     407144          0          0       6738   lcd.o
        68          4          0          0          0        511   led.o
       292         40          0          0          0     248139   main.o
       140         24          0          0          0       1599   misc.o
       132          8          0          0          0        696   motor.o
       504         60         36         36    1218560       6330   mymalloc.o
       226         62          0         37          0       2571   rtc.o
      1216         40          0          1          0       9355   sd_driver.o
       162          4          0          0          0       1257   servo_motor.o
       236         20          0          0          0       1177   spi1.o
        36          8        392          0      12288        836   startup_stm32f40xx.o
       414         24          0          0          0       6228   stm32f4xx_adc.o
       730         58          0          0          0       7145   stm32f4xx_dma.o
        12          6          0          0          0        557   stm32f4xx_exti.o
       240          0          0          0          0       3615   stm32f4xx_gpio.o
       388         52          0         16          0       6395   stm32f4xx_rcc.o
       274         26          0          0          0       4174   stm32f4xx_rtc.o
       562         12          0          0          0       5708   stm32f4xx_spi.o
       556         48          0          0          0       6938   stm32f4xx_tim.o
       468          8          0          0          0       6275   stm32f4xx_usart.o
       340         32          0          0          0      89541   system_stm32f4xx.o
        48         24          0          4          0        486   systick.o
       116         10          0          0          0       1097   time6.o
      1828        174          0          3         14       8775   touch.o
       372         36          0          4          0       2380   usart1.o
       928        194          0          0         14       2531   usart3spre.o
       220         16          0          2          0       2332   w25q64.o
      1024         74          0          6         32       5728   wavplay.o
       788         20          0        116          0       7391   wm8978.o
       408         60          0          0          0       2652   wmiic.o
       236         12          0          0          0       2216   ws2812s.o

    ----------------------------------------------------------------------
     23352       1460     582952        244    1230944     521211   Object Totals
         0          0         32          0          0          0   (incl. Generated)
        54          0          5          9         19          0   (incl. Padding)

    ----------------------------------------------------------------------

      Code (inc. data)   RO Data    RW Data    ZI Data      Debug   Library Member Name

         0          0          0          0          0          0   entry.o
         0          0          0          0          0          0   entry10a.o
         0          0          0          0          0          0   entry11a.o
         8          4          0          0          0          0   entry2.o
         4          0          0          0          0          0   entry5.o
         0          0          0          0          0          0   entry7b.o
         0          0          0          0          0          0   entry8b.o
         8          4          0          0          0          0   entry9a.o
        30          0          0          0          0          0   handlers.o
        36          8          0          0          0         68   init.o
        98          0          0          0          0         84   ldiv.o
        30          0          0          0          0         68   llshl.o
        32          0          0          0          0         68   llushr.o
       188         20          0          0          0        160   malloc.o
        26          0          0          0          0         80   memcmp.o
        36          0          0          0          0         68   memcpya.o
        36          0          0          0          0        108   memseta.o
         0          0          0          8          0          0   mvars.o
      1204         60          0          0          0        504   printf8.o
         0          0          0          4          0          0   stdout.o
        20          0          0          0          0         68   strchr.o
        28          0          0          0          0         76   strcmp.o
        18          0          0          0          0         68   strcpy.o
        98          0          0          0          0         92   uldiv.o

    ----------------------------------------------------------------------
      1904         96          0         12          0       1512   Library Totals
         4          0          0          0          0          0   (incl. Padding)

    ----------------------------------------------------------------------

      Code (inc. data)   RO Data    RW Data    ZI Data      Debug   Library Name

      1900         96          0         12          0       1512   mc_w.l

    ----------------------------------------------------------------------
      1904         96          0         12          0       1512   Library Totals

    ----------------------------------------------------------------------

==============================================================================


      Code (inc. data)   RO Data    RW Data    ZI Data      Debug   

     25256       1556     582952        256    1230944     500047   Grand Totals
     25256       1556     582952        256    1230944     500047   ELF Image Totals
     25256       1556     582952        256          0          0   ROM Totals

==============================================================================

    Total RO  Size (Code + RO Data)               608208 ( 593.95kB)
    Total RW  Size (RW Data + ZI Data)           1231200 (1202.34kB)
    Total ROM Size (Code + RO Data + RW Data)     608464 ( 594.20kB)

==============================================================================

