Component: ARM Compiler 5.06 update 2 (build 183) Tool: armlink [4d35b7]

==============================================================================

Section Cross References

    startup_stm32f40xx.o(RESET) refers to startup_stm32f40xx.o(STACK) for __initial_sp
    startup_stm32f40xx.o(RESET) refers to startup_stm32f40xx.o(.text) for Reset_Handler
    startup_stm32f40xx.o(RESET) refers to systick.o(i.SysTick_Handler) for SysTick_Handler
    startup_stm32f40xx.o(RESET) refers to rtc.o(i.RTC_WKUP_IRQHandler) for RTC_WKUP_IRQHandler
    startup_stm32f40xx.o(RESET) refers to i2s.o(i.DMA1_Stream4_IRQHandler) for DMA1_Stream4_IRQHandler
    startup_stm32f40xx.o(RESET) refers to usart1.o(i.USART1_IRQHandler) for USART1_IRQHandler
    startup_stm32f40xx.o(RESET) refers to usart2wifi.o(i.USART2_IRQHandler) for USART2_IRQHandler
    startup_stm32f40xx.o(RESET) refers to usart3spre.o(i.USART3_IRQHandler) for USART3_IRQHandler
    startup_stm32f40xx.o(RESET) refers to rtc.o(i.RTC_Alarm_IRQHandler) for RTC_Alarm_IRQHandler
    startup_stm32f40xx.o(RESET) refers to rs485_modbus_master.o(i.UART4_IRQHandler) for UART4_IRQHandler
    startup_stm32f40xx.o(RESET) refers to time6.o(i.TIM6_DAC_IRQHandler) for TIM6_DAC_IRQHandler
    startup_stm32f40xx.o(RESET) refers to tim7_7ms.o(i.TIM7_IRQHandler) for TIM7_IRQHandler
    startup_stm32f40xx.o(.text) refers to system_stm32f4xx.o(i.SystemInit) for SystemInit
    startup_stm32f40xx.o(.text) refers to entry.o(.ARM.Collect$$$$00000000) for __main
    system_stm32f4xx.o(i.SystemCoreClockUpdate) refers to system_stm32f4xx.o(.data) for SystemCoreClock
    system_stm32f4xx.o(i.SystemInit) refers to system_stm32f4xx.o(i.SetSysClock) for SetSysClock
    main.o(i.main) refers to misc.o(i.NVIC_PriorityGroupConfig) for NVIC_PriorityGroupConfig
    main.o(i.main) refers to led.o(i.Led_Init) for Led_Init
    main.o(i.main) refers to beep.o(i.Beep_Init) for Beep_Init
    main.o(i.main) refers to key.o(i.Key_Init) for Key_Init
    main.o(i.main) refers to beep.o(i.Beep_Start) for Beep_Start
    main.o(i.main) refers to usart1.o(i.Usart1_Init) for Usart1_Init
    main.o(i.main) refers to iic.o(i.IIc_Init) for IIc_Init
    main.o(i.main) refers to ws2812s.o(i.Rgb_Init) for Rgb_Init
    main.o(i.main) refers to time6.o(i.Time6_Intrerpute) for Time6_Intrerpute
    main.o(i.main) refers to w25q64.o(i.W25q64_Init) for W25q64_Init
    main.o(i.main) refers to lcd.o(i.LCD_Init) for LCD_Init
    main.o(i.main) refers to servo_motor.o(i.Tim2_ServoMotor_Init) for Tim2_ServoMotor_Init
    main.o(i.main) refers to motor.o(i.Tim3_DcMotor_Init) for Tim3_DcMotor_Init
    main.o(i.main) refers to usart3spre.o(i.Usart3_Init) for Usart3_Init
    main.o(i.main) refers to sterilize.o(i.Sterilize_Init) for Sterilize_Init
    main.o(i.main) refers to touch.o(i.Touch_Init) for Touch_Init
    main.o(i.main) refers to adc1.o(i.ADC1_Init) for ADC1_Init
    main.o(i.main) refers to dma.o(i.ADC1_DMA2_Stream0_CH0_Init) for ADC1_DMA2_Stream0_CH0_Init
    main.o(i.main) refers to wm8978.o(i.WM8978_Init) for WM8978_Init
    main.o(i.main) refers to wm8978.o(i.WM8978_HPvol_Set) for WM8978_HPvol_Set
    main.o(i.main) refers to wm8978.o(i.WM8978_SPKvol_Set) for WM8978_SPKvol_Set
    main.o(i.main) refers to wm8978.o(i.WM8978_ADDA_Cfg) for WM8978_ADDA_Cfg
    main.o(i.main) refers to wm8978.o(i.WM8978_Input_Cfg) for WM8978_Input_Cfg
    main.o(i.main) refers to wm8978.o(i.WM8978_Output_Cfg) for WM8978_Output_Cfg
    main.o(i.main) refers to wm8978.o(i.WM8978_I2S_Cfg) for WM8978_I2S_Cfg
    main.o(i.main) refers to i2s.o(i.I2S2_Init) for I2S2_Init
    main.o(i.main) refers to i2s.o(i.I2S2_SampleRate_Set) for I2S2_SampleRate_Set
    main.o(i.main) refers to i2s.o(i.I2S2_TX_DMA_Init) for I2S2_TX_DMA_Init
    main.o(i.main) refers to ff.o(i.f_mount) for f_mount
    main.o(i.main) refers to printfa.o(i.__0printf) for __2printf
    main.o(i.main) refers to systick.o(i.SysTick_Intrerput_Init) for SysTick_Intrerput_Init
    main.o(i.main) refers to can.o(i.Can_Config) for Can_Config
    main.o(i.main) refers to rs485_modbus_master.o(i.U4_Modbus_Init) for U4_Modbus_Init
    main.o(i.main) refers to modbus_slve.o(i.U4_Modbus_Slave_Init) for U4_Modbus_Slave_Init
    main.o(i.main) refers to tim7_7ms.o(i.TIM7_7ms_Config) for TIM7_7ms_Config
    main.o(i.main) refers to rs485_modbus_master.o(i.ModbusMaster_Transmit) for ModbusMaster_Transmit
    main.o(i.main) refers to delay.o(i.Delay_Ms) for Delay_Ms
    main.o(i.main) refers to rs485_modbus_master.o(i.ModbusMaster_Receive) for ModbusMaster_Receive
    main.o(i.main) refers to modbus_slve.o(i.get_Value) for get_Value
    main.o(i.main) refers to modbus_slve.o(i.modbus_slave_analy) for modbus_slave_analy
    main.o(i.main) refers to wavplay.o(.data) for status_dev
    main.o(i.main) refers to main.o(.data) for current_mode
    main.o(i.main) refers to rs485_modbus_master.o(.bss) for modbus_master
    main.o(i.main) refers to modbus_slve.o(.bss) for modbus_slve
[...]
    i.Lcd_Clear                              0x08001908   Section        0  lcd.o(i.Lcd_Clear)
    i.Lcd_SendCmd                            0x08001944   Section        0  lcd.o(i.Lcd_SendCmd)
    i.Lcd_SendData_16B                       0x08001970   Section        0  lcd.o(i.Lcd_SendData_16B)
    i.Lcd_Send_Data                          0x080019a4   Section        0  lcd.o(i.Lcd_Send_Data)
    i.Lcd_SetPosition                        0x080019d0   Section        0  lcd.o(i.Lcd_SetPosition)
    i.Lcd_TransferData                       0x08001a10   Section        0  lcd.o(i.Lcd_TransferData)
    i.Led_Init                               0x08001a50   Section        0  led.o(i.Led_Init)
    i.ModbusMaster_Receive                   0x08001a94   Section        0  rs485_modbus_master.o(i.ModbusMaster_Receive)
    i.ModbusMaster_Transmit                  0x08001bb8   Section        0  rs485_modbus_master.o(i.ModbusMaster_Transmit)
    i.Modbus_Handle_03                       0x08001c24   Section        0  modbus_slve.o(i.Modbus_Handle_03)
    i.NVIC_Init                              0x08001cf8   Section        0  misc.o(i.NVIC_Init)
    i.NVIC_PriorityGroupConfig               0x08001d70   Section        0  misc.o(i.NVIC_PriorityGroupConfig)
    i.RCC_AHB1PeriphClockCmd                 0x08001d84   Section        0  stm32f4xx_rcc.o(i.RCC_AHB1PeriphClockCmd)
    i.RCC_APB1PeriphClockCmd                 0x08001da4   Section        0  stm32f4xx_rcc.o(i.RCC_APB1PeriphClockCmd)
    i.RCC_APB1PeriphResetCmd                 0x08001dc4   Section        0  stm32f4xx_rcc.o(i.RCC_APB1PeriphResetCmd)
    i.RCC_APB2PeriphClockCmd                 0x08001de4   Section        0  stm32f4xx_rcc.o(i.RCC_APB2PeriphClockCmd)
    i.RCC_GetClocksFreq                      0x08001e04   Section        0  stm32f4xx_rcc.o(i.RCC_GetClocksFreq)
    i.RCC_PLLI2SCmd                          0x08001eec   Section        0  stm32f4xx_rcc.o(i.RCC_PLLI2SCmd)
    i.RCC_PLLI2SConfig                       0x08001ef8   Section        0  stm32f4xx_rcc.o(i.RCC_PLLI2SConfig)
    i.RS485_SendData                         0x08001f08   Section        0  rs485_modbus_master.o(i.RS485_SendData)
    i.RTC_Alarm_IRQHandler                   0x08001f5c   Section        0  rtc.o(i.RTC_Alarm_IRQHandler)
    i.RTC_Bcd2ToByte                         0x08001f84   Section        0  stm32f4xx_rtc.o(i.RTC_Bcd2ToByte)
    RTC_Bcd2ToByte                           0x08001f85   Thumb Code    22  stm32f4xx_rtc.o(i.RTC_Bcd2ToByte)
    i.RTC_ClearITPendingBit                  0x08001f9c   Section        0  stm32f4xx_rtc.o(i.RTC_ClearITPendingBit)
    i.RTC_GetDate                            0x08001fbc   Section        0  stm32f4xx_rtc.o(i.RTC_GetDate)
    i.RTC_GetITStatus                        0x08002008   Section        0  stm32f4xx_rtc.o(i.RTC_GetITStatus)
    i.RTC_GetTime                            0x08002048   Section        0  stm32f4xx_rtc.o(i.RTC_GetTime)
    i.RTC_WKUP_IRQHandler                    0x08002098   Section        0  rtc.o(i.RTC_WKUP_IRQHandler)
    i.Rgb_Control                            0x080020ba   Section        0  ws2812s.o(i.Rgb_Control)
    i.Rgb_Init                               0x0800210c   Section        0  ws2812s.o(i.Rgb_Init)
    i.Rgb_Rest                               0x08002168   Section        0  ws2812s.o(i.Rgb_Rest)
    i.Rgb_Send_Data                          0x08002180   Section        0  ws2812s.o(i.Rgb_Send_Data)
    i.Rtc_GetValue                           0x080021dc   Section        0  rtc.o(i.Rtc_GetValue)
    i.SD_DisSelect                           0x08002274   Section        0  sd_driver.o(i.SD_DisSelect)
    i.SD_GetResponse                         0x0800228c   Section        0  sd_driver.o(i.SD_GetResponse)
    i.SD_Initialize                          0x080022b4   Section        0  sd_driver.o(i.SD_Initialize)
    i.SD_PORT_Init                           0x08002444   Section        0  sd_driver.o(i.SD_PORT_Init)
    i.SD_ReadDisk                            0x08002488   Section        0  sd_driver.o(i.SD_ReadDisk)
    i.SD_RecvData                            0x08002500   Section        0  sd_driver.o(i.SD_RecvData)
    i.SD_SPI_ReadWriteByte                   0x08002538   Section        0  sd_driver.o(i.SD_SPI_ReadWriteByte)
    i.SD_SPI_SpeedHigh                       0x08002544   Section        0  sd_driver.o(i.SD_SPI_SpeedHigh)
    i.SD_SPI_SpeedLow                        0x0800256c   Section        0  sd_driver.o(i.SD_SPI_SpeedLow)
    i.SD_Select                              0x08002594   Section        0  sd_driver.o(i.SD_Select)
    i.SD_SendBlock                           0x080025b4   Section        0  sd_driver.o(i.SD_SendBlock)
    i.SD_SendCmd                             0x08002608   Section        0  sd_driver.o(i.SD_SendCmd)
    i.SD_WaitReady                           0x08002680   Section        0  sd_driver.o(i.SD_WaitReady)
    i.SD_WriteDisk                           0x080026a4   Section        0  sd_driver.o(i.SD_WriteDisk)
    i.SPI_Cmd                                0x08002738   Section        0  stm32f4xx_spi.o(i.SPI_Cmd)
    i.SPI_I2S_DMACmd                         0x08002750   Section        0  stm32f4xx_spi.o(i.SPI_I2S_DMACmd)
    i.SPI_I2S_GetFlagStatus                  0x08002762   Section        0  stm32f4xx_spi.o(i.SPI_I2S_GetFlagStatus)
    i.SPI_I2S_ReceiveData                    0x08002774   Section        0  stm32f4xx_spi.o(i.SPI_I2S_ReceiveData)
    i.SPI_I2S_SendData                       0x0800277a   Section        0  stm32f4xx_spi.o(i.SPI_I2S_SendData)
    i.SPI_Init                               0x0800277e   Section        0  stm32f4xx_spi.o(i.SPI_Init)
    i.SetSysClock                            0x080027bc   Section        0  system_stm32f4xx.o(i.SetSysClock)
    SetSysClock                              0x080027bd   Thumb Code   220  system_stm32f4xx.o(i.SetSysClock)
    i.Spi1_Change_By                         0x080028a8   Section        0  spi1.o(i.Spi1_Change_By)
    i.Spi1_Init                              0x080028e0   Section        0  spi1.o(i.Spi1_Init)
    i.Sterilize_Init                         0x08002994   Section        0  sterilize.o(i.Sterilize_Init)
    i.SysTick_CLKSourceConfig                0x080029d0   Section        0  misc.o(i.SysTick_CLKSourceConfig)
    i.SysTick_Handler                        0x080029f8   Section        0  systick.o(i.SysTick_Handler)
    i.SysTick_Intrerput_Init                 0x08002d0c   Section        0  systick.o(i.SysTick_Intrerput_Init)
    i.SystemInit                             0x08002dc4   Section        0  system_stm32f4xx.o(i.SystemInit)
    i.TIM6_DAC_IRQHandler                    0x08002e2c   Section        0  time6.o(i.TIM6_DAC_IRQHandler)
    i.TIM7_7ms_Config                        0x08002e64   Section        0  tim7_7ms.o(i.TIM7_7ms_Config)
    i.TIM7_IRQHandler                        0x08002ecc   Section        0  tim7_7ms.o(i.TIM7_IRQHandler)
    i.TIM_ClearITPendingBit                  0x08002f50   Section        0  stm32f4xx_tim.o(i.TIM_ClearITPendingBit)
    i.TIM_Cmd                                0x08002f56   Section        0  stm32f4xx_tim.o(i.TIM_Cmd)
    i.TIM_GetITStatus                        0x08002f6e   Section        0  stm32f4xx_tim.o(i.TIM_GetITStatus)
    i.TIM_ITConfig                           0x08002f90   Section        0  stm32f4xx_tim.o(i.TIM_ITConfig)
    i.TIM_OC2Init                            0x08002fa4   Section        0  stm32f4xx_tim.o(i.TIM_OC2Init)
    i.TIM_OC2PreloadConfig                   0x08003048   Section        0  stm32f4xx_tim.o(i.TIM_OC2PreloadConfig)
    i.TIM_OC3Init                            0x08003064   Section        0  stm32f4xx_tim.o(i.TIM_OC3Init)
    i.TIM_OC3PreloadConfig                   0x08003104   Section        0  stm32f4xx_tim.o(i.TIM_OC3PreloadConfig)
    i.TIM_SetCounter                         0x08003116   Section        0  stm32f4xx_tim.o(i.TIM_SetCounter)
    i.TIM_TimeBaseInit                       0x0800311c   Section        0  stm32f4xx_tim.o(i.TIM_TimeBaseInit)
    i.Tim2_ServoMotor_Init                   0x080031a0   Section        0  servo_motor.o(i.Tim2_ServoMotor_Init)
    i.Tim3_DcMotor_Init                      0x08003228   Section        0  motor.o(i.Tim3_DcMotor_Init)
    i.Time6_Intrerpute                       0x080032bc   Section        0  time6.o(i.Time6_Intrerpute)
    i.Touch_IIc_End                          0x08003320   Section        0  touch.o(i.Touch_IIc_End)
    i.Touch_IIc_Init                         0x08003358   Section        0  touch.o(i.Touch_IIc_Init)
    i.Touch_IIc_Re_Ct_Byte                   0x080033f8   Section        0  touch.o(i.Touch_IIc_Re_Ct_Byte)
    i.Touch_IIc_Rec_Ack                      0x08003458   Section        0  touch.o(i.Touch_IIc_Rec_Ack)
    i.Touch_IIc_Res_Byte                     0x080034b8   Section        0  touch.o(i.Touch_IIc_Res_Byte)
    i.Touch_IIc_Send_Ack                     0x08003518   Section        0  touch.o(i.Touch_IIc_Send_Ack)
    i.Touch_IIc_Send_Byte                    0x08003574   Section        0  touch.o(i.Touch_IIc_Send_Byte)
    i.Touch_IIc_Start                        0x080035d4   Section        0  touch.o(i.Touch_IIc_Start)
    i.Touch_Init                             0x0800360c   Section        0  touch.o(i.Touch_Init)
    i.Touch_Wr_Byte                          0x08003664   Section        0  touch.o(i.Touch_Wr_Byte)
    i.U4_Modbus_Init                         0x08003694   Section        0  rs485_modbus_master.o(i.U4_Modbus_Init)
    i.U4_Modbus_Slave_Init                   0x08003774   Section        0  modbus_slve.o(i.U4_Modbus_Slave_Init)
    i.UART4_IRQHandler                       0x0800385c   Section        0  rs485_modbus_master.o(i.UART4_IRQHandler)
    i.USART1_IRQHandler                      0x08003914   Section        0  usart1.o(i.USART1_IRQHandler)
    i.USART2_IRQHandler                      0x08003970   Section        0  usart2wifi.o(i.USART2_IRQHandler)
    i.USART2_SendByte                        0x08003a0c   Section        0  usart2wifi.o(i.USART2_SendByte)
    i.USART2_SendString                      0x08003a3c   Section        0  usart2wifi.o(i.USART2_SendString)
    i.USART3_IRQHandler                      0x08003a54   Section        0  usart3spre.o(i.USART3_IRQHandler)
    i.USART_ClearITPendingBit                0x08003ae8   Section        0  stm32f4xx_usart.o(i.USART_ClearITPendingBit)
    i.USART_Cmd                              0x08003b06   Section        0  stm32f4xx_usart.o(i.USART_Cmd)
    i.USART_GetFlagStatus                    0x08003b1e   Section        0  stm32f4xx_usart.o(i.USART_GetFlagStatus)
    i.USART_GetITStatus                      0x08003b38   Section        0  stm32f4xx_usart.o(i.USART_GetITStatus)
    i.USART_ITConfig                         0x08003b8c   Section        0  stm32f4xx_usart.o(i.USART_ITConfig)
    i.USART_Init                             0x08003bd8   Section        0  stm32f4xx_usart.o(i.USART_Init)
    i.USART_ReceiveData                      0x08003cac   Section        0  stm32f4xx_usart.o(i.USART_ReceiveData)
    i.USART_SendData                         0x08003cb6   Section        0  stm32f4xx_usart.o(i.USART_SendData)
    i.Usart1_Init                            0x08003cc0   Section        0  usart1.o(i.Usart1_Init)
    i.Usart1_SendByte                        0x08003d70   Section        0  usart1.o(i.Usart1_SendByte)
    i.Usart3_Init                            0x08003da0   Section        0  usart3spre.o(i.Usart3_Init)
    i.W25q64_Init                            0x08003e54   Section        0  w25q64.o(i.W25q64_Init)
    i.WM8978_ADDA_Cfg                        0x08003e90   Section        0  wm8978.o(i.WM8978_ADDA_Cfg)
    i.WM8978_AUX_Gain                        0x08003ed2   Section        0  wm8978.o(i.WM8978_AUX_Gain)
    i.WM8978_HPvol_Set                       0x08003f0a   Section        0  wm8978.o(i.WM8978_HPvol_Set)
    i.WM8978_I2S_Cfg                         0x08003f38   Section        0  wm8978.o(i.WM8978_I2S_Cfg)
    i.WM8978_Init                            0x08003f54   Section        0  wm8978.o(i.WM8978_Init)
    i.WM8978_Input_Cfg                       0x08004054   Section        0  wm8978.o(i.WM8978_Input_Cfg)
    i.WM8978_LINEIN_Gain                     0x080040bc   Section        0  wm8978.o(i.WM8978_LINEIN_Gain)
    i.WM8978_Output_Cfg                      0x080040f4   Section        0  wm8978.o(i.WM8978_Output_Cfg)
    i.WM8978_Read_Reg                        0x08004120   Section        0  wm8978.o(i.WM8978_Read_Reg)
    i.WM8978_SPKvol_Set                      0x08004130   Section        0  wm8978.o(i.WM8978_SPKvol_Set)
    i.WM8978_Write_Reg                       0x08004154   Section        0  wm8978.o(i.WM8978_Write_Reg)
    i.WM_IIC_Init                            0x080041a8   Section        0  wmiic.o(i.WM_IIC_Init)
    i.WM_IIC_Start                           0x080041f0   Section        0  wmiic.o(i.WM_IIC_Start)
    i.WM_IIC_Stop                            0x08004244   Section        0  wmiic.o(i.WM_IIC_Stop)
    i.WM_IIC_Wait_ACK                        0x08004290   Section        0  wmiic.o(i.WM_IIC_Wait_ACK)
    i.WM_IIC_WriteByte                       0x080042d0   Section        0  wmiic.o(i.WM_IIC_WriteByte)
    i.__0printf                              0x08004340   Section        0  printfa.o(i.__0printf)
    i.__0sprintf                             0x08004360   Section        0  printfa.o(i.__0sprintf)
    i.__scatterload_copy                     0x08004388   Section       14  handlers.o(i.__scatterload_copy)
    i.__scatterload_null                     0x08004396   Section        2  handlers.o(i.__scatterload_null)
    i.__scatterload_zeroinit                 0x08004398   Section       14  handlers.o(i.__scatterload_zeroinit)
    i._fp_digits                             0x080043a8   Section        0  printfa.o(i._fp_digits)
    _fp_digits                               0x080043a9   Thumb Code   334  printfa.o(i._fp_digits)
    i._printf_core                           0x0800450c   Section        0  printfa.o(i._printf_core)
    _printf_core                             0x0800450d   Thumb Code  1744  printfa.o(i._printf_core)
    i._printf_post_padding                   0x08004be8   Section        0  printfa.o(i._printf_post_padding)
    _printf_post_padding                     0x08004be9   Thumb Code    36  printfa.o(i._printf_post_padding)
    i._printf_pre_padding                    0x08004c0c   Section        0  printfa.o(i._printf_pre_padding)
    _printf_pre_padding                      0x08004c0d   Thumb Code    46  printfa.o(i._printf_pre_padding)
    i._sputc                                 0x08004c3a   Section        0  printfa.o(i._sputc)
    _sputc                                   0x08004c3b   Thumb Code    10  printfa.o(i._sputc)
    i.check_fs                               0x08004c44   Section        0  ff.o(i.check_fs)
    check_fs                                 0x08004c45   Thumb Code   210  ff.o(i.check_fs)
    i.crc16_modbus                           0x08004d24   Section        0  crc_table.o(i.crc16_modbus)
    i.disk_initialize                        0x08004d5c   Section        0  diskio.o(i.disk_initialize)
    i.disk_read                              0x08004d70   Section        0  diskio.o(i.disk_read)
    i.disk_status                            0x08004d94   Section        0  diskio.o(i.disk_status)
    i.disk_write                             0x08004da0   Section        0  diskio.o(i.disk_write)
    i.f_mount                                0x08004dd8   Section        0  ff.o(i.f_mount)
    i.find_volume                            0x08004e2c   Section        0  ff.o(i.find_volume)
    find_volume                              0x08004e2d   Thumb Code   120  ff.o(i.find_volume)
    i.fputc                                  0x08004ea4   Section        0  usart1.o(i.fputc)
    i.get_Value                              0x08004eb4   Section        0  modbus_slve.o(i.get_Value)
    i.get_ldnumber                           0x08004ed8   Section        0  ff.o(i.get_ldnumber)
    get_ldnumber                             0x08004ed9   Thumb Code    78  ff.o(i.get_ldnumber)
    i.lcd_Port_Init                          0x08004f28   Section        0  lcd.o(i.lcd_Port_Init)
    i.ld_dword                               0x08004f7c   Section        0  ff.o(i.ld_dword)
    ld_dword                                 0x08004f7d   Thumb Code    24  ff.o(i.ld_dword)
    i.ld_word                                0x08004f94   Section        0  ff.o(i.ld_word)
    ld_word                                  0x08004f95   Thumb Code    12  ff.o(i.ld_word)
    i.main                                   0x08004fa0   Section        0  main.o(i.main)
    i.modbus_error                           0x080051c0   Section        0  modbus_slve.o(i.modbus_error)
    i.modbus_slave_analy                     0x08005208   Section        0  modbus_slve.o(i.modbus_slave_analy)
    i.mount_volume                           0x080053ec   Section        0  ff.o(i.mount_volume)
    mount_volume                             0x080053ed   Thumb Code   658  ff.o(i.mount_volume)
    i.move_window                            0x08005694   Section        0  ff.o(i.move_window)
    move_window                              0x08005695   Thumb Code    52  ff.o(i.move_window)
    i.sync_window                            0x080056c8   Section        0  ff.o(i.sync_window)
    sync_window                              0x080056c9   Thumb Code    74  ff.o(i.sync_window)
    .constdata                               0x08005712   Section      512  crc_table.o(.constdata)
    auchCRCHi                                0x08005712   Data         256  crc_table.o(.constdata)
    auchCRCLo                                0x08005812   Data         256  crc_table.o(.constdata)
    .constdata                               0x08005912   Section      110  i2s.o(.constdata)
    .ARM.__AT_0x10000000                     0x10000000   Section    61440  mymalloc.o(.ARM.__AT_0x10000000)
    .ARM.__AT_0x1000F000                     0x1000f000   Section     3840  mymalloc.o(.ARM.__AT_0x1000F000)
    .data                                    0x20000000   Section        1  main.o(.data)
    .data                                    0x20000004   Section       12  systick.o(.data)
    g_tick_ms                                0x20000008   Data           4  systick.o(.data)
    touch_tick                               0x2000000c   Data           2  systick.o(.data)
    touch_processed                          0x2000000e   Data           1  systick.o(.data)
    swipe_processed                          0x2000000f   Data           1  systick.o(.data)
    .data                                    0x20000010   Section       37  rtc.o(.data)
    .data                                    0x20000038   Section        8  time6.o(.data)
    .data                                    0x20000040   Section        1  sd_driver.o(.data)
    .data                                    0x20000041   Section        3  music_ct.o(.data)
    .data                                    0x20000044   Section       16  stm32f4xx_rcc.o(.data)
    APBAHBPrescTable                         0x20000044   Data          16  stm32f4xx_rcc.o(.data)
    .data                                    0x20000054   Section        6  ff.o(.data)
    FatFs                                    0x20000054   Data           4  ff.o(.data)
    Fsid                                     0x20000058   Data           2  ff.o(.data)
    .data                                    0x2000005c   Section        4  i2s.o(.data)
    .data                                    0x20000060   Section        6  wavplay.o(.data)
    .data                                    0x20000066   Section      116  wm8978.o(.data)
    WM8978_REGVAL_TBL                        0x20000066   Data         116  wm8978.o(.data)
    .data                                    0x200000dc   Section        4  stdout.o(.data)
    .bss                                     0x200000e0   Section     1026  usart1.o(.bss)
    .bss                                     0x200004e4   Section       44  touch.o(.bss)
    .bss                                     0x20000510   Section       14  usart3spre.o(.bss)
    .bss                                     0x2000051e   Section      262  usart2wifi.o(.bss)
    .bss                                     0x20000624   Section      526  rs485_modbus_master.o(.bss)
    .bss                                     0x20000832   Section      526  modbus_slve.o(.bss)
    STACK                                    0x20000a40   Section     4096  startup_stm32f40xx.o(STACK)
    .ARM.__AT_0x68000000                     0x68000000   Section    983040  mymalloc.o(.ARM.__AT_0x68000000)
    .ARM.__AT_0x680F0000                     0x680f0000   Section    61440  mymalloc.o(.ARM.__AT_0x680F0000)

    Global Symbols

    Symbol Name                              Value     Ov Type        Size  Object(Section)

    BuildAttributes$$THM_ISAv4$E$P$D$K$B$S$7EM$VFPi3$EXTD16$VFPS$VFMA$PE$A:L22UL41UL21$X:L11$S22US41US21$IEEE1$IW$USESV6$~STKCKD$USESV7$~SHL$OSPACE$ROPI$EBA8$MICROLIB$REQ8$PRES8$EABIv2 0x00000000   Number         0  anon$$obj.o ABSOLUTE
    __ARM_use_no_argv                        0x00000000   Number         0  main.o ABSOLUTE
    _printf_a                                0x00000000   Number         0  stubs.o ABSOLUTE
    _printf_c                                0x00000000   Number         0  stubs.o ABSOLUTE
    _printf_charcount                        0x00000000   Number         0  stubs.o ABSOLUTE
    _printf_d                                0x00000000   Number         0  stubs.o ABSOLUTE
    _printf_e                                0x00000000   Number         0  stubs.o ABSOLUTE
    _printf_f                                0x00000000   Number         0  stubs.o ABSOLUTE
    _printf_flags                            0x00000000   Number         0  stubs.o ABSOLUTE
    _printf_fp_dec                           0x00000000   Number         0  stubs.o ABSOLUTE
    _printf_fp_hex                           0x00000000   Number         0  stubs.o ABSOLUTE
    _printf_g                                0x00000000   Number         0  stubs.o ABSOLUTE
    _printf_i                                0x00000000   Number         0  stubs.o ABSOLUTE
    _printf_int_dec                          0x00000000   Number         0  stubs.o ABSOLUTE
    _printf_l                                0x00000000   Number         0  stubs.o ABSOLUTE
    _printf_lc                               0x00000000   Number         0  stubs.o ABSOLUTE
    _printf_ll                               0x00000000   Number         0  stubs.o ABSOLUTE
    _printf_lld                              0x00000000   Number         0  stubs.o ABSOLUTE
    _printf_lli                              0x00000000   Number         0  stubs.o ABSOLUTE
    _printf_llo                              0x00000000   Number         0  stubs.o ABSOLUTE
    _printf_llu                              0x00000000   Number         0  stubs.o ABSOLUTE
    _printf_llx                              0x00000000   Number         0  stubs.o ABSOLUTE
    _printf_longlong_dec                     0x00000000   Number         0  stubs.o ABSOLUTE
    _printf_longlong_hex                     0x00000000   Number         0  stubs.o ABSOLUTE
    _printf_longlong_oct                     0x00000000   Number         0  stubs.o ABSOLUTE
    _printf_ls                               0x00000000   Number         0  stubs.o ABSOLUTE
    _printf_mbtowc                           0x00000000   Number         0  stubs.o ABSOLUTE
    _printf_n                                0x00000000   Number         0  stubs.o ABSOLUTE
    _printf_o                                0x00000000   Number         0  stubs.o ABSOLUTE
    _printf_p                                0x00000000   Number         0  stubs.o ABSOLUTE
    _printf_percent                          0x00000000   Number         0  stubs.o ABSOLUTE
    _printf_pre_padding                      0x00000000   Number         0  stubs.o ABSOLUTE
    _printf_return_value                     0x00000000   Number         0  stubs.o ABSOLUTE
    _printf_s                                0x00000000   Number         0  stubs.o ABSOLUTE
    _printf_sizespec                         0x00000000   Number         0  stubs.o ABSOLUTE
    _printf_str                              0x00000000   Number         0  stubs.o ABSOLUTE
    _printf_truncate_signed                  0x00000000   Number         0  stubs.o ABSOLUTE
    _printf_truncate_unsigned                0x00000000   Number         0  stubs.o ABSOLUTE
    _printf_u                                0x00000000   Number         0  stubs.o ABSOLUTE
    _printf_wc                               0x00000000   Number         0  stubs.o ABSOLUTE
    _printf_wctomb                           0x00000000   Number         0  stubs.o ABSOLUTE
    _printf_widthprec                        0x00000000   Number         0  stubs.o ABSOLUTE
    _printf_x                                0x00000000   Number         0  stubs.o ABSOLUTE
    __cpp_initialize__aeabi_                  - Undefined Weak Reference
    __cxa_finalize                            - Undefined Weak Reference
    __decompress                              - Undefined Weak Reference
    _clock_init                               - Undefined Weak Reference
    _microlib_exit                            - Undefined Weak Reference
    _scanf_longlong                           - Undefined Weak Reference
    _scanf_real                               - Undefined Weak Reference
    _scanf_string                             - Undefined Weak Reference
    __Vectors_Size                           0x00000188   Number         0  startup_stm32f40xx.o ABSOLUTE
    __Vectors                                0x08000000   Data           4  startup_stm32f40xx.o(RESET)
    __Vectors_End                            0x08000188   Data           0  startup_stm32f40xx.o(RESET)
    __main                                   0x08000189   Thumb Code     0  entry.o(.ARM.Collect$$$$00000000)
    _main_stk                                0x08000189   Thumb Code     0  entry2.o(.ARM.Collect$$$$00000001)
    _main_scatterload                        0x0800018d   Thumb Code     0  entry5.o(.ARM.Collect$$$$00000004)
    __main_after_scatterload                 0x08000191   Thumb Code     0  entry5.o(.ARM.Collect$$$$00000004)
    _main_clock                              0x08000191   Thumb Code     0  entry7b.o(.ARM.Collect$$$$00000008)
    _main_cpp_init                           0x08000191   Thumb Code     0  entry8b.o(.ARM.Collect$$$$0000000A)
    _main_init                               0x08000191   Thumb Code     0  entry9a.o(.ARM.Collect$$$$0000000B)
    __rt_final_cpp                           0x08000199   Thumb Code     0  entry10a.o(.ARM.Collect$$$$0000000D)
    __rt_final_exit                          0x08000199   Thumb Code     0  entry11a.o(.ARM.Collect$$$$0000000F)
    Reset_Handler                            0x0800019d   Thumb Code     8  startup_stm32f40xx.o(.text)
    NMI_Handler                              0x080001a5   Thumb Code     2  startup_stm32f40xx.o(.text)
    HardFault_Handler                        0x080001a7   Thumb Code     2  startup_stm32f40xx.o(.text)
    MemManage_Handler                        0x080001a9   Thumb Code     2  startup_stm32f40xx.o(.text)
    BusFault_Handler                         0x080001ab   Thumb Code     2  startup_stm32f40xx.o(.text)
    UsageFault_Handler                       0x080001ad   Thumb Code     2  startup_stm32f40xx.o(.text)
    SVC_Handler                              0x080001af   Thumb Code     2  startup_stm32f40xx.o(.text)
    DebugMon_Handler                         0x080001b1   Thumb Code     2  startup_stm32f40xx.o(.text)
    PendSV_Handler                           0x080001b3   Thumb Code     2  startup_stm32f40xx.o(.text)
    ADC_IRQHandler                           0x080001b7   Thumb Code     0  startup_stm32f40xx.o(.text)
    CAN1_RX0_IRQHandler                      0x080001b7   Thumb Code     0  startup_stm32f40xx.o(.text)
    CAN1_RX1_IRQHandler                      0x080001b7   Thumb Code     0  startup_stm32f40xx.o(.text)
    CAN1_SCE_IRQHandler                      0x080001b7   Thumb Code     0  startup_stm32f40xx.o(.text)
    CAN1_TX_IRQHandler                       0x080001b7   Thumb Code     0  startup_stm32f40xx.o(.text)
    CAN2_RX0_IRQHandler                      0x080001b7   Thumb Code     0  startup_stm32f40xx.o(.text)
    CAN2_RX1_IRQHandler                      0x080001b7   Thumb Code     0  startup_stm32f40xx.o(.text)
    CAN2_SCE_IRQHandler                      0x080001b7   Thumb Code     0  startup_stm32f40xx.o(.text)
    CAN2_TX_IRQHandler                       0x080001b7   Thumb Code     0  startup_stm32f40xx.o(.text)
    CRYP_IRQHandler                          0x080001b7   Thumb Code     0  startup_stm32f40xx.o(.text)
    DCMI_IRQHandler                          0x080001b7   Thumb Code     0  startup_stm32f40xx.o(.text)
    DMA1_Stream0_IRQHandler                  0x080001b7   Thumb Code     0  startup_stm32f40xx.o(.text)
    DMA1_Stream1_IRQHandler                  0x080001b7   Thumb Code     0  startup_stm32f40xx.o(.text)
    DMA1_Stream2_IRQHandler                  0x080001b7   Thumb Code     0  startup_stm32f40xx.o(.text)
    DMA1_Stream3_IRQHandler                  0x080001b7   Thumb Code     0  startup_stm32f40xx.o(.text)
    DMA1_Stream5_IRQHandler                  0x080001b7   Thumb Code     0  startup_stm32f40xx.o(.text)
    DMA1_Stream6_IRQHandler                  0x080001b7   Thumb Code     0  startup_stm32f40xx.o(.text)
    DMA1_Stream7_IRQHandler                  0x080001b7   Thumb Code     0  startup_stm32f40xx.o(.text)
    DMA2_Stream0_IRQHandler                  0x080001b7   Thumb Code     0  startup_stm32f40xx.o(.text)
    DMA2_Stream1_IRQHandler                  0x080001b7   Thumb Code     0  startup_stm32f40xx.o(.text)
    DMA2_Stream2_IRQHandler                  0x080001b7   Thumb Code     0  startup_stm32f40xx.o(.text)
    DMA2_Stream3_IRQHandler                  0x080001b7   Thumb Code     0  startup_stm32f40xx.o(.text)
    DMA2_Stream4_IRQHandler                  0x080001b7   Thumb Code     0  startup_stm32f40xx.o(.text)
    DMA2_Stream5_IRQHandler                  0x080001b7   Thumb Code     0  startup_stm32f40xx.o(.text)
    DMA2_Stream6_IRQHandler                  0x080001b7   Thumb Code     0  startup_stm32f40xx.o(.text)
    DMA2_Stream7_IRQHandler                  0x080001b7   Thumb Code     0  startup_stm32f40xx.o(.text)
    ETH_IRQHandler                           0x080001b7   Thumb Code     0  startup_stm32f40xx.o(.text)
    ETH_WKUP_IRQHandler                      0x080001b7   Thumb Code     0  startup_stm32f40xx.o(.text)
    EXTI0_IRQHandler                         0x080001b7   Thumb Code     0  startup_stm32f40xx.o(.text)
    EXTI15_10_IRQHandler                     0x080001b7   Thumb Code     0  startup_stm32f40xx.o(.text)
    EXTI1_IRQHandler                         0x080001b7   Thumb Code     0  startup_stm32f40xx.o(.text)
    EXTI2_IRQHandler                         0x080001b7   Thumb Code     0  startup_stm32f40xx.o(.text)
    EXTI3_IRQHandler                         0x080001b7   Thumb Code     0  startup_stm32f40xx.o(.text)
    EXTI4_IRQHandler                         0x080001b7   Thumb Code     0  startup_stm32f40xx.o(.text)
    EXTI9_5_IRQHandler                       0x080001b7   Thumb Code     0  startup_stm32f40xx.o(.text)
    FLASH_IRQHandler                         0x080001b7   Thumb Code     0  startup_stm32f40xx.o(.text)
    FPU_IRQHandler                           0x080001b7   Thumb Code     0  startup_stm32f40xx.o(.text)
    FSMC_IRQHandler                          0x080001b7   Thumb Code     0  startup_stm32f40xx.o(.text)
    HASH_RNG_IRQHandler                      0x080001b7   Thumb Code     0  startup_stm32f40xx.o(.text)
    I2C1_ER_IRQHandler                       0x080001b7   Thumb Code     0  startup_stm32f40xx.o(.text)
    I2C1_EV_IRQHandler                       0x080001b7   Thumb Code     0  startup_stm32f40xx.o(.text)
    I2C2_ER_IRQHandler                       0x080001b7   Thumb Code     0  startup_stm32f40xx.o(.text)
    I2C2_EV_IRQHandler                       0x080001b7   Thumb Code     0  startup_stm32f40xx.o(.text)
    I2C3_ER_IRQHandler                       0x080001b7   Thumb Code     0  startup_stm32f40xx.o(.text)
    I2C3_EV_IRQHandler                       0x080001b7   Thumb Code     0  startup_stm32f40xx.o(.text)
    OTG_FS_IRQHandler                        0x080001b7   Thumb Code     0  startup_stm32f40xx.o(.text)
    OTG_FS_WKUP_IRQHandler                   0x080001b7   Thumb Code     0  startup_stm32f40xx.o(.text)
    OTG_HS_EP1_IN_IRQHandler                 0x080001b7   Thumb Code     0  startup_stm32f40xx.o(.text)
    OTG_HS_EP1_OUT_IRQHandler                0x080001b7   Thumb Code     0  startup_stm32f40xx.o(.text)
    OTG_HS_IRQHandler                        0x080001b7   Thumb Code     0  startup_stm32f40xx.o(.text)
    OTG_HS_WKUP_IRQHandler                   0x080001b7   Thumb Code     0  startup_stm32f40xx.o(.text)
    PVD_IRQHandler                           0x080001b7   Thumb Code     0  startup_stm32f40xx.o(.text)
    RCC_IRQHandler                           0x080001b7   Thumb Code     0  startup_stm32f40xx.o(.text)
    SDIO_IRQHandler                          0x080001b7   Thumb Code     0  startup_stm32f40xx.o(.text)
    SPI1_IRQHandler                          0x080001b7   Thumb Code     0  startup_stm32f40xx.o(.text)
    SPI2_IRQHandler                          0x080001b7   Thumb Code     0  startup_stm32f40xx.o(.text)
    SPI3_IRQHandler                          0x080001b7   Thumb Code     0  startup_stm32f40xx.o(.text)
    TAMP_STAMP_IRQHandler                    0x080001b7   Thumb Code     0  startup_stm32f40xx.o(.text)
    TIM1_BRK_TIM9_IRQHandler                 0x080001b7   Thumb Code     0  startup_stm32f40xx.o(.text)
    TIM1_CC_IRQHandler                       0x080001b7   Thumb Code     0  startup_stm32f40xx.o(.text)
    TIM1_TRG_COM_TIM11_IRQHandler            0x080001b7   Thumb Code     0  startup_stm32f40xx.o(.text)
    TIM1_UP_TIM10_IRQHandler                 0x080001b7   Thumb Code     0  startup_stm32f40xx.o(.text)
    TIM2_IRQHandler                          0x080001b7   Thumb Code     0  startup_stm32f40xx.o(.text)
    TIM3_IRQHandler                          0x080001b7   Thumb Code     0  startup_stm32f40xx.o(.text)
    TIM4_IRQHandler                          0x080001b7   Thumb Code     0  startup_stm32f40xx.o(.text)
    TIM5_IRQHandler                          0x080001b7   Thumb Code     0  startup_stm32f40xx.o(.text)
    TIM8_BRK_TIM12_IRQHandler                0x080001b7   Thumb Code     0  startup_stm32f40xx.o(.text)
    TIM8_CC_IRQHandler                       0x080001b7   Thumb Code     0  startup_stm32f40xx.o(.text)
    TIM8_TRG_COM_TIM14_IRQHandler            0x080001b7   Thumb Code     0  startup_stm32f40xx.o(.text)
    TIM8_UP_TIM13_IRQHandler                 0x080001b7   Thumb Code     0  startup_stm32f40xx.o(.text)
    UART5_IRQHandler                         0x080001b7   Thumb Code     0  startup_stm32f40xx.o(.text)
    USART6_IRQHandler                        0x080001b7   Thumb Code     0  startup_stm32f40xx.o(.text)
    WWDG_IRQHandler                          0x080001b7   Thumb Code     0  startup_stm32f40xx.o(.text)
    __aeabi_memset                           0x080001c1   Thumb Code    14  memseta.o(.text)
    __aeabi_memset4                          0x080001c1   Thumb Code     0  memseta.o(.text)
    __aeabi_memset8                          0x080001c1   Thumb Code     0  memseta.o(.text)
    __aeabi_memclr                           0x080001cf   Thumb Code     4  memseta.o(.text)
    __aeabi_memclr4                          0x080001cf   Thumb Code     0  memseta.o(.text)
    __aeabi_memclr8                          0x080001cf   Thumb Code     0  memseta.o(.text)
    _memset$wrapper                          0x080001d3   Thumb Code    18  memseta.o(.text)
    strstr                                   0x080001e5   Thumb Code    36  strstr.o(.text)
    memcmp                                   0x08000209   Thumb Code    26  memcmp.o(.text)
    __aeabi_uidiv                            0x08000223   Thumb Code     0  uidiv.o(.text)
    __aeabi_uidivmod                         0x08000223   Thumb Code    44  uidiv.o(.text)
    __aeabi_uldivmod                         0x0800024f   Thumb Code    98  uldiv.o(.text)
    __I$use$fp                               0x080002b1   Thumb Code     0  iusefp.o(.text)
    __aeabi_dadd                             0x080002b1   Thumb Code   322  dadd.o(.text)
    __aeabi_dsub                             0x080003f3   Thumb Code     6  dadd.o(.text)
    __aeabi_drsub                            0x080003f9   Thumb Code     6  dadd.o(.text)
    __aeabi_dmul                             0x080003ff   Thumb Code   228  dmul.o(.text)
    __aeabi_ddiv                             0x080004e3   Thumb Code   222  ddiv.o(.text)
    __aeabi_d2ulz                            0x080005c1   Thumb Code    48  dfixul.o(.text)
    __aeabi_cdrcmple                         0x080005f1   Thumb Code    48  cdrcmple.o(.text)
    __scatterload                            0x08000621   Thumb Code    28  init.o(.text)
    __scatterload_rt2                        0x08000621   Thumb Code     0  init.o(.text)
    __aeabi_llsl                             0x08000645   Thumb Code    30  llshl.o(.text)
    _ll_shift_l                              0x08000645   Thumb Code     0  llshl.o(.text)
    __aeabi_llsr                             0x08000663   Thumb Code    32  llushr.o(.text)
    _ll_ushift_r                             0x08000663   Thumb Code     0  llushr.o(.text)
    __aeabi_lasr                             0x08000683   Thumb Code    36  llsshr.o(.text)
    _ll_sshift_r                             0x08000683   Thumb Code     0  llsshr.o(.text)
    _double_round                            0x080006a7   Thumb Code    30  depilogue.o(.text)
    _double_epilogue                         0x080006c5   Thumb Code   156  depilogue.o(.text)
    ADC1_DMA2_Stream0_CH0_Init               0x08000761   Thumb Code   124  dma.o(i.ADC1_DMA2_Stream0_CH0_Init)
    ADC1_Init                                0x080007e5   Thumb Code   168  adc1.o(i.ADC1_Init)
    ADC_Cmd                                  0x08000895   Thumb Code    22  stm32f4xx_adc.o(i.ADC_Cmd)
    ADC_CommonInit                           0x080008ad   Thumb Code    34  stm32f4xx_adc.o(i.ADC_CommonInit)
    ADC_DMACmd                               0x080008dd   Thumb Code    22  stm32f4xx_adc.o(i.ADC_DMACmd)
    ADC_DMARequestAfterLastTransferCmd       0x080008f3   Thumb Code    22  stm32f4xx_adc.o(i.ADC_DMARequestAfterLastTransferCmd)
    ADC_EOCOnEachRegularChannelCmd           0x08000909   Thumb Code    22  stm32f4xx_adc.o(i.ADC_EOCOnEachRegularChannelCmd)
    ADC_Init                                 0x08000921   Thumb Code    74  stm32f4xx_adc.o(i.ADC_Init)
    ADC_RegularChannelConfig                 0x08000975   Thumb Code   184  stm32f4xx_adc.o(i.ADC_RegularChannelConfig)
    ADC_SoftwareStartConv                    0x08000a2d   Thumb Code    10  stm32f4xx_adc.o(i.ADC_SoftwareStartConv)
    Beep_Init                                0x08000a39   Thumb Code    58  beep.o(i.Beep_Init)
    Beep_Start                               0x08000a79   Thumb Code    36  beep.o(i.Beep_Start)
    CAN_FilterInit                           0x08000aa1   Thumb Code   258  stm32f4xx_can.o(i.CAN_FilterInit)
    CAN_Init                                 0x08000ba9   Thumb Code   276  stm32f4xx_can.o(i.CAN_Init)
    Can_Config                               0x08000cbd   Thumb Code   218  can.o(i.Can_Config)
    DMA1_Stream4_IRQHandler                  0x08000da1   Thumb Code    30  i2s.o(i.DMA1_Stream4_IRQHandler)
    DMA_ClearITPendingBit                    0x08000dcd   Thumb Code    38  stm32f4xx_dma.o(i.DMA_ClearITPendingBit)
    DMA_Cmd                                  0x08000e01   Thumb Code    22  stm32f4xx_dma.o(i.DMA_Cmd)
    DMA_DeInit                               0x08000e19   Thumb Code   324  stm32f4xx_dma.o(i.DMA_DeInit)
    DMA_DoubleBufferModeCmd                  0x08000f71   Thumb Code    22  stm32f4xx_dma.o(i.DMA_DoubleBufferModeCmd)
    DMA_DoubleBufferModeConfig               0x08000f87   Thumb Code    24  stm32f4xx_dma.o(i.DMA_DoubleBufferModeConfig)
    DMA_GetCmdStatus                         0x08000f9f   Thumb Code    20  stm32f4xx_dma.o(i.DMA_GetCmdStatus)
    DMA_GetITStatus                          0x08000fb5   Thumb Code    82  stm32f4xx_dma.o(i.DMA_GetITStatus)
    DMA_ITConfig                             0x08001019   Thumb Code    58  stm32f4xx_dma.o(i.DMA_ITConfig)
    DMA_Init                                 0x08001055   Thumb Code    82  stm32f4xx_dma.o(i.DMA_Init)
    Delay_Ms                                 0x080010ad   Thumb Code    24  delay.o(i.Delay_Ms)
    Delay_Ns_Rgb                             0x080010c5   Thumb Code    70  delay.o(i.Delay_Ns_Rgb)
    Delay_Us                                 0x0800110b   Thumb Code   350  delay.o(i.Delay_Us)
    EXTI_ClearITPendingBit                   0x08001269   Thumb Code     6  stm32f4xx_exti.o(i.EXTI_ClearITPendingBit)
    GPIO_Init                                0x08001275   Thumb Code   144  stm32f4xx_gpio.o(i.GPIO_Init)
    GPIO_PinAFConfig                         0x08001305   Thumb Code    70  stm32f4xx_gpio.o(i.GPIO_PinAFConfig)
    GPIO_ReadInputDataBit                    0x0800134b   Thumb Code    18  stm32f4xx_gpio.o(i.GPIO_ReadInputDataBit)
    GPIO_ResetBits                           0x0800135d   Thumb Code     4  stm32f4xx_gpio.o(i.GPIO_ResetBits)
    GPIO_SetBits                             0x08001361   Thumb Code     4  stm32f4xx_gpio.o(i.GPIO_SetBits)
    I2S2_Init                                0x08001365   Thumb Code    94  i2s.o(i.I2S2_Init)
    I2S2_SampleRate_Set                      0x080013c9   Thumb Code   148  i2s.o(i.I2S2_SampleRate_Set)
    I2S2_TX_DMA_Init                         0x08001469   Thumb Code   154  i2s.o(i.I2S2_TX_DMA_Init)
    I2S_Cmd                                  0x0800150d   Thumb Code    24  stm32f4xx_spi.o(i.I2S_Cmd)
    I2S_Init                                 0x08001525   Thumb Code   396  stm32f4xx_spi.o(i.I2S_Init)
    IIc_Init                                 0x080016bd   Thumb Code    86  iic.o(i.IIc_Init)
    Key_Init                                 0x08001719   Thumb Code    68  key.o(i.Key_Init)
    LCD_Init                                 0x08001765   Thumb Code   414  lcd.o(i.LCD_Init)
    Lcd_Clear                                0x08001909   Thumb Code    58  lcd.o(i.Lcd_Clear)
    Lcd_SendCmd                              0x08001945   Thumb Code    36  lcd.o(i.Lcd_SendCmd)
    Lcd_SendData_16B                         0x08001971   Thumb Code    42  lcd.o(i.Lcd_SendData_16B)
    Lcd_Send_Data                            0x080019a5   Thumb Code    36  lcd.o(i.Lcd_Send_Data)
    Lcd_SetPosition                          0x080019d1   Thumb Code    62  lcd.o(i.Lcd_SetPosition)
    Lcd_TransferData                         0x08001a11   Thumb Code    60  lcd.o(i.Lcd_TransferData)
    Led_Init                                 0x08001a51   Thumb Code    64  led.o(i.Led_Init)
    ModbusMaster_Receive                     0x08001a95   Thumb Code   230  rs485_modbus_master.o(i.ModbusMaster_Receive)
    ModbusMaster_Transmit                    0x08001bb9   Thumb Code   104  rs485_modbus_master.o(i.ModbusMaster_Transmit)
    Modbus_Handle_03                         0x08001c25   Thumb Code   200  modbus_slve.o(i.Modbus_Handle_03)
    NVIC_Init                                0x08001cf9   Thumb Code   106  misc.o(i.NVIC_Init)
    NVIC_PriorityGroupConfig                 0x08001d71   Thumb Code    10  misc.o(i.NVIC_PriorityGroupConfig)
    RCC_AHB1PeriphClockCmd                   0x08001d85   Thumb Code    26  stm32f4xx_rcc.o(i.RCC_AHB1PeriphClockCmd)
    RCC_APB1PeriphClockCmd                   0x08001da5   Thumb Code    26  stm32f4xx_rcc.o(i.RCC_APB1PeriphClockCmd)
    RCC_APB1PeriphResetCmd                   0x08001dc5   Thumb Code    26  stm32f4xx_rcc.o(i.RCC_APB1PeriphResetCmd)
    RCC_APB2PeriphClockCmd                   0x08001de5   Thumb Code    26  stm32f4xx_rcc.o(i.RCC_APB2PeriphClockCmd)
    RCC_GetClocksFreq                        0x08001e05   Thumb Code   214  stm32f4xx_rcc.o(i.RCC_GetClocksFreq)
    RCC_PLLI2SCmd                            0x08001eed   Thumb Code     6  stm32f4xx_rcc.o(i.RCC_PLLI2SCmd)
    RCC_PLLI2SConfig                         0x08001ef9   Thumb Code    12  stm32f4xx_rcc.o(i.RCC_PLLI2SConfig)
    RS485_SendData                           0x08001f09   Thumb Code    76  rs485_modbus_master.o(i.RS485_SendData)
    RTC_Alarm_IRQHandler                     0x08001f5d   Thumb Code    36  rtc.o(i.RTC_Alarm_IRQHandler)
    RTC_ClearITPendingBit                    0x08001f9d   Thumb Code    28  stm32f4xx_rtc.o(i.RTC_ClearITPendingBit)
    RTC_GetDate                              0x08001fbd   Thumb Code    68  stm32f4xx_rtc.o(i.RTC_GetDate)
    RTC_GetITStatus                          0x08002009   Thumb Code    58  stm32f4xx_rtc.o(i.RTC_GetITStatus)
    RTC_GetTime                              0x08002049   Thumb Code    72  stm32f4xx_rtc.o(i.RTC_GetTime)
    RTC_WKUP_IRQHandler                      0x08002099   Thumb Code    34  rtc.o(i.RTC_WKUP_IRQHandler)
    Rgb_Control                              0x080020bb   Thumb Code    82  ws2812s.o(i.Rgb_Control)
    Rgb_Init                                 0x0800210d   Thumb Code    88  ws2812s.o(i.Rgb_Init)
    Rgb_Rest                                 0x08002169   Thumb Code    20  ws2812s.o(i.Rgb_Rest)
    Rgb_Send_Data                            0x08002181   Thumb Code    88  ws2812s.o(i.Rgb_Send_Data)
    Rtc_GetValue                             0x080021dd   Thumb Code    94  rtc.o(i.Rtc_GetValue)
    SD_DisSelect                             0x08002275   Thumb Code    18  sd_driver.o(i.SD_DisSelect)
    SD_GetResponse                           0x0800228d   Thumb Code    38  sd_driver.o(i.SD_GetResponse)
    SD_Initialize                            0x080022b5   Thumb Code   396  sd_driver.o(i.SD_Initialize)
    SD_PORT_Init                             0x08002445   Thumb Code    62  sd_driver.o(i.SD_PORT_Init)
    SD_ReadDisk                              0x08002489   Thumb Code   114  sd_driver.o(i.SD_ReadDisk)
    SD_RecvData                              0x08002501   Thumb Code    56  sd_driver.o(i.SD_RecvData)
    SD_SPI_ReadWriteByte                     0x08002539   Thumb Code    12  sd_driver.o(i.SD_SPI_ReadWriteByte)
    SD_SPI_SpeedHigh                         0x08002545   Thumb Code    36  sd_driver.o(i.SD_SPI_SpeedHigh)
    SD_SPI_SpeedLow                          0x0800256d   Thumb Code    36  sd_driver.o(i.SD_SPI_SpeedLow)
    SD_Select                                0x08002595   Thumb Code    28  sd_driver.o(i.SD_Select)
    SD_SendBlock                             0x080025b5   Thumb Code    84  sd_driver.o(i.SD_SendBlock)
    SD_SendCmd                               0x08002609   Thumb Code   120  sd_driver.o(i.SD_SendCmd)
    SD_WaitReady                             0x08002681   Thumb Code    34  sd_driver.o(i.SD_WaitReady)
    SD_WriteDisk                             0x080026a5   Thumb Code   142  sd_driver.o(i.SD_WriteDisk)
    SPI_Cmd                                  0x08002739   Thumb Code    24  stm32f4xx_spi.o(i.SPI_Cmd)
    SPI_I2S_DMACmd                           0x08002751   Thumb Code    18  stm32f4xx_spi.o(i.SPI_I2S_DMACmd)
    SPI_I2S_GetFlagStatus                    0x08002763   Thumb Code    18  stm32f4xx_spi.o(i.SPI_I2S_GetFlagStatus)
    SPI_I2S_ReceiveData                      0x08002775   Thumb Code     6  stm32f4xx_spi.o(i.SPI_I2S_ReceiveData)
    SPI_I2S_SendData                         0x0800277b   Thumb Code     4  stm32f4xx_spi.o(i.SPI_I2S_SendData)
    SPI_Init                                 0x0800277f   Thumb Code    60  stm32f4xx_spi.o(i.SPI_Init)
    Spi1_Change_By                           0x080028a9   Thumb Code    50  spi1.o(i.Spi1_Change_By)
    Spi1_Init                                0x080028e1   Thumb Code   166  spi1.o(i.Spi1_Init)
    Sterilize_Init                           0x08002995   Thumb Code    54  sterilize.o(i.Sterilize_Init)
    SysTick_CLKSourceConfig                  0x080029d1   Thumb Code    40  misc.o(i.SysTick_CLKSourceConfig)
    SysTick_Handler                          0x080029f9   Thumb Code   692  systick.o(i.SysTick_Handler)
    SysTick_Intrerput_Init                   0x08002d0d   Thumb Code   176  systick.o(i.SysTick_Intrerput_Init)
    SystemInit                               0x08002dc5   Thumb Code    88  system_stm32f4xx.o(i.SystemInit)
    TIM6_DAC_IRQHandler                      0x08002e2d   Thumb Code    42  time6.o(i.TIM6_DAC_IRQHandler)
    TIM7_7ms_Config                          0x08002e65   Thumb Code    98  tim7_7ms.o(i.TIM7_7ms_Config)
    TIM7_IRQHandler                          0x08002ecd   Thumb Code    86  tim7_7ms.o(i.TIM7_IRQHandler)
    TIM_ClearITPendingBit                    0x08002f51   Thumb Code     6  stm32f4xx_tim.o(i.TIM_ClearITPendingBit)
    TIM_Cmd                                  0x08002f57   Thumb Code    24  stm32f4xx_tim.o(i.TIM_Cmd)
    TIM_GetITStatus                          0x08002f6f   Thumb Code    34  stm32f4xx_tim.o(i.TIM_GetITStatus)
    TIM_ITConfig                             0x08002f91   Thumb Code    18  stm32f4xx_tim.o(i.TIM_ITConfig)
    TIM_OC2Init                              0x08002fa5   Thumb Code   154  stm32f4xx_tim.o(i.TIM_OC2Init)
    TIM_OC2PreloadConfig                     0x08003049   Thumb Code    26  stm32f4xx_tim.o(i.TIM_OC2PreloadConfig)
    TIM_OC3Init                              0x08003065   Thumb Code   150  stm32f4xx_tim.o(i.TIM_OC3Init)
    TIM_OC3PreloadConfig                     0x08003105   Thumb Code    18  stm32f4xx_tim.o(i.TIM_OC3PreloadConfig)
    TIM_SetCounter                           0x08003117   Thumb Code     4  stm32f4xx_tim.o(i.TIM_SetCounter)
    TIM_TimeBaseInit                         0x0800311d   Thumb Code   104  stm32f4xx_tim.o(i.TIM_TimeBaseInit)
    Tim2_ServoMotor_Init                     0x080031a1   Thumb Code   132  servo_motor.o(i.Tim2_ServoMotor_Init)
    Tim3_DcMotor_Init                        0x08003229   Thumb Code   140  motor.o(i.Tim3_DcMotor_Init)
    Time6_Intrerpute                         0x080032bd   Thumb Code    94  time6.o(i.Time6_Intrerpute)
    Touch_IIc_End                            0x08003321   Thumb Code    46  touch.o(i.Touch_IIc_End)
    Touch_IIc_Init                           0x08003359   Thumb Code   148  touch.o(i.Touch_IIc_Init)
    Touch_IIc_Re_Ct_Byte                     0x080033f9   Thumb Code    94  touch.o(i.Touch_IIc_Re_Ct_Byte)
    Touch_IIc_Rec_Ack                        0x08003459   Thumb Code    88  touch.o(i.Touch_IIc_Rec_Ack)
    Touch_IIc_Res_Byte                       0x080034b9   Thumb Code    86  touch.o(i.Touch_IIc_Res_Byte)
    Touch_IIc_Send_Ack                       0x08003519   Thumb Code    84  touch.o(i.Touch_IIc_Send_Ack)
    Touch_IIc_Send_Byte                      0x08003575   Thumb Code    86  touch.o(i.Touch_IIc_Send_Byte)
    Touch_IIc_Start                          0x080035d5   Thumb Code    46  touch.o(i.Touch_IIc_Start)
    Touch_Init                               0x0800360d   Thumb Code    68  touch.o(i.Touch_Init)
    Touch_Wr_Byte                            0x08003665   Thumb Code    46  touch.o(i.Touch_Wr_Byte)
    U4_Modbus_Init                           0x08003695   Thumb Code   212  rs485_modbus_master.o(i.U4_Modbus_Init)
    U4_Modbus_Slave_Init                     0x08003775   Thumb Code   220  modbus_slve.o(i.U4_Modbus_Slave_Init)
    UART4_IRQHandler                         0x0800385d   Thumb Code   152  rs485_modbus_master.o(i.UART4_IRQHandler)
    USART1_IRQHandler                        0x08003915   Thumb Code    82  usart1.o(i.USART1_IRQHandler)
    USART2_IRQHandler                        0x08003971   Thumb Code   130  usart2wifi.o(i.USART2_IRQHandler)
    USART2_SendByte                          0x08003a0d   Thumb Code    42  usart2wifi.o(i.USART2_SendByte)
    USART2_SendString                        0x08003a3d   Thumb Code    22  usart2wifi.o(i.USART2_SendString)
    USART3_IRQHandler                        0x08003a55   Thumb Code   118  usart3spre.o(i.USART3_IRQHandler)
    USART_ClearITPendingBit                  0x08003ae9   Thumb Code    30  stm32f4xx_usart.o(i.USART_ClearITPendingBit)
    USART_Cmd                                0x08003b07   Thumb Code    24  stm32f4xx_usart.o(i.USART_Cmd)
    USART_GetFlagStatus                      0x08003b1f   Thumb Code    26  stm32f4xx_usart.o(i.USART_GetFlagStatus)
    USART_GetITStatus                        0x08003b39   Thumb Code    84  stm32f4xx_usart.o(i.USART_GetITStatus)
    USART_ITConfig                           0x08003b8d   Thumb Code    74  stm32f4xx_usart.o(i.USART_ITConfig)
    USART_Init                               0x08003bd9   Thumb Code   204  stm32f4xx_usart.o(i.USART_Init)
    USART_ReceiveData                        0x08003cad   Thumb Code    10  stm32f4xx_usart.o(i.USART_ReceiveData)
    USART_SendData                           0x08003cb7   Thumb Code     8  stm32f4xx_usart.o(i.USART_SendData)
    Usart1_Init                              0x08003cc1   Thumb Code   168  usart1.o(i.Usart1_Init)
    Usart1_SendByte                          0x08003d71   Thumb Code    42  usart1.o(i.Usart1_SendByte)
    Usart3_Init                              0x08003da1   Thumb Code   170  usart3spre.o(i.Usart3_Init)
    W25q64_Init                              0x08003e55   Thumb Code    54  w25q64.o(i.W25q64_Init)
    WM8978_ADDA_Cfg                          0x08003e91   Thumb Code    66  wm8978.o(i.WM8978_ADDA_Cfg)
    WM8978_AUX_Gain                          0x08003ed3   Thumb Code    56  wm8978.o(i.WM8978_AUX_Gain)
    WM8978_HPvol_Set                         0x08003f0b   Thumb Code    46  wm8978.o(i.WM8978_HPvol_Set)
    WM8978_I2S_Cfg                           0x08003f39   Thumb Code    28  wm8978.o(i.WM8978_I2S_Cfg)
    WM8978_Init                              0x08003f55   Thumb Code   246  wm8978.o(i.WM8978_Init)
    WM8978_Input_Cfg                         0x08004055   Thumb Code   104  wm8978.o(i.WM8978_Input_Cfg)
    WM8978_LINEIN_Gain                       0x080040bd   Thumb Code    56  wm8978.o(i.WM8978_LINEIN_Gain)
    WM8978_Output_Cfg                        0x080040f5   Thumb Code    42  wm8978.o(i.WM8978_Output_Cfg)
    WM8978_Read_Reg                          0x08004121   Thumb Code    10  wm8978.o(i.WM8978_Read_Reg)
    WM8978_SPKvol_Set                        0x08004131   Thumb Code    34  wm8978.o(i.WM8978_SPKvol_Set)
    WM8978_Write_Reg                         0x08004155   Thumb Code    80  wm8978.o(i.WM8978_Write_Reg)
    WM_IIC_Init                              0x080041a9   Thumb Code    58  wmiic.o(i.WM_IIC_Init)
    WM_IIC_Start                             0x080041f1   Thumb Code    72  wmiic.o(i.WM_IIC_Start)
    WM_IIC_Stop                              0x08004245   Thumb Code    62  wmiic.o(i.WM_IIC_Stop)
    WM_IIC_Wait_ACK                          0x08004291   Thumb Code    52  wmiic.o(i.WM_IIC_Wait_ACK)
    WM_IIC_WriteByte                         0x080042d1   Thumb Code   104  wmiic.o(i.WM_IIC_WriteByte)
    __0printf                                0x08004341   Thumb Code    22  printfa.o(i.__0printf)
    __1printf                                0x08004341   Thumb Code     0  printfa.o(i.__0printf)
    __2printf                                0x08004341   Thumb Code     0  printfa.o(i.__0printf)
    __c89printf                              0x08004341   Thumb Code     0  printfa.o(i.__0printf)
    printf                                   0x08004341   Thumb Code     0  printfa.o(i.__0printf)
    __0sprintf                               0x08004361   Thumb Code    34  printfa.o(i.__0sprintf)
    __1sprintf                               0x08004361   Thumb Code     0  printfa.o(i.__0sprintf)
    __2sprintf                               0x08004361   Thumb Code     0  printfa.o(i.__0sprintf)
    __c89sprintf                             0x08004361   Thumb Code     0  printfa.o(i.__0sprintf)
    sprintf                                  0x08004361   Thumb Code     0  printfa.o(i.__0sprintf)
    __scatterload_copy                       0x08004389   Thumb Code    14  handlers.o(i.__scatterload_copy)
    __scatterload_null                       0x08004397   Thumb Code     2  handlers.o(i.__scatterload_null)
    __scatterload_zeroinit                   0x08004399   Thumb Code    14  handlers.o(i.__scatterload_zeroinit)
    crc16_modbus                             0x08004d25   Thumb Code    48  crc_table.o(i.crc16_modbus)
    disk_initialize                          0x08004d5d   Thumb Code    20  diskio.o(i.disk_initialize)
    disk_read                                0x08004d71   Thumb Code    36  diskio.o(i.disk_read)
    disk_status                              0x08004d95   Thumb Code    12  diskio.o(i.disk_status)
    disk_write                               0x08004da1   Thumb Code    54  diskio.o(i.disk_write)
    f_mount                                  0x08004dd9   Thumb Code    80  ff.o(i.f_mount)
    fputc                                    0x08004ea5   Thumb Code    16  usart1.o(i.fputc)
    get_Value                                0x08004eb5   Thumb Code    32  modbus_slve.o(i.get_Value)
    lcd_Port_Init                            0x08004f29   Thumb Code    74  lcd.o(i.lcd_Port_Init)
    main                                     0x08004fa1   Thumb Code   414  main.o(i.main)
    modbus_error                             0x080051c1   Thumb Code    66  modbus_slve.o(i.modbus_error)
    modbus_slave_analy                       0x08005209   Thumb Code   326  modbus_slve.o(i.modbus_slave_analy)
    I2S_PSC_TBL                              0x08005912   Data         110  i2s.o(.constdata)
    Region$$Table$$Base                      0x08005980   Number         0  anon$$obj.o(Region$$Table)
    Region$$Table$$Limit                     0x080059a0   Number         0  anon$$obj.o(Region$$Table)
    mem3base                                 0x10000000   Data       61440  mymalloc.o(.ARM.__AT_0x10000000)
    mem3mapbase                              0x1000f000   Data        3840  mymalloc.o(.ARM.__AT_0x1000F000)
    current_mode                             0x20000000   Data           1  main.o(.data)
    g_touch_event                            0x20000004   Data           1  systick.o(.data)
    time1                                    0x20000010   Data           9  rtc.o(.data)
    date                                     0x20000019   Data          12  rtc.o(.data)
    rtc                                      0x20000025   Data           7  rtc.o(.data)
    AlarmA_flag                              0x2000002c   Data           1  rtc.o(.data)
    RTC_DateStruct                           0x2000002d   Data           4  rtc.o(.data)
    RTC_TimeStruct                           0x20000031   Data           4  rtc.o(.data)
    tphm_flag                                0x20000038   Data           1  time6.o(.data)
    cnt1                                     0x2000003c   Data           4  time6.o(.data)
    SD_Type                                  0x20000040   Data           1  sd_driver.o(.data)
    music_start                              0x20000041   Data           1  music_ct.o(.data)
    u3_music_processed                       0x20000042   Data           1  music_ct.o(.data)
    u2_music_page4_handled                   0x20000043   Data           1  music_ct.o(.data)
    i2s_tx_callback                          0x2000005c   Data           4  i2s.o(.data)
    status_dev                               0x20000060   Data           4  wavplay.o(.data)
    wavtransferend                           0x20000064   Data           1  wavplay.o(.data)
    wavwitchbuf                              0x20000065   Data           1  wavplay.o(.data)
    __stdout                                 0x200000dc   Data           4  stdout.o(.data)
    u1                                       0x200000e0   Data        1026  usart1.o(.bss)
    cst                                      0x200004e4   Data          44  touch.o(.bss)
    u3                                       0x20000510   Data          14  usart3spre.o(.bss)
    u2                                       0x2000051e   Data         262  usart2wifi.o(.bss)
    modbus_val                               0x20000624   Data          10  rs485_modbus_master.o(.bss)
    modbus_master                            0x2000062e   Data         516  rs485_modbus_master.o(.bss)
    modbus_slve                              0x20000832   Data         516  modbus_slve.o(.bss)
    modbus_register                          0x20000a36   Data          10  modbus_slve.o(.bss)
    __initial_sp                             0x20001a40   Data           0  startup_stm32f40xx.o(STACK)
    mem2base                                 0x68000000   Data       983040  mymalloc.o(.ARM.__AT_0x68000000)
    mem2mapbase                              0x680f0000   Data       61440  mymalloc.o(.ARM.__AT_0x680F0000)



==============================================================================

Memory Map of the image

  Image Entry point : 0x0800019d

  Load Region LR_1 (Base: 0x08000000, Size: 0x00005a80, Max: 0xffffffff, ABSOLUTE)

    Execution Region ER_RO (Base: 0x08000000, Size: 0x000059a0, Max: 0xffffffff, ABSOLUTE)

    Base Addr    Size         Type   Attr      Idx    E Section Name        Object

    0x08000000   0x00000188   Data   RO            3    RESET               startup_stm32f40xx.o
    0x08000188   0x00000000   Code   RO         7244  * .ARM.Collect$$$$00000000  mc_w.l(entry.o)
    0x08000188   0x00000004   Code   RO         7566    .ARM.Collect$$$$00000001  mc_w.l(entry2.o)
    0x0800018c   0x00000004   Code   RO         7569    .ARM.Collect$$$$00000004  mc_w.l(entry5.o)
    0x08000190   0x00000000   Code   RO         7571    .ARM.Collect$$$$00000008  mc_w.l(entry7b.o)
    0x08000190   0x00000000   Code   RO         7573    .ARM.Collect$$$$0000000A  mc_w.l(entry8b.o)
    0x08000190   0x00000008   Code   RO         7574    .ARM.Collect$$$$0000000B  mc_w.l(entry9a.o)
    0x08000198   0x00000000   Code   RO         7576    .ARM.Collect$$$$0000000D  mc_w.l(entry10a.o)
    0x08000198   0x00000000   Code   RO         7578    .ARM.Collect$$$$0000000F  mc_w.l(entry11a.o)
    0x08000198   0x00000004   Code   RO         7567    .ARM.Collect$$$$00002712  mc_w.l(entry2.o)
    0x0800019c   0x00000024   Code   RO            4  * .text               startup_stm32f40xx.o
    0x080001c0   0x00000024   Code   RO         7251    .text               mc_w.l(memseta.o)
    0x080001e4   0x00000024   Code   RO         7255    .text               mc_w.l(strstr.o)
    0x08000208   0x0000001a   Code   RO         7265    .text               mc_w.l(memcmp.o)
    0x08000222   0x0000002c   Code   RO         7581    .text               mc_w.l(uidiv.o)
    0x0800024e   0x00000062   Code   RO         7583    .text               mc_w.l(uldiv.o)
    0x080002b0   0x00000000   Code   RO         7593    .text               mc_w.l(iusefp.o)
    0x080002b0   0x0000014e   Code   RO         7594    .text               mf_w.l(dadd.o)
    0x080003fe   0x000000e4   Code   RO         7596    .text               mf_w.l(dmul.o)
    0x080004e2   0x000000de   Code   RO         7598    .text               mf_w.l(ddiv.o)
    0x080005c0   0x00000030   Code   RO         7600    .text               mf_w.l(dfixul.o)
    0x080005f0   0x00000030   Code   RO         7602    .text               mf_w.l(cdrcmple.o)
    0x08000620   0x00000024   Code   RO         7604    .text               mc_w.l(init.o)
    0x08000644   0x0000001e   Code   RO         7606    .text               mc_w.l(llshl.o)
    0x08000662   0x00000020   Code   RO         7608    .text               mc_w.l(llushr.o)
    0x08000682   0x00000024   Code   RO         7610    .text               mc_w.l(llsshr.o)
    0x080006a6   0x000000ba   Code   RO         7616    .text               mf_w.l(depilogue.o)
    0x08000760   0x00000084   Code   RO          399    i.ADC1_DMA2_Stream0_CH0_Init  dma.o
    0x080007e4   0x000000b0   Code   RO          935    i.ADC1_Init         adc1.o
    0x08000894   0x00000016   Code   RO         1747    i.ADC_Cmd           stm32f4xx_adc.o
    0x080008aa   0x00000002   PAD
    0x080008ac   0x00000030   Code   RO         1748    i.ADC_CommonInit    stm32f4xx_adc.o
    0x080008dc   0x00000016   Code   RO         1751    i.ADC_DMACmd        stm32f4xx_adc.o
    0x080008f2   0x00000016   Code   RO         1752    i.ADC_DMARequestAfterLastTransferCmd  stm32f4xx_adc.o
    0x08000908   0x00000016   Code   RO         1756    i.ADC_EOCOnEachRegularChannelCmd  stm32f4xx_adc.o
    0x0800091e   0x00000002   PAD
    0x08000920   0x00000054   Code   RO         1767    i.ADC_Init          stm32f4xx_adc.o
    0x08000974   0x000000b8   Code   RO         1772    i.ADC_RegularChannelConfig  stm32f4xx_adc.o
    0x08000a2c   0x0000000a   Code   RO         1774    i.ADC_SoftwareStartConv  stm32f4xx_adc.o
    0x08000a36   0x00000002   PAD
    0x08000a38   0x00000040   Code   RO          654    i.Beep_Init         beep.o
    0x08000a78   0x00000028   Code   RO          655    i.Beep_Start        beep.o
    0x08000aa0   0x00000108   Code   RO         1989    i.CAN_FilterInit    stm32f4xx_can.o
    0x08000ba8   0x00000114   Code   RO         1996    i.CAN_Init          stm32f4xx_can.o
    0x08000cbc   0x000000e4   Code   RO          554    i.Can_Config        can.o
    0x08000da0   0x0000002c   Code   RO         6825    i.DMA1_Stream4_IRQHandler  i2s.o
    0x08000dcc   0x00000034   Code   RO         2685    i.DMA_ClearITPendingBit  stm32f4xx_dma.o
    0x08000e00   0x00000016   Code   RO         2686    i.DMA_Cmd           stm32f4xx_dma.o
    0x08000e16   0x00000002   PAD
    0x08000e18   0x00000158   Code   RO         2687    i.DMA_DeInit        stm32f4xx_dma.o
    0x08000f70   0x00000016   Code   RO         2688    i.DMA_DoubleBufferModeCmd  stm32f4xx_dma.o
    0x08000f86   0x00000018   Code   RO         2689    i.DMA_DoubleBufferModeConfig  stm32f4xx_dma.o
    0x08000f9e   0x00000014   Code   RO         2691    i.DMA_GetCmdStatus  stm32f4xx_dma.o
    0x08000fb2   0x00000002   PAD
    0x08000fb4   0x00000064   Code   RO         2696    i.DMA_GetITStatus   stm32f4xx_dma.o
    0x08001018   0x0000003a   Code   RO         2697    i.DMA_ITConfig      stm32f4xx_dma.o
    0x08001052   0x00000002   PAD
    0x08001054   0x00000058   Code   RO         2698    i.DMA_Init          stm32f4xx_dma.o
    0x080010ac   0x00000018   Code   RO          363    i.Delay_Ms          delay.o
    0x080010c4   0x00000046   Code   RO          364    i.Delay_Ns_Rgb      delay.o
    0x0800110a   0x0000015e   Code   RO          365    i.Delay_Us          delay.o
    0x08001268   0x0000000c   Code   RO         2944    i.EXTI_ClearITPendingBit  stm32f4xx_exti.o
    0x08001274   0x00000090   Code   RO         3289    i.GPIO_Init         stm32f4xx_gpio.o
    0x08001304   0x00000046   Code   RO         3290    i.GPIO_PinAFConfig  stm32f4xx_gpio.o
    0x0800134a   0x00000012   Code   RO         3293    i.GPIO_ReadInputDataBit  stm32f4xx_gpio.o
    0x0800135c   0x00000004   Code   RO         3296    i.GPIO_ResetBits    stm32f4xx_gpio.o
    0x08001360   0x00000004   Code   RO         3297    i.GPIO_SetBits      stm32f4xx_gpio.o
    0x08001364   0x00000064   Code   RO         6826    i.I2S2_Init         i2s.o
    0x080013c8   0x000000a0   Code   RO         6827    i.I2S2_SampleRate_Set  i2s.o
    0x08001468   0x000000a4   Code   RO         6828    i.I2S2_TX_DMA_Init  i2s.o
    0x0800150c   0x00000018   Code   RO         5264    i.I2S_Cmd           stm32f4xx_spi.o
    0x08001524   0x00000198   Code   RO         5266    i.I2S_Init          stm32f4xx_spi.o
    0x080016bc   0x0000005c   Code   RO         1035    i.IIc_Init          iic.o
    0x08001718   0x0000004c   Code   RO          680    i.Key_Init          key.o
    0x08001764   0x000001a4   Code   RO         1136    i.LCD_Init          lcd.o
    0x08001908   0x0000003a   Code   RO         1137    i.Lcd_Clear         lcd.o
    0x08001942   0x00000002   PAD
    0x08001944   0x0000002c   Code   RO         1142    i.Lcd_SendCmd       lcd.o
    0x08001970   0x00000034   Code   RO         1143    i.Lcd_SendData_16B  lcd.o
    0x080019a4   0x0000002c   Code   RO         1144    i.Lcd_Send_Data     lcd.o
    0x080019d0   0x0000003e   Code   RO         1145    i.Lcd_SetPosition   lcd.o
    0x08001a0e   0x00000002   PAD
    0x08001a10   0x00000040   Code   RO         1147    i.Lcd_TransferData  lcd.o
    0x08001a50   0x00000044   Code   RO          634    i.Led_Init          led.o
    0x08001a94   0x00000124   Code   RO         1597    i.ModbusMaster_Receive  rs485_modbus_master.o
    0x08001bb8   0x0000006c   Code   RO         1598    i.ModbusMaster_Transmit  rs485_modbus_master.o
    0x08001c24   0x000000d4   Code   RO         1647    i.Modbus_Handle_03  modbus_slve.o
    0x08001cf8   0x00000078   Code   RO         1697    i.NVIC_Init         misc.o
    0x08001d70   0x00000014   Code   RO         1698    i.NVIC_PriorityGroupConfig  misc.o
    0x08001d84   0x00000020   Code   RO         4153    i.RCC_AHB1PeriphClockCmd  stm32f4xx_rcc.o
    0x08001da4   0x00000020   Code   RO         4162    i.RCC_APB1PeriphClockCmd  stm32f4xx_rcc.o
    0x08001dc4   0x00000020   Code   RO         4164    i.RCC_APB1PeriphResetCmd  stm32f4xx_rcc.o
    0x08001de4   0x00000020   Code   RO         4165    i.RCC_APB2PeriphClockCmd  stm32f4xx_rcc.o
    0x08001e04   0x000000e8   Code   RO         4174    i.RCC_GetClocksFreq  stm32f4xx_rcc.o
    0x08001eec   0x0000000c   Code   RO         4193    i.RCC_PLLI2SCmd     stm32f4xx_rcc.o
    0x08001ef8   0x00000010   Code   RO         4194    i.RCC_PLLI2SConfig  stm32f4xx_rcc.o
    0x08001f08   0x00000054   Code   RO         1599    i.RS485_SendData    rs485_modbus_master.o
    0x08001f5c   0x00000028   Code   RO          462    i.RTC_Alarm_IRQHandler  rtc.o
    0x08001f84   0x00000016   Code   RO         4552    i.RTC_Bcd2ToByte    stm32f4xx_rtc.o
    0x08001f9a   0x00000002   PAD
    0x08001f9c   0x00000020   Code   RO         4558    i.RTC_ClearITPendingBit  stm32f4xx_rtc.o
    0x08001fbc   0x0000004c   Code   RO         4568    i.RTC_GetDate       stm32f4xx_rtc.o
    0x08002008   0x00000040   Code   RO         4570    i.RTC_GetITStatus   stm32f4xx_rtc.o
    0x08002048   0x00000050   Code   RO         4573    i.RTC_GetTime       stm32f4xx_rtc.o
    0x08002098   0x00000022   Code   RO          463    i.RTC_WKUP_IRQHandler  rtc.o
    0x080020ba   0x00000052   Code   RO          990    i.Rgb_Control       ws2812s.o
    0x0800210c   0x0000005c   Code   RO          991    i.Rgb_Init          ws2812s.o
    0x08002168   0x00000018   Code   RO          993    i.Rgb_Rest          ws2812s.o
    0x08002180   0x0000005c   Code   RO          994    i.Rgb_Send_Data     ws2812s.o
    0x080021dc   0x00000098   Code   RO          468    i.Rtc_GetValue      rtc.o
    0x08002274   0x00000018   Code   RO         1335    i.SD_DisSelect      sd_driver.o
    0x0800228c   0x00000026   Code   RO         1338    i.SD_GetResponse    sd_driver.o
    0x080022b2   0x00000002   PAD
    0x080022b4   0x00000190   Code   RO         1340    i.SD_Initialize     sd_driver.o
    0x08002444   0x00000044   Code   RO         1341    i.SD_PORT_Init      sd_driver.o
    0x08002488   0x00000078   Code   RO         1342    i.SD_ReadDisk       sd_driver.o
    0x08002500   0x00000038   Code   RO         1343    i.SD_RecvData       sd_driver.o
    0x08002538   0x0000000c   Code   RO         1344    i.SD_SPI_ReadWriteByte  sd_driver.o
    0x08002544   0x00000028   Code   RO         1345    i.SD_SPI_SpeedHigh  sd_driver.o
    0x0800256c   0x00000028   Code   RO         1346    i.SD_SPI_SpeedLow   sd_driver.o
    0x08002594   0x00000020   Code   RO         1347    i.SD_Select         sd_driver.o
    0x080025b4   0x00000054   Code   RO         1348    i.SD_SendBlock      sd_driver.o
    0x08002608   0x00000078   Code   RO         1349    i.SD_SendCmd        sd_driver.o
    0x08002680   0x00000022   Code   RO         1350    i.SD_WaitReady      sd_driver.o
    0x080026a2   0x00000002   PAD
    0x080026a4   0x00000094   Code   RO         1351    i.SD_WriteDisk      sd_driver.o
    0x08002738   0x00000018   Code   RO         5270    i.SPI_Cmd           stm32f4xx_spi.o
    0x08002750   0x00000012   Code   RO         5276    i.SPI_I2S_DMACmd    stm32f4xx_spi.o
    0x08002762   0x00000012   Code   RO         5278    i.SPI_I2S_GetFlagStatus  stm32f4xx_spi.o
    0x08002774   0x00000006   Code   RO         5281    i.SPI_I2S_ReceiveData  stm32f4xx_spi.o
    0x0800277a   0x00000004   Code   RO         5282    i.SPI_I2S_SendData  stm32f4xx_spi.o
    0x0800277e   0x0000003c   Code   RO         5283    i.SPI_Init          stm32f4xx_spi.o
    0x080027ba   0x00000002   PAD
    0x080027bc   0x000000ec   Code   RO           12    i.SetSysClock       system_stm32f4xx.o
    0x080028a8   0x00000038   Code   RO          789    i.Spi1_Change_By    spi1.o
    0x080028e0   0x000000b4   Code   RO          790    i.Spi1_Init         spi1.o
    0x08002994   0x0000003c   Code   RO          707    i.Sterilize_Init    sterilize.o
    0x080029d0   0x00000028   Code   RO         1701    i.SysTick_CLKSourceConfig  misc.o
    0x080029f8   0x00000314   Code   RO          420    i.SysTick_Handler   systick.o
    0x08002d0c   0x000000b8   Code   RO          421    i.SysTick_Intrerput_Init  systick.o
    0x08002dc4   0x00000068   Code   RO           14    i.SystemInit        system_stm32f4xx.o
    0x08002e2c   0x00000038   Code   RO          958    i.TIM6_DAC_IRQHandler  time6.o
    0x08002e64   0x00000068   Code   RO          608    i.TIM7_7ms_Config   tim7_7ms.o
    0x08002ecc   0x00000084   Code   RO          609    i.TIM7_IRQHandler   tim7_7ms.o
    0x08002f50   0x00000006   Code   RO         5495    i.TIM_ClearITPendingBit  stm32f4xx_tim.o
    0x08002f56   0x00000018   Code   RO         5500    i.TIM_Cmd           stm32f4xx_tim.o
    0x08002f6e   0x00000022   Code   RO         5521    i.TIM_GetITStatus   stm32f4xx_tim.o
    0x08002f90   0x00000012   Code   RO         5525    i.TIM_ITConfig      stm32f4xx_tim.o
    0x08002fa2   0x00000002   PAD
    0x08002fa4   0x000000a4   Code   RO         5534    i.TIM_OC2Init       stm32f4xx_tim.o
    0x08003048   0x0000001a   Code   RO         5537    i.TIM_OC2PreloadConfig  stm32f4xx_tim.o
    0x08003062   0x00000002   PAD
    0x08003064   0x000000a0   Code   RO         5539    i.TIM_OC3Init       stm32f4xx_tim.o
    0x08003104   0x00000012   Code   RO         5542    i.TIM_OC3PreloadConfig  stm32f4xx_tim.o
    0x08003116   0x00000004   Code   RO         5566    i.TIM_SetCounter    stm32f4xx_tim.o
    0x0800311a   0x00000002   PAD
    0x0800311c   0x00000084   Code   RO         5572    i.TIM_TimeBaseInit  stm32f4xx_tim.o
    0x080031a0   0x00000088   Code   RO          910    i.Tim2_ServoMotor_Init  servo_motor.o
    0x08003228   0x00000094   Code   RO          889    i.Tim3_DcMotor_Init  motor.o
    0x080032bc   0x00000064   Code   RO          959    i.Time6_Intrerpute  time6.o
    0x08003320   0x00000038   Code   RO         1238    i.Touch_IIc_End     touch.o
    0x08003358   0x000000a0   Code   RO         1239    i.Touch_IIc_Init    touch.o
    0x080033f8   0x0000005e   Code   RO         1240    i.Touch_IIc_Re_Ct_Byte  touch.o
    0x08003456   0x00000002   PAD
    0x08003458   0x00000060   Code   RO         1241    i.Touch_IIc_Rec_Ack  touch.o
    0x080034b8   0x00000060   Code   RO         1242    i.Touch_IIc_Res_Byte  touch.o
    0x08003518   0x0000005c   Code   RO         1243    i.Touch_IIc_Send_Ack  touch.o
    0x08003574   0x00000060   Code   RO         1244    i.Touch_IIc_Send_Byte  touch.o
    0x080035d4   0x00000038   Code   RO         1245    i.Touch_IIc_Start   touch.o
    0x0800360c   0x00000058   Code   RO         1246    i.Touch_Init        touch.o
    0x08003664   0x0000002e   Code   RO         1248    i.Touch_Wr_Byte     touch.o
    0x08003692   0x00000002   PAD
    0x08003694   0x000000e0   Code   RO         1600    i.U4_Modbus_Init    rs485_modbus_master.o
    0x08003774   0x000000e8   Code   RO         1648    i.U4_Modbus_Slave_Init  modbus_slve.o
    0x0800385c   0x000000b8   Code   RO         1601    i.UART4_IRQHandler  rs485_modbus_master.o
    0x08003914   0x0000005c   Code   RO          727    i.USART1_IRQHandler  usart1.o
    0x08003970   0x0000009c   Code   RO         1497    i.USART2_IRQHandler  usart2wifi.o
    0x08003a0c   0x00000030   Code   RO         1498    i.USART2_SendByte   usart2wifi.o
    0x08003a3c   0x00000016   Code   RO         1499    i.USART2_SendString  usart2wifi.o
    0x08003a52   0x00000002   PAD
    0x08003a54   0x00000094   Code   RO         1457    i.USART3_IRQHandler  usart3spre.o
    0x08003ae8   0x0000001e   Code   RO         6047    i.USART_ClearITPendingBit  stm32f4xx_usart.o
    0x08003b06   0x00000018   Code   RO         6050    i.USART_Cmd         stm32f4xx_usart.o
    0x08003b1e   0x0000001a   Code   RO         6053    i.USART_GetFlagStatus  stm32f4xx_usart.o
    0x08003b38   0x00000054   Code   RO         6054    i.USART_GetITStatus  stm32f4xx_usart.o
    0x08003b8c   0x0000004a   Code   RO         6056    i.USART_ITConfig    stm32f4xx_usart.o
    0x08003bd6   0x00000002   PAD
    0x08003bd8   0x000000d4   Code   RO         6057    i.USART_Init        stm32f4xx_usart.o
    0x08003cac   0x0000000a   Code   RO         6064    i.USART_ReceiveData  stm32f4xx_usart.o
    0x08003cb6   0x00000008   Code   RO         6067    i.USART_SendData    stm32f4xx_usart.o
    0x08003cbe   0x00000002   PAD
    0x08003cc0   0x000000b0   Code   RO          728    i.Usart1_Init       usart1.o
    0x08003d70   0x00000030   Code   RO          731    i.Usart1_SendByte   usart1.o
    0x08003da0   0x000000b4   Code   RO         1458    i.Usart3_Init       usart3spre.o
    0x08003e54   0x0000003c   Code   RO          816    i.W25q64_Init       w25q64.o
    0x08003e90   0x00000042   Code   RO         7055    i.WM8978_ADDA_Cfg   wm8978.o
    0x08003ed2   0x00000038   Code   RO         7056    i.WM8978_AUX_Gain   wm8978.o
    0x08003f0a   0x0000002e   Code   RO         7063    i.WM8978_HPvol_Set  wm8978.o
    0x08003f38   0x0000001c   Code   RO         7064    i.WM8978_I2S_Cfg    wm8978.o
    0x08003f54   0x00000100   Code   RO         7065    i.WM8978_Init       wm8978.o
    0x08004054   0x00000068   Code   RO         7066    i.WM8978_Input_Cfg  wm8978.o
    0x080040bc   0x00000038   Code   RO         7067    i.WM8978_LINEIN_Gain  wm8978.o
    0x080040f4   0x0000002a   Code   RO         7069    i.WM8978_Output_Cfg  wm8978.o
    0x0800411e   0x00000002   PAD
    0x08004120   0x00000010   Code   RO         7070    i.WM8978_Read_Reg   wm8978.o
    0x08004130   0x00000022   Code   RO         7071    i.WM8978_SPKvol_Set  wm8978.o
    0x08004152   0x00000002   PAD
    0x08004154   0x00000054   Code   RO         7072    i.WM8978_Write_Reg  wm8978.o
    0x080041a8   0x00000048   Code   RO         7185    i.WM_IIC_Init       wmiic.o
    0x080041f0   0x00000054   Code   RO         7188    i.WM_IIC_Start      wmiic.o
    0x08004244   0x0000004c   Code   RO         7189    i.WM_IIC_Stop       wmiic.o
    0x08004290   0x00000040   Code   RO         7190    i.WM_IIC_Wait_ACK   wmiic.o
    0x080042d0   0x00000070   Code   RO         7191    i.WM_IIC_WriteByte  wmiic.o
    0x08004340   0x00000020   Code   RO         7504    i.__0printf         mc_w.l(printfa.o)
    0x08004360   0x00000028   Code   RO         7506    i.__0sprintf        mc_w.l(printfa.o)
    0x08004388   0x0000000e   Code   RO         7623    i.__scatterload_copy  mc_w.l(handlers.o)
    0x08004396   0x00000002   Code   RO         7624    i.__scatterload_null  mc_w.l(handlers.o)
    0x08004398   0x0000000e   Code   RO         7625    i.__scatterload_zeroinit  mc_w.l(handlers.o)
    0x080043a6   0x00000002   PAD
    0x080043a8   0x00000164   Code   RO         7511    i._fp_digits        mc_w.l(printfa.o)
    0x0800450c   0x000006dc   Code   RO         7512    i._printf_core      mc_w.l(printfa.o)
    0x08004be8   0x00000024   Code   RO         7513    i._printf_post_padding  mc_w.l(printfa.o)
    0x08004c0c   0x0000002e   Code   RO         7514    i._printf_pre_padding  mc_w.l(printfa.o)
    0x08004c3a   0x0000000a   Code   RO         7516    i._sputc            mc_w.l(printfa.o)
    0x08004c44   0x000000e0   Code   RO         6346    i.check_fs          ff.o
    0x08004d24   0x00000038   Code   RO          586    i.crc16_modbus      crc_table.o
    0x08004d5c   0x00000014   Code   RO         6296    i.disk_initialize   diskio.o
    0x08004d70   0x00000024   Code   RO         6298    i.disk_read         diskio.o
    0x08004d94   0x0000000c   Code   RO         6299    i.disk_status       diskio.o
    0x08004da0   0x00000036   Code   RO         6300    i.disk_write        diskio.o
    0x08004dd6   0x00000002   PAD
    0x08004dd8   0x00000054   Code   RO         6366    i.f_mount           ff.o
    0x08004e2c   0x00000078   Code   RO         6377    i.find_volume       ff.o
    0x08004ea4   0x00000010   Code   RO          733    i.fputc             usart1.o
    0x08004eb4   0x00000024   Code   RO         1649    i.get_Value         modbus_slve.o
    0x08004ed8   0x0000004e   Code   RO         6382    i.get_ldnumber      ff.o
    0x08004f26   0x00000002   PAD
    0x08004f28   0x00000054   Code   RO         1148    i.lcd_Port_Init     lcd.o
    0x08004f7c   0x00000018   Code   RO         6384    i.ld_dword          ff.o
    0x08004f94   0x0000000c   Code   RO         6385    i.ld_word           ff.o
    0x08004fa0   0x00000220   Code   RO          150    i.main              main.o
    0x080051c0   0x00000048   Code   RO         1650    i.modbus_error      modbus_slve.o
    0x08005208   0x000001e4   Code   RO         1651    i.modbus_slave_analy  modbus_slve.o
    0x080053ec   0x000002a8   Code   RO         6386    i.mount_volume      ff.o
    0x08005694   0x00000034   Code   RO         6387    i.move_window       ff.o
    0x080056c8   0x0000004a   Code   RO         6398    i.sync_window       ff.o
    0x08005712   0x00000200   Data   RO          587    .constdata          crc_table.o
    0x08005912   0x0000006e   Data   RO         6831    .constdata          i2s.o
    0x08005980   0x00000020   Data   RO         7621    Region$$Table       anon$$obj.o


    Execution Region ER_RW (Base: 0x20000000, Size: 0x000000e0, Max: 0xffffffff, ABSOLUTE)

    Base Addr    Size         Type   Attr      Idx    E Section Name        Object

    0x20000000   0x00000001   Data   RW          151    .data               main.o
    0x20000001   0x00000003   PAD
    0x20000004   0x0000000c   Data   RW          422    .data               systick.o
    0x20000010   0x00000025   Data   RW          474    .data               rtc.o
    0x20000035   0x00000003   PAD
    0x20000038   0x00000008   Data   RW          960    .data               time6.o
    0x20000040   0x00000001   Data   RW         1352    .data               sd_driver.o
    0x20000041   0x00000003   Data   RW         1572    .data               music_ct.o
    0x20000044   0x00000010   Data   RW         4206    .data               stm32f4xx_rcc.o
    0x20000054   0x00000006   Data   RW         6402    .data               ff.o
    0x2000005a   0x00000002   PAD
    0x2000005c   0x00000004   Data   RW         6832    .data               i2s.o
    0x20000060   0x00000006   Data   RW         7009    .data               wavplay.o
    0x20000066   0x00000074   Data   RW         7073    .data               wm8978.o
    0x200000da   0x00000002   PAD
    0x200000dc   0x00000004   Data   RW         7580    .data               mc_w.l(stdout.o)


    Execution Region ER_ZI (Base: 0x200000e0, Size: 0x00001960, Max: 0xffffffff, ABSOLUTE)

    Base Addr    Size         Type   Attr      Idx    E Section Name        Object

    0x200000e0   0x00000402   Zero   RW          734    .bss                usart1.o
    0x200004e2   0x00000002   PAD
    0x200004e4   0x0000002c   Zero   RW         1249    .bss                touch.o
    0x20000510   0x0000000e   Zero   RW         1460    .bss                usart3spre.o
    0x2000051e   0x00000106   Zero   RW         1504    .bss                usart2wifi.o
    0x20000624   0x0000020e   Zero   RW         1602    .bss                rs485_modbus_master.o
    0x20000832   0x0000020e   Zero   RW         1652    .bss                modbus_slve.o
    0x20000a40   0x00001000   Zero   RW            1    STACK               startup_stm32f40xx.o



  Load Region LR$$.ARM.__AT_0x10000000 (Base: 0x10000000, Size: 0x00000000, Max: 0x0000f000, ABSOLUTE)

    Execution Region ER$$.ARM.__AT_0x10000000 (Base: 0x10000000, Size: 0x0000f000, Max: 0x0000f000, ABSOLUTE, UNINIT)

    Base Addr    Size         Type   Attr      Idx    E Section Name        Object

    0x10000000   0x0000f000   Zero   RW         6891    .ARM.__AT_0x10000000  mymalloc.o



  Load Region LR$$.ARM.__AT_0x1000F000 (Base: 0x1000f000, Size: 0x00000000, Max: 0x00000f00, ABSOLUTE)

    Execution Region ER$$.ARM.__AT_0x1000F000 (Base: 0x1000f000, Size: 0x00000f00, Max: 0x00000f00, ABSOLUTE, UNINIT)

    Base Addr    Size         Type   Attr      Idx    E Section Name        Object

    0x1000f000   0x00000f00   Zero   RW         6892    .ARM.__AT_0x1000F000  mymalloc.o



  Load Region LR$$.ARM.__AT_0x68000000 (Base: 0x68000000, Size: 0x00000000, Max: 0x000f0000, ABSOLUTE)

    Execution Region ER$$.ARM.__AT_0x68000000 (Base: 0x68000000, Size: 0x000f0000, Max: 0x000f0000, ABSOLUTE, UNINIT)

    Base Addr    Size         Type   Attr      Idx    E Section Name        Object

    0x68000000   0x000f0000   Zero   RW         6893    .ARM.__AT_0x68000000  mymalloc.o



  Load Region LR$$.ARM.__AT_0x680F0000 (Base: 0x680f0000, Size: 0x00000000, Max: 0x0000f000, ABSOLUTE)

    Execution Region ER$$.ARM.__AT_0x680F0000 (Base: 0x680f0000, Size: 0x0000f000, Max: 0x0000f000, ABSOLUTE, UNINIT)

    Base Addr    Size         Type   Attr      Idx    E Section Name        Object

    0x680f0000   0x0000f000   Zero   RW         6894    .ARM.__AT_0x680F0000  mymalloc.o


==============================================================================

Image component sizes


      Code (inc. data)   RO Data    RW Data    ZI Data      Debug   Object Name

       176          8          0          0          0        656   adc1.o
       104         10          0          0          0        969   beep.o
       228         10          0          0          0        901   can.o
        56          8        512          0          0       1119   crc_table.o
       444          0          0          0          0       1989   delay.o
       122          0          0          0          0       2973   diskio.o
       132          8          0          0          0        933   dma.o
      1348         40          0          6          0      22762   ff.o
       468         42        110          4          0       3341   i2s.o
        92          6          0          0          0        519   iic.o
        76          8          0          0          0        511   key.o
       828         46          0          0          0       4813   lcd.o
        68          4          0          0          0        507   led.o
       544        130          0          1          0     257830   main.o
       180         24          0          0          0       2145   misc.o
      1036        192          0          0        526       4508   modbus_slve.o
       148          8          0          0          0        704   motor.o
         0          0          0          3          0        320   music_ct.o
         0          0          0          0    1109760       1698   mymalloc.o
       892        118          0          0        526       4499   rs485_modbus_master.o
       226         62          0         37          0       2551   rtc.o
      1216         40          0          1          0       9311   sd_driver.o
       136          4          0          0          0        715   servo_motor.o
       236         20          0          0          0       1173   spi1.o
        36          8        392          0       4096        836   startup_stm32f40xx.o
        60          6          0          0          0        521   sterilize.o
       414         24          0          0          0       6204   stm32f4xx_adc.o
       540          6          0          0          0       2460   stm32f4xx_can.o
       730         58          0          0          0       7113   stm32f4xx_dma.o
        12          6          0          0          0        553   stm32f4xx_exti.o
       240          0          0          0          0       3599   stm32f4xx_gpio.o
       388         52          0         16          0       6375   stm32f4xx_rcc.o
       274         26          0          0          0       4162   stm32f4xx_rtc.o
       562         12          0          0          0       5688   stm32f4xx_spi.o
       586         48          0          0          0       7041   stm32f4xx_tim.o
       468          8          0          0          0       6247   stm32f4xx_usart.o
       340         32          0          0          0      89509   system_stm32f4xx.o
       972        104          0         12          0      28806   systick.o
       236         52          0          0          0       1076   tim7_7ms.o
       156         20          0          8          0       1330   time6.o
       880         88          0          0         44       7473   touch.o
       332         24          0          0       1026       2809   usart1.o
       226         32          0          0        262       2191   usart2wifi.o
       328         40          0          0         14       1803   usart3spre.o
        60          6          0          0          0        514   w25q64.o
         0          0          0          6          0       1752   wavplay.o
       788         20          0        116          0       7347   wm8978.o
       408         60          0          0          0       2636   wmiic.o
       290         12          0          0          0       2240   ws2812s.o

    ----------------------------------------------------------------------
     18130       1532       1046        220    1116256     527732   Object Totals
         0          0         32          0          0          0   (incl. Generated)
        48          0          0         10          2          0   (incl. Padding)

    ----------------------------------------------------------------------

      Code (inc. data)   RO Data    RW Data    ZI Data      Debug   Library Member Name

         0          0          0          0          0          0   entry.o
         0          0          0          0          0          0   entry10a.o
         0          0          0          0          0          0   entry11a.o
         8          4          0          0          0          0   entry2.o
         4          0          0          0          0          0   entry5.o
         0          0          0          0          0          0   entry7b.o
         0          0          0          0          0          0   entry8b.o
         8          4          0          0          0          0   entry9a.o
        30          0          0          0          0          0   handlers.o
        36          8          0          0          0         68   init.o
         0          0          0          0          0          0   iusefp.o
        30          0          0          0          0         68   llshl.o
        36          0          0          0          0         68   llsshr.o
        32          0          0          0          0         68   llushr.o
        26          0          0          0          0         80   memcmp.o
        36          0          0          0          0        108   memseta.o
      2276         96          0          0          0        596   printfa.o
         0          0          0          4          0          0   stdout.o
        36          0          0          0          0         80   strstr.o
        44          0          0          0          0         80   uidiv.o
        98          0          0          0          0         92   uldiv.o
        48          0          0          0          0         68   cdrcmple.o
       334          0          0          0          0        148   dadd.o
       222          0          0          0          0        100   ddiv.o
       186          0          0          0          0        176   depilogue.o
        48          0          0          0          0         68   dfixul.o
       228          0          0          0          0         96   dmul.o

    ----------------------------------------------------------------------
      3768        112          0          4          0       1964   Library Totals
         2          0          0          0          0          0   (incl. Padding)

    ----------------------------------------------------------------------

      Code (inc. data)   RO Data    RW Data    ZI Data      Debug   Library Name

      2700        112          0          4          0       1308   mc_w.l
      1066          0          0          0          0        656   mf_w.l

    ----------------------------------------------------------------------
      3768        112          0          4          0       1964   Library Totals

    ----------------------------------------------------------------------

==============================================================================


      Code (inc. data)   RO Data    RW Data    ZI Data      Debug   

     21898       1644       1046        224    1116256     510960   Grand Totals
     21898       1644       1046        224    1116256     510960   ELF Image Totals
     21898       1644       1046        224          0          0   ROM Totals

==============================================================================

    Total RO  Size (Code + RO Data)                22944 (  22.41kB)
    Total RW  Size (RW Data + ZI Data)           1116480 (1090.31kB)
    Total ROM Size (Code + RO Data + RW Data)      23168 (  22.63kB)

==============================================================================

